Component: Arm Compiler for Embedded 6.24 Tool: armlink [5f371500]

==============================================================================

Section Cross References

    circular_queue.o(.text.Queue_Init) refers to memseta.o(.text) for __aeabi_memclr
    circular_queue.o(.ARM.exidx.text.Queue_Init) refers to circular_queue.o(.text.Queue_Init) for [Anonymous Symbol]
    circular_queue.o(.ARM.exidx.text.Queue_isEmpty) refers to circular_queue.o(.text.Queue_isEmpty) for [Anonymous Symbol]
    circular_queue.o(.ARM.exidx.text.Queue_isFull) refers to circular_queue.o(.text.Queue_isFull) for [Anonymous Symbol]
    circular_queue.o(.ARM.exidx.text.Queue_HadUse) refers to circular_queue.o(.text.Queue_HadUse) for [Anonymous Symbol]
    circular_queue.o(.ARM.exidx.text.Queue_NoUse) refers to circular_queue.o(.text.Queue_NoUse) for [Anonymous Symbol]
    circular_queue.o(.ARM.exidx.text.Queue_Wirte) refers to circular_queue.o(.text.Queue_Wirte) for [Anonymous Symbol]
    circular_queue.o(.ARM.exidx.text.Queue_Read) refers to circular_queue.o(.text.Queue_Read) for [Anonymous Symbol]
    FSP_UART.o(.text.FSP_UART_Init) refers to hal_data.o(.bss.UART_7_ctrl) for UART_7_ctrl
    FSP_UART.o(.text.FSP_UART_Init) refers to hal_data.o(.rodata.UART_7_cfg) for UART_7_cfg
    FSP_UART.o(.text.FSP_UART_Init) refers to r_sci_uart.o(.text.R_SCI_UART_Open) for R_SCI_UART_Open
    FSP_UART.o(.text.FSP_UART_Init) refers to bsp_common.o(.text.__aeabi_assert) for __aeabi_assert
    FSP_UART.o(.ARM.exidx.text.FSP_UART_Init) refers to FSP_UART.o(.text.FSP_UART_Init) for [Anonymous Symbol]
    FSP_UART.o(.text.UART7_Int_Callback) refers to circular_queue.o(.bss.Circular_queue) for Circular_queue
    FSP_UART.o(.text.UART7_Int_Callback) refers to circular_queue.o(.text.Queue_Wirte) for Queue_Wirte
    FSP_UART.o(.text.UART7_Int_Callback) refers to FSP_UART.o(.bss.Uart_Send_Seccuse_Ack) for Uart_Send_Seccuse_Ack
    FSP_UART.o(.ARM.exidx.text.UART7_Int_Callback) refers to FSP_UART.o(.text.UART7_Int_Callback) for [Anonymous Symbol]
    FSP_UART.o(.text.BSP_WIFI_Recive_Printf) refers to BSP_WIFI.o(.data.TX_PRINTF_FLAG) for TX_PRINTF_FLAG
    FSP_UART.o(.text.BSP_WIFI_Recive_Printf) refers to circular_queue.o(.bss.WIFI_Circular_queue) for WIFI_Circular_queue
    FSP_UART.o(.text.BSP_WIFI_Recive_Printf) refers to circular_queue.o(.text.Queue_isEmpty) for Queue_isEmpty
    FSP_UART.o(.text.BSP_WIFI_Recive_Printf) refers to puts.o(i.puts) for puts
    FSP_UART.o(.text.BSP_WIFI_Recive_Printf) refers to circular_queue.o(.text.Queue_HadUse) for Queue_HadUse
    FSP_UART.o(.text.BSP_WIFI_Recive_Printf) refers to FSP_UART.o(.bss.WIFI_Read_Buffer) for WIFI_Read_Buffer
    FSP_UART.o(.text.BSP_WIFI_Recive_Printf) refers to memseta.o(.text) for __aeabi_memclr4
    FSP_UART.o(.text.BSP_WIFI_Recive_Printf) refers to circular_queue.o(.text.Queue_Read) for Queue_Read
    FSP_UART.o(.text.BSP_WIFI_Recive_Printf) refers to printf8.o(i.__0printf$8) for __2printf
    FSP_UART.o(.ARM.exidx.text.BSP_WIFI_Recive_Printf) refers to FSP_UART.o(.text.BSP_WIFI_Recive_Printf) for [Anonymous Symbol]
    FSP_UART.o(.text.fputc) refers to BSP_WIFI.o(.data.TX_PRINTF_FLAG) for TX_PRINTF_FLAG
    FSP_UART.o(.text.fputc) refers to hal_data.o(.bss.UART_7_ctrl) for UART_7_ctrl
    FSP_UART.o(.text.fputc) refers to r_sci_uart.o(.text.R_SCI_UART_Write) for R_SCI_UART_Write
    FSP_UART.o(.text.fputc) refers to FSP_UART.o(.bss.Uart_Send_Seccuse_Ack) for Uart_Send_Seccuse_Ack
    FSP_UART.o(.text.fputc) refers to hal_data.o(.bss.BSP_UART6_WIFI_ctrl) for BSP_UART6_WIFI_ctrl
    FSP_UART.o(.text.fputc) refers to BSP_WIFI.o(.bss.Uart6_Send_Seccuse_Ack) for Uart6_Send_Seccuse_Ack
    FSP_UART.o(.ARM.exidx.text.fputc) refers to FSP_UART.o(.text.fputc) for [Anonymous Symbol]
    BSP_IIC_EEPROM.o(.text.BSP_I2C_EEPROM_Init) refers to hal_data.o(.bss.BSP_EEPROM_SCI_IIC_ctrl) for BSP_EEPROM_SCI_IIC_ctrl
    BSP_IIC_EEPROM.o(.text.BSP_I2C_EEPROM_Init) refers to hal_data.o(.rodata.BSP_EEPROM_SCI_IIC_cfg) for BSP_EEPROM_SCI_IIC_cfg
    BSP_IIC_EEPROM.o(.text.BSP_I2C_EEPROM_Init) refers to r_sci_i2c.o(.text.R_SCI_I2C_Open) for R_SCI_I2C_Open
    BSP_IIC_EEPROM.o(.text.BSP_I2C_EEPROM_Init) refers to bsp_delay.o(.text.R_BSP_SoftwareDelay) for R_BSP_SoftwareDelay
    BSP_IIC_EEPROM.o(.ARM.exidx.text.BSP_I2C_EEPROM_Init) refers to BSP_IIC_EEPROM.o(.text.BSP_I2C_EEPROM_Init) for [Anonymous Symbol]
    BSP_IIC_EEPROM.o(.text.bsp_sci_i2c_master_callback) refers to BSP_IIC_EEPROM.o(.bss.BSP_I2C_EEPROM_TX_FLAG_Callback_Event) for BSP_I2C_EEPROM_TX_FLAG_Callback_Event
    BSP_IIC_EEPROM.o(.ARM.exidx.text.bsp_sci_i2c_master_callback) refers to BSP_IIC_EEPROM.o(.text.bsp_sci_i2c_master_callback) for [Anonymous Symbol]
    BSP_IIC_EEPROM.o(.text.BSP_I2C_EEPROM_ByteWrite) refers to hal_data.o(.bss.BSP_EEPROM_SCI_IIC_ctrl) for BSP_EEPROM_SCI_IIC_ctrl
    BSP_IIC_EEPROM.o(.text.BSP_I2C_EEPROM_ByteWrite) refers to r_sci_i2c.o(.text.R_SCI_I2C_Write) for R_SCI_I2C_Write
[...]
    depilogue.o(.text) refers (Special) to iusefp.o(.text) for __I$use$fp
    depilogue.o(.text) refers to llshl.o(.text) for __aeabi_llsl
    depilogue.o(.text) refers to llushr.o(.text) for __aeabi_llsr


==============================================================================

Removing Unused input sections from the image.

    Removing circular_queue.o(.text), (0 bytes).
    Removing circular_queue.o(.ARM.exidx.text.Queue_Init), (8 bytes).
    Removing circular_queue.o(.ARM.exidx.text.Queue_isEmpty), (8 bytes).
    Removing circular_queue.o(.text.Queue_isFull), (44 bytes).
    Removing circular_queue.o(.ARM.exidx.text.Queue_isFull), (8 bytes).
    Removing circular_queue.o(.ARM.exidx.text.Queue_HadUse), (8 bytes).
    Removing circular_queue.o(.text.Queue_NoUse), (54 bytes).
    Removing circular_queue.o(.ARM.exidx.text.Queue_NoUse), (8 bytes).
    Removing circular_queue.o(.ARM.exidx.text.Queue_Wirte), (8 bytes).
    Removing circular_queue.o(.ARM.exidx.text.Queue_Read), (8 bytes).
    Removing FSP_UART.o(.text), (0 bytes).
    Removing FSP_UART.o(.ARM.exidx.text.FSP_UART_Init), (8 bytes).
    Removing FSP_UART.o(.ARM.exidx.text.UART7_Int_Callback), (8 bytes).
    Removing FSP_UART.o(.ARM.exidx.text.BSP_WIFI_Recive_Printf), (8 bytes).
    Removing FSP_UART.o(.ARM.exidx.text.fputc), (8 bytes).
    Removing BSP_IIC_EEPROM.o(.text), (0 bytes).
    Removing BSP_IIC_EEPROM.o(.ARM.exidx.text.BSP_I2C_EEPROM_Init), (8 bytes).
    Removing BSP_IIC_EEPROM.o(.ARM.exidx.text.bsp_sci_i2c_master_callback), (8 bytes).
    Removing BSP_IIC_EEPROM.o(.text.BSP_I2C_EEPROM_ByteWrite), (96 bytes).
    Removing BSP_IIC_EEPROM.o(.ARM.exidx.text.BSP_I2C_EEPROM_ByteWrite), (8 bytes).
    Removing BSP_IIC_EEPROM.o(.text.BSP_I2C_WaitState), (40 bytes).
    Removing BSP_IIC_EEPROM.o(.ARM.exidx.text.BSP_I2C_WaitState), (8 bytes).
    Removing BSP_IIC_EEPROM.o(.text.BSP_I2C_EEPROM_PageWrite), (130 bytes).
    Removing BSP_IIC_EEPROM.o(.ARM.exidx.text.BSP_I2C_EEPROM_PageWrite), (8 bytes).
    Removing BSP_IIC_EEPROM.o(.text.BSP_I2C_EEPROM_BufferWrite), (402 bytes).
    Removing BSP_IIC_EEPROM.o(.ARM.exidx.text.BSP_I2C_EEPROM_BufferWrite), (8 bytes).
    Removing BSP_IIC_EEPROM.o(.text.BSP_EEPROM_BufferRead), (134 bytes).
    Removing BSP_IIC_EEPROM.o(.ARM.exidx.text.BSP_EEPROM_BufferRead), (8 bytes).
    Removing BSP_IIC_EEPROM.o(.text.test), (164 bytes).
    Removing BSP_IIC_EEPROM.o(.ARM.exidx.text.test), (8 bytes).
    Removing BSP_IIC_EEPROM.o(.data.TimeOut), (4 bytes).
    Removing BSP_IIC_EEPROM.o(.rodata.str1.1), (8 bytes).
    Removing BSP_BQ76920_I2C.o(.text), (0 bytes).
    Removing BSP_BQ76920_I2C.o(.text.BSP_BQ76920_Init), (36 bytes).
    Removing BSP_BQ76920_I2C.o(.ARM.exidx.text.BSP_BQ76920_Init), (8 bytes).
    Removing BSP_BQ76920_I2C.o(.text.BSP_BQ76920_SCI_IIC_Callback), (20 bytes).
    Removing BSP_BQ76920_I2C.o(.ARM.exidx.text.BSP_BQ76920_SCI_IIC_Callback), (8 bytes).
    Removing BSP_BQ76920_I2C.o(.text.BSP_I2C_BQ76920_ByteWrite), (96 bytes).
    Removing BSP_BQ76920_I2C.o(.ARM.exidx.text.BSP_I2C_BQ76920_ByteWrite), (8 bytes).
    Removing BSP_BQ76920_I2C.o(.text.BSP_BQ76920_BufferRead), (154 bytes).
    Removing BSP_BQ76920_I2C.o(.ARM.exidx.text.BSP_BQ76920_BufferRead), (8 bytes).
    Removing BSP_BQ76920_I2C.o(.text.bq76920_read_registers), (162 bytes).
    Removing BSP_BQ76920_I2C.o(.ARM.exidx.text.bq76920_read_registers), (8 bytes).
    Removing BSP_BQ76920_I2C.o(.data.BQ_TimeOut), (4 bytes).
    Removing BSP_BQ76920_I2C.o(.bss.BSP_I2C_BQ76920_TX_FLAG_Callback_Event), (4 bytes).
    Removing BSP_WIFI.o(.text), (0 bytes).
    Removing BSP_WIFI.o(.ARM.exidx.text.BSP_UART6_WIFI_Init), (8 bytes).
    Removing BSP_WIFI.o(.ARM.exidx.text.BSP_UART6_WIFI_Callback), (8 bytes).
    Removing hal_entry.o(.text), (0 bytes).
    Removing hal_entry.o(.ARM.exidx.text.hal_entry), (8 bytes).
    Removing hal_entry.o(.ARM.exidx.text.R_BSP_WarmStart), (8 bytes).
    Removing startup.o(.text), (0 bytes).
    Removing startup.o(.ARM.exidx.text.Reset_Handler), (8 bytes).
    Removing startup.o(.ARM.exidx.text.Default_Handler), (8 bytes).
    Removing system.o(.text), (0 bytes).
    Removing system.o(.ARM.exidx.text.SystemInit), (8 bytes).
    Removing system.o(.text.R_BSP_WarmStart), (2 bytes).
    Removing system.o(.ARM.exidx.text.R_BSP_WarmStart), (8 bytes).
    Removing bsp_clocks.o(.text), (0 bytes).
    Removing bsp_clocks.o(.text.bsp_prv_operating_mode_set), (74 bytes).
    Removing bsp_clocks.o(.ARM.exidx.text.bsp_prv_operating_mode_set), (8 bytes).
    Removing bsp_clocks.o(.text.bsp_prv_prepare_pll), (12 bytes).
    Removing bsp_clocks.o(.ARM.exidx.text.bsp_prv_prepare_pll), (8 bytes).
    Removing bsp_clocks.o(.ARM.exidx.text.SystemCoreClockUpdate), (8 bytes).
    Removing bsp_clocks.o(.text.prv_clock_dividers_set), (12 bytes).
    Removing bsp_clocks.o(.ARM.exidx.text.prv_clock_dividers_set), (8 bytes).
    Removing bsp_clocks.o(.text.bsp_prv_clock_set), (202 bytes).
    Removing bsp_clocks.o(.ARM.exidx.text.bsp_prv_clock_set), (8 bytes).
    Removing bsp_clocks.o(.ARM.exidx.text.bsp_clock_init), (8 bytes).
    Removing bsp_clocks.o(.text.R_BSP_SubClockStabilizeWait), (8 bytes).
    Removing bsp_clocks.o(.ARM.exidx.text.R_BSP_SubClockStabilizeWait), (8 bytes).
    Removing bsp_clocks.o(.text.R_BSP_OctaclkUpdate), (78 bytes).
    Removing bsp_clocks.o(.ARM.exidx.text.R_BSP_OctaclkUpdate), (8 bytes).
    Removing bsp_clocks.o(.text.R_BSP_SourceClockHzGet), (14 bytes).
    Removing bsp_clocks.o(.ARM.exidx.text.R_BSP_SourceClockHzGet), (8 bytes).
    Removing bsp_clocks.o(.ARM.exidx.text.R_BSP_Init_RTC), (8 bytes).
    Removing bsp_common.o(.text), (0 bytes).
    Removing bsp_common.o(.ARM.exidx.text.bsp_init_internal), (8 bytes).
    Removing bsp_common.o(.text.R_FSP_VersionGet), (14 bytes).
    Removing bsp_common.o(.ARM.exidx.text.R_FSP_VersionGet), (8 bytes).
    Removing bsp_common.o(.ARM.exidx.text.__aeabi_assert), (8 bytes).
    Removing bsp_delay.o(.text), (0 bytes).
    Removing bsp_delay.o(.ARM.exidx.text.R_BSP_SoftwareDelay), (8 bytes).
    Removing bsp_delay.o(.ARM.exidx.text.bsp_prv_software_delay_loop), (8 bytes).
    Removing bsp_group_irq.o(.text), (0 bytes).
    Removing bsp_group_irq.o(.text.R_BSP_GroupIrqWrite), (18 bytes).
    Removing bsp_group_irq.o(.ARM.exidx.text.R_BSP_GroupIrqWrite), (8 bytes).
    Removing bsp_group_irq.o(.ARM.exidx.text.NMI_Handler), (8 bytes).
    Removing bsp_guard.o(.text), (0 bytes).
    Removing bsp_io.o(.text), (0 bytes).
    Removing bsp_irq.o(.text), (0 bytes).
    Removing bsp_irq.o(.ARM.exidx.text.bsp_irq_cfg), (8 bytes).
    Removing bsp_irq.o(.rodata.g_interrupt_event_link_select), (384 bytes).
    Removing bsp_register_protection.o(.text), (0 bytes).
    Removing bsp_register_protection.o(.ARM.exidx.text.R_BSP_RegisterProtectEnable), (8 bytes).
    Removing bsp_register_protection.o(.ARM.exidx.text.R_BSP_RegisterProtectDisable), (8 bytes).
    Removing bsp_rom_registers.o(.text), (0 bytes).
    Removing bsp_sbrk.o(.text), (0 bytes).
    Removing bsp_security.o(.text), (0 bytes).
    Removing bsp_security.o(.rodata.gp_start_of_nonsecure_flash), (4 bytes).
    Removing bsp_security.o(.rodata.gp_start_of_nonsecure_callable_flash), (4 bytes).
    Removing bsp_security.o(.rodata.gp_start_of_secure_flash), (4 bytes).
    Removing bsp_security.o(.rodata.gp_start_of_nonsecure_ram), (4 bytes).
    Removing bsp_security.o(.rodata.gp_start_of_nonsecure_callable_ram), (4 bytes).
    Removing bsp_security.o(.rodata.gp_start_of_secure_ram), (4 bytes).
    Removing bsp_security.o(.rodata.gp_start_of_nonsecure_data_flash), (4 bytes).
    Removing bsp_security.o(.rodata.gp_start_of_secure_data_flash), (4 bytes).
    Removing r_ioport.o(.text), (0 bytes).
    Removing r_ioport.o(.ARM.exidx.text.R_IOPORT_Open), (8 bytes).
    Removing r_ioport.o(.ARM.exidx.text.R_IOPORT_Close), (8 bytes).
    Removing r_ioport.o(.ARM.exidx.text.R_IOPORT_PinsCfg), (8 bytes).
    Removing r_ioport.o(.ARM.exidx.text.R_IOPORT_PinCfg), (8 bytes).
    Removing r_ioport.o(.ARM.exidx.text.R_IOPORT_PinEventInputRead), (8 bytes).
    Removing r_ioport.o(.ARM.exidx.text.R_IOPORT_PinEventOutputWrite), (8 bytes).
    Removing r_ioport.o(.ARM.exidx.text.R_IOPORT_PinRead), (8 bytes).
    Removing r_ioport.o(.ARM.exidx.text.R_IOPORT_PinWrite), (8 bytes).
    Removing r_ioport.o(.ARM.exidx.text.R_IOPORT_PortDirectionSet), (8 bytes).
    Removing r_ioport.o(.ARM.exidx.text.R_IOPORT_PortEventInputRead), (8 bytes).
    Removing r_ioport.o(.ARM.exidx.text.R_IOPORT_PortEventOutputWrite), (8 bytes).
    Removing r_ioport.o(.ARM.exidx.text.R_IOPORT_PortRead), (8 bytes).
    Removing r_ioport.o(.ARM.exidx.text.R_IOPORT_PortWrite), (8 bytes).
    Removing r_ioport.o(.ARM.exidx.text.r_ioport_pins_config), (8 bytes).
    Removing r_ioport.o(.ARM.exidx.text.bsp_vbatt_init), (8 bytes).
    Removing r_sci_i2c.o(.text), (0 bytes).
    Removing r_sci_i2c.o(.ARM.exidx.text.R_SCI_I2C_Open), (8 bytes).
    Removing r_sci_i2c.o(.text.R_SCI_I2C_Read), (150 bytes).
    Removing r_sci_i2c.o(.ARM.exidx.text.R_SCI_I2C_Read), (8 bytes).
    Removing r_sci_i2c.o(.text.R_SCI_I2C_Write), (148 bytes).
    Removing r_sci_i2c.o(.ARM.exidx.text.R_SCI_I2C_Write), (8 bytes).
    Removing r_sci_i2c.o(.text.R_SCI_I2C_Abort), (40 bytes).
    Removing r_sci_i2c.o(.ARM.exidx.text.R_SCI_I2C_Abort), (8 bytes).
    Removing r_sci_i2c.o(.text.R_SCI_I2C_SlaveAddressSet), (10 bytes).
    Removing r_sci_i2c.o(.ARM.exidx.text.R_SCI_I2C_SlaveAddressSet), (8 bytes).
    Removing r_sci_i2c.o(.text.R_SCI_I2C_CallbackSet), (14 bytes).
    Removing r_sci_i2c.o(.ARM.exidx.text.R_SCI_I2C_CallbackSet), (8 bytes).
    Removing r_sci_i2c.o(.text.R_SCI_I2C_StatusGet), (24 bytes).
    Removing r_sci_i2c.o(.ARM.exidx.text.R_SCI_I2C_StatusGet), (8 bytes).
    Removing r_sci_i2c.o(.text.R_SCI_I2C_Close), (86 bytes).
    Removing r_sci_i2c.o(.ARM.exidx.text.R_SCI_I2C_Close), (8 bytes).
    Removing r_sci_i2c.o(.text.sci_i2c_notify), (50 bytes).
    Removing r_sci_i2c.o(.ARM.exidx.text.sci_i2c_notify), (8 bytes).
    Removing r_sci_i2c.o(.ARM.exidx.text.sci_i2c_txi_isr), (8 bytes).
    Removing r_sci_i2c.o(.ARM.exidx.text.sci_i2c_tei_isr), (8 bytes).
    Removing r_sci_i2c.o(.rodata.g_i2c_master_on_sci), (32 bytes).
    Removing r_sci_uart.o(.text), (0 bytes).
    Removing r_sci_uart.o(.ARM.exidx.text.R_SCI_UART_Open), (8 bytes).
    Removing r_sci_uart.o(.text.R_SCI_UART_Read), (10 bytes).
    Removing r_sci_uart.o(.ARM.exidx.text.R_SCI_UART_Read), (8 bytes).
    Removing r_sci_uart.o(.ARM.exidx.text.R_SCI_UART_Write), (8 bytes).
    Removing r_sci_uart.o(.text.R_SCI_UART_BaudSet), (80 bytes).
    Removing r_sci_uart.o(.ARM.exidx.text.R_SCI_UART_BaudSet), (8 bytes).
    Removing r_sci_uart.o(.text.R_SCI_UART_InfoGet), (12 bytes).
    Removing r_sci_uart.o(.ARM.exidx.text.R_SCI_UART_InfoGet), (8 bytes).
    Removing r_sci_uart.o(.text.R_SCI_UART_Abort), (34 bytes).
    Removing r_sci_uart.o(.ARM.exidx.text.R_SCI_UART_Abort), (8 bytes).
    Removing r_sci_uart.o(.text.R_SCI_UART_CallbackSet), (14 bytes).
    Removing r_sci_uart.o(.ARM.exidx.text.R_SCI_UART_CallbackSet), (8 bytes).
    Removing r_sci_uart.o(.text.R_SCI_UART_Close), (166 bytes).
    Removing r_sci_uart.o(.ARM.exidx.text.R_SCI_UART_Close), (8 bytes).
    Removing r_sci_uart.o(.text.R_SCI_UART_ReadStop), (14 bytes).
    Removing r_sci_uart.o(.ARM.exidx.text.R_SCI_UART_ReadStop), (8 bytes).
    Removing r_sci_uart.o(.text.R_SCI_UART_BaudCalculate), (390 bytes).
    Removing r_sci_uart.o(.ARM.exidx.text.R_SCI_UART_BaudCalculate), (8 bytes).
    Removing r_sci_uart.o(.ARM.exidx.text.sci_uart_txi_isr), (8 bytes).
    Removing r_sci_uart.o(.ARM.exidx.text.sci_uart_rxi_isr), (8 bytes).
    Removing r_sci_uart.o(.ARM.exidx.text.sci_uart_tei_isr), (8 bytes).
    Removing r_sci_uart.o(.ARM.exidx.text.sci_uart_eri_isr), (8 bytes).
    Removing r_sci_uart.o(.rodata.g_uart_on_sci), (36 bytes).
    Removing r_sci_uart.o(.rodata.g_async_baud), (13 bytes).
    Removing r_sci_uart.o(.rodata.g_div_coefficient), (26 bytes).
    Removing common_data.o(.text), (0 bytes).
    Removing common_data.o(.text.g_common_init), (2 bytes).
    Removing common_data.o(.ARM.exidx.text.g_common_init), (8 bytes).
    Removing hal_data.o(.text), (0 bytes).
    Removing hal_data.o(.text.g_hal_init), (4 bytes).
    Removing hal_data.o(.ARM.exidx.text.g_hal_init), (8 bytes).
    Removing hal_data.o(.rodata.BSP_UART6_WIFI), (12 bytes).
    Removing hal_data.o(.rodata.BSP_BQ76920_SCI_IIC_cfg_extend), (6 bytes).
    Removing hal_data.o(.rodata.BSP_BQ76920_SCI_IIC_cfg), (56 bytes).
    Removing hal_data.o(.bss.BSP_BQ76920_SCI_IIC_ctrl), (72 bytes).
    Removing hal_data.o(.rodata.BSP_BQ76920_SCI_IIC), (12 bytes).
    Removing hal_data.o(.rodata.BSP_EEPROM_SCI_IIC), (12 bytes).
    Removing hal_data.o(.rodata.UART_7), (12 bytes).
    Removing main.o(.text), (0 bytes).
    Removing main.o(.ARM.exidx.text.main), (8 bytes).
    Removing main.o(.ARM.use_no_argv), (4 bytes).
    Removing pin_data.o(.text), (0 bytes).
    Removing vector_data.o(.text), (0 bytes).
    Removing dadd.o(.text), (334 bytes).
    Removing dmul.o(.text), (228 bytes).
    Removing ddiv.o(.text), (222 bytes).
    Removing dfixul.o(.text), (48 bytes).
    Removing cdrcmple.o(.text), (48 bytes).
    Removing depilogue.o(.text), (186 bytes).

194 unused section(s) (total 5769 bytes) removed from the image.

==============================================================================

Image Symbol Table

    Local Symbols

    Symbol Name                              Value     Ov Type        Size  Object(Section)

    ../clib/division.s                       0x00000000   Number         0  aeabi_sdiv.o ABSOLUTE
    ../clib/microlib/division.c              0x00000000   Number         0  ldiv.o ABSOLUTE
    ../clib/microlib/division.c              0x00000000   Number         0  uidiv.o ABSOLUTE
    ../clib/microlib/division.c              0x00000000   Number         0  uldiv.o ABSOLUTE
    ../clib/microlib/longlong.c              0x00000000   Number         0  llshl.o ABSOLUTE
    ../clib/microlib/longlong.c              0x00000000   Number         0  llushr.o ABSOLUTE
    ../clib/microlib/longlong.c              0x00000000   Number         0  llsshr.o ABSOLUTE
    ../clib/microlib/printf/printf.c         0x00000000   Number         0  printfb.o ABSOLUTE
    ../clib/microlib/printf/printf.c         0x00000000   Number         0  printf0.o ABSOLUTE
    ../clib/microlib/printf/printf.c         0x00000000   Number         0  printf1.o ABSOLUTE
    ../clib/microlib/printf/printf.c         0x00000000   Number         0  printf2.o ABSOLUTE
    ../clib/microlib/printf/printf.c         0x00000000   Number         0  printf3.o ABSOLUTE
    ../clib/microlib/printf/printf.c         0x00000000   Number         0  printf4.o ABSOLUTE
    ../clib/microlib/printf/printf.c         0x00000000   Number         0  printf5.o ABSOLUTE
    ../clib/microlib/printf/printf.c         0x00000000   Number         0  printf6.o ABSOLUTE
    ../clib/microlib/printf/printf.c         0x00000000   Number         0  printf7.o ABSOLUTE
    ../clib/microlib/printf/printf.c         0x00000000   Number         0  printf8.o ABSOLUTE
    ../clib/microlib/printf/printf.c         0x00000000   Number         0  printfa.o ABSOLUTE
    ../clib/microlib/printf/stubs.s          0x00000000   Number         0  printfstubs.o ABSOLUTE
    ../clib/microlib/stdio/putchar.c         0x00000000   Number         0  putchar.o ABSOLUTE
    ../clib/microlib/stdio/puts.c            0x00000000   Number         0  puts.o ABSOLUTE
    ../clib/microlib/stdio/puts.c            0x00000000   Number         0  puts_e.o ABSOLUTE
    ../clib/microlib/stdio/streams.c         0x00000000   Number         0  stdout.o ABSOLUTE
    ../clib/microlib/string/memcpy.c         0x00000000   Number         0  memcpya.o ABSOLUTE
    ../clib/microlib/string/memcpy.c         0x00000000   Number         0  memcpyb.o ABSOLUTE
    ../clib/microlib/string/memset.c         0x00000000   Number         0  memseta.o ABSOLUTE
    ../clib/microlib/stubs.s                 0x00000000   Number         0  iusefp.o ABSOLUTE
    ../fplib/microlib/fpadd.c                0x00000000   Number         0  dadd.o ABSOLUTE
    ../fplib/microlib/fpdiv.c                0x00000000   Number         0  ddiv.o ABSOLUTE
    ../fplib/microlib/fpepilogue.c           0x00000000   Number         0  depilogue.o ABSOLUTE
    ../fplib/microlib/fpfix.c                0x00000000   Number         0  dfixul.o ABSOLUTE
    ../fplib/microlib/fpmul.c                0x00000000   Number         0  dmul.o ABSOLUTE
    BSP_BQ76920_I2C.c                        0x00000000   Number         0  BSP_BQ76920_I2C.o ABSOLUTE
    BSP_IIC_EEPROM.c                         0x00000000   Number         0  BSP_IIC_EEPROM.o ABSOLUTE
    BSP_WIFI.c                               0x00000000   Number         0  BSP_WIFI.o ABSOLUTE
    FSP_UART.c                               0x00000000   Number         0  FSP_UART.o ABSOLUTE
    __tagsym$$used.1                         0x00000000   Number         0  startup.o(.fixed_vectors)
    bsp_clocks.c                             0x00000000   Number         0  bsp_clocks.o ABSOLUTE
    bsp_common.c                             0x00000000   Number         0  bsp_common.o ABSOLUTE
    bsp_delay.c                              0x00000000   Number         0  bsp_delay.o ABSOLUTE
    bsp_group_irq.c                          0x00000000   Number         0  bsp_group_irq.o ABSOLUTE
    bsp_guard.c                              0x00000000   Number         0  bsp_guard.o ABSOLUTE
    bsp_io.c                                 0x00000000   Number         0  bsp_io.o ABSOLUTE
    bsp_irq.c                                0x00000000   Number         0  bsp_irq.o ABSOLUTE
    bsp_register_protection.c                0x00000000   Number         0  bsp_register_protection.o ABSOLUTE
    bsp_rom_registers.c                      0x00000000   Number         0  bsp_rom_registers.o ABSOLUTE
    bsp_sbrk.c                               0x00000000   Number         0  bsp_sbrk.o ABSOLUTE
    bsp_security.c                           0x00000000   Number         0  bsp_security.o ABSOLUTE
    cdrcmple.s                               0x00000000   Number         0  cdrcmple.o ABSOLUTE
    circular_queue.c                         0x00000000   Number         0  circular_queue.o ABSOLUTE
    common_data.c                            0x00000000   Number         0  common_data.o ABSOLUTE
    dc.s                                     0x00000000   Number         0  dc.o ABSOLUTE
    hal_data.c                               0x00000000   Number         0  hal_data.o ABSOLUTE
    hal_entry.c                              0x00000000   Number         0  hal_entry.o ABSOLUTE
    main.c                                   0x00000000   Number         0  main.o ABSOLUTE
    pin_data.c                               0x00000000   Number         0  pin_data.o ABSOLUTE
    r_ioport.c                               0x00000000   Number         0  r_ioport.o ABSOLUTE
    r_sci_i2c.c                              0x00000000   Number         0  r_sci_i2c.o ABSOLUTE
    r_sci_uart.c                             0x00000000   Number         0  r_sci_uart.o ABSOLUTE
    startup.c                                0x00000000   Number         0  startup.o ABSOLUTE
    system.c                                 0x00000000   Number         0  system.o ABSOLUTE
    vector_data.c                            0x00000000   Number         0  vector_data.o ABSOLUTE
    __tagsym$$used.0                         0x00000040   Number         0  vector_data.o(.application_vectors)
    .text                                    0x000001c0   Section        0  memcpya.o(.text)
    .text                                    0x000001e4   Section        0  memseta.o(.text)
    .text                                    0x00000208   Section        0  uldiv.o(.text)
    .text                                    0x0000026a   Section        0  llshl.o(.text)
    .text                                    0x00000288   Section        0  llushr.o(.text)
    [Anonymous Symbol]                       0x000002a8   Section        0  BSP_IIC_EEPROM.o(.text.BSP_I2C_EEPROM_Init)
    [Anonymous Symbol]                       0x000002cc   Section        0  BSP_WIFI.o(.text.BSP_UART6_WIFI_Callback)
    [Anonymous Symbol]                       0x00000308   Section        0  BSP_WIFI.o(.text.BSP_UART6_WIFI_Init)
    [Anonymous Symbol]                       0x00000370   Section        0  FSP_UART.o(.text.BSP_WIFI_Recive_Printf)
    [Anonymous Symbol]                       0x000003fc   Section        0  startup.o(.text.Default_Handler)
    [Anonymous Symbol]                       0x00000400   Section        0  FSP_UART.o(.text.FSP_UART_Init)
    [Anonymous Symbol]                       0x00000468   Section        0  bsp_group_irq.o(.text.NMI_Handler)
    [Anonymous Symbol]                       0x000004a8   Section        0  circular_queue.o(.text.Queue_HadUse)
    [Anonymous Symbol]                       0x000004d4   Section        0  circular_queue.o(.text.Queue_Init)
    [Anonymous Symbol]                       0x000004f0   Section        0  circular_queue.o(.text.Queue_Read)
    [Anonymous Symbol]                       0x00000568   Section        0  circular_queue.o(.text.Queue_Wirte)
    [Anonymous Symbol]                       0x000005dc   Section        0  circular_queue.o(.text.Queue_isEmpty)
    [Anonymous Symbol]                       0x000005f4   Section        0  bsp_clocks.o(.text.R_BSP_Init_RTC)
    [Anonymous Symbol]                       0x00000644   Section        0  bsp_register_protection.o(.text.R_BSP_RegisterProtectDisable)
    [Anonymous Symbol]                       0x00000694   Section        0  bsp_register_protection.o(.text.R_BSP_RegisterProtectEnable)
    [Anonymous Symbol]                       0x000006ec   Section        0  bsp_delay.o(.text.R_BSP_SoftwareDelay)
    [Anonymous Symbol]                       0x00000744   Section        0  hal_entry.o(.text.R_BSP_WarmStart)
    [Anonymous Symbol]                       0x00000760   Section        0  r_ioport.o(.text.R_IOPORT_Close)
    [Anonymous Symbol]                       0x0000076c   Section        0  r_ioport.o(.text.R_IOPORT_Open)
    [Anonymous Symbol]                       0x00000784   Section        0  r_ioport.o(.text.R_IOPORT_PinCfg)
    [Anonymous Symbol]                       0x0000083c   Section        0  r_ioport.o(.text.R_IOPORT_PinEventInputRead)
    [Anonymous Symbol]                       0x00000864   Section        0  r_ioport.o(.text.R_IOPORT_PinEventOutputWrite)
    [Anonymous Symbol]                       0x000008bc   Section        0  r_ioport.o(.text.R_IOPORT_PinRead)
    [Anonymous Symbol]                       0x000008e0   Section        0  r_ioport.o(.text.R_IOPORT_PinWrite)
    [Anonymous Symbol]                       0x00000908   Section        0  r_ioport.o(.text.R_IOPORT_PinsCfg)
    [Anonymous Symbol]                       0x00000914   Section        0  r_ioport.o(.text.R_IOPORT_PortDirectionSet)
    [Anonymous Symbol]                       0x00000940   Section        0  r_ioport.o(.text.R_IOPORT_PortEventInputRead)
    [Anonymous Symbol]                       0x00000958   Section        0  r_ioport.o(.text.R_IOPORT_PortEventOutputWrite)
    [Anonymous Symbol]                       0x00000978   Section        0  r_ioport.o(.text.R_IOPORT_PortRead)
    [Anonymous Symbol]                       0x00000990   Section        0  r_ioport.o(.text.R_IOPORT_PortWrite)
    [Anonymous Symbol]                       0x000009b0   Section        0  r_sci_i2c.o(.text.R_SCI_I2C_Open)
    [Anonymous Symbol]                       0x00000b0c   Section        0  r_sci_uart.o(.text.R_SCI_UART_Open)
    [Anonymous Symbol]                       0x00000e2c   Section        0  r_sci_uart.o(.text.R_SCI_UART_Write)
    [Anonymous Symbol]                       0x00000e7c   Section        0  startup.o(.text.Reset_Handler)
    [Anonymous Symbol]                       0x00000e88   Section        0  bsp_clocks.o(.text.SystemCoreClockUpdate)
    [Anonymous Symbol]                       0x00000eb4   Section        0  system.o(.text.SystemInit)
    [Anonymous Symbol]                       0x00000f80   Section        0  FSP_UART.o(.text.UART7_Int_Callback)
    [Anonymous Symbol]                       0x00000fac   Section        0  bsp_common.o(.text.__aeabi_assert)
    [Anonymous Symbol]                       0x00000fb4   Section        0  bsp_clocks.o(.text.bsp_clock_init)
    [Anonymous Symbol]                       0x000010c4   Section        0  bsp_common.o(.text.bsp_init_internal)
    [Anonymous Symbol]                       0x000010c8   Section        0  bsp_irq.o(.text.bsp_irq_cfg)
    sw_delay_loop                            0x00001164   Number         0  bsp_delay.o(.text.bsp_prv_software_delay_loop)
    [Anonymous Symbol]                       0x00001164   Section        0  bsp_delay.o(.text.bsp_prv_software_delay_loop)
    [Anonymous Symbol]                       0x0000116c   Section        0  BSP_IIC_EEPROM.o(.text.bsp_sci_i2c_master_callback)
    bsp_vbatt_init                           0x0000117d   Thumb Code   148  r_ioport.o(.text.bsp_vbatt_init)
    [Anonymous Symbol]                       0x0000117c   Section        0  r_ioport.o(.text.bsp_vbatt_init)
    g_vbatt_pins_input                       0x00001210   Number         0  r_ioport.o(.text.bsp_vbatt_init)
    [Anonymous Symbol]                       0x0000121c   Section        0  FSP_UART.o(.text.fputc)
    [Anonymous Symbol]                       0x000012a0   Section        0  hal_entry.o(.text.hal_entry)
    [Anonymous Symbol]                       0x000014b4   Section        0  main.o(.text.main)
    r_ioport_pins_config                     0x000014c1   Thumb Code   206  r_ioport.o(.text.r_ioport_pins_config)
    [Anonymous Symbol]                       0x000014c0   Section        0  r_ioport.o(.text.r_ioport_pins_config)
    [Anonymous Symbol]                       0x00001590   Section        0  r_sci_i2c.o(.text.sci_i2c_tei_isr)
    [Anonymous Symbol]                       0x000016b0   Section        0  r_sci_i2c.o(.text.sci_i2c_txi_isr)
    [Anonymous Symbol]                       0x000017d4   Section        0  r_sci_uart.o(.text.sci_uart_eri_isr)
    [Anonymous Symbol]                       0x00001874   Section        0  r_sci_uart.o(.text.sci_uart_rxi_isr)
    [Anonymous Symbol]                       0x0000195c   Section        0  r_sci_uart.o(.text.sci_uart_tei_isr)
    [Anonymous Symbol]                       0x000019e0   Section        0  r_sci_uart.o(.text.sci_uart_txi_isr)
    i.__0printf$8                            0x00001aac   Section        0  printf8.o(i.__0printf$8)
    _printf_core                             0x00001acd   Thumb Code   996  printf8.o(i._printf_core)
    i._printf_core                           0x00001acc   Section        0  printf8.o(i._printf_core)
    _printf_post_padding                     0x00001edd   Thumb Code    36  printf8.o(i._printf_post_padding)
    i._printf_post_padding                   0x00001edc   Section        0  printf8.o(i._printf_post_padding)
    _printf_pre_padding                      0x00001f01   Thumb Code    46  printf8.o(i._printf_pre_padding)
    i._printf_pre_padding                    0x00001f00   Section        0  printf8.o(i._printf_pre_padding)
    i.puts                                   0x00001f30   Section        0  puts.o(i.puts)
    g_prcr_masks                             0x0000206c   Data           8  bsp_register_protection.o(.rodata.cst8)
    [Anonymous Symbol]                       0x0000206c   Section        0  bsp_register_protection.o(.rodata.cst8)
    __tagsym$$used.0                         0x0000228c   Number         0  bsp_common.o(.version)
    g_fsp_version                            0x0000228c   Data           4  bsp_common.o(.version)
    [Anonymous Symbol]                       0x0000228c   Section        0  bsp_common.o(.version)
    __tagsym$$used.1                         0x00002290   Number         0  bsp_common.o(.version)
    g_fsp_version_string                     0x00002290   Data           6  bsp_common.o(.version)
    [Anonymous Symbol]                       0x00002290   Section        0  bsp_common.o(.version)
    __tagsym$$used.2                         0x00002296   Number         0  bsp_common.o(.version)
    g_fsp_version_build_string               0x00002296   Data          68  bsp_common.o(.version)
    [Anonymous Symbol]                       0x00002296   Section        0  bsp_common.o(.version)
    __tagsym$$used.0                         0x0100a100   Number         0  bsp_rom_registers.o(.option_setting_ofs0)
    g_bsp_rom_ofs0                           0x0100a100   Data           4  bsp_rom_registers.o(.option_setting_ofs0)
    [Anonymous Symbol]                       0x0100a100   Section        0  bsp_rom_registers.o(.option_setting_ofs0)
    __tagsym$$used.1                         0x0100a110   Number         0  bsp_rom_registers.o(.option_setting_dualsel)
    g_bsp_rom_dualsel                        0x0100a110   Data           4  bsp_rom_registers.o(.option_setting_dualsel)
    [Anonymous Symbol]                       0x0100a110   Section        0  bsp_rom_registers.o(.option_setting_dualsel)
    __tagsym$$used.2                         0x0100a134   Number         0  bsp_rom_registers.o(.option_setting_sas)
    g_bsp_rom_sas                            0x0100a134   Data           4  bsp_rom_registers.o(.option_setting_sas)
    [Anonymous Symbol]                       0x0100a134   Section        0  bsp_rom_registers.o(.option_setting_sas)
    __tagsym$$used.3                         0x0100a200   Number         0  bsp_rom_registers.o(.option_setting_ofs1_sec)
    g_bsp_rom_ofs1_sec                       0x0100a200   Data           4  bsp_rom_registers.o(.option_setting_ofs1_sec)
    [Anonymous Symbol]                       0x0100a200   Section        0  bsp_rom_registers.o(.option_setting_ofs1_sec)
    __tagsym$$used.4                         0x0100a210   Number         0  bsp_rom_registers.o(.option_setting_banksel_sec)
    g_bsp_rom_banksel_sec                    0x0100a210   Data           4  bsp_rom_registers.o(.option_setting_banksel_sec)
    [Anonymous Symbol]                       0x0100a210   Section        0  bsp_rom_registers.o(.option_setting_banksel_sec)
    __tagsym$$used.5                         0x0100a240   Number         0  bsp_rom_registers.o(.option_setting_bps_sec0)
    g_bsp_rom_bps_sec0                       0x0100a240   Data           4  bsp_rom_registers.o(.option_setting_bps_sec0)
    [Anonymous Symbol]                       0x0100a240   Section        0  bsp_rom_registers.o(.option_setting_bps_sec0)
    __tagsym$$used.6                         0x0100a244   Number         0  bsp_rom_registers.o(.option_setting_bps_sec1)
    g_bsp_rom_bps_sec1                       0x0100a244   Data           4  bsp_rom_registers.o(.option_setting_bps_sec1)
    [Anonymous Symbol]                       0x0100a244   Section        0  bsp_rom_registers.o(.option_setting_bps_sec1)
    __tagsym$$used.7                         0x0100a248   Number         0  bsp_rom_registers.o(.option_setting_bps_sec2)
    g_bsp_rom_bps_sec2                       0x0100a248   Data           4  bsp_rom_registers.o(.option_setting_bps_sec2)
    [Anonymous Symbol]                       0x0100a248   Section        0  bsp_rom_registers.o(.option_setting_bps_sec2)
    __tagsym$$used.8                         0x0100a24c   Number         0  bsp_rom_registers.o(.option_setting_bps_sec3)
    g_bsp_rom_bps_sec3                       0x0100a24c   Data           4  bsp_rom_registers.o(.option_setting_bps_sec3)
    [Anonymous Symbol]                       0x0100a24c   Section        0  bsp_rom_registers.o(.option_setting_bps_sec3)
    __tagsym$$used.9                         0x0100a260   Number         0  bsp_rom_registers.o(.option_setting_pbps_sec0)
    g_bsp_rom_pbps_sec0                      0x0100a260   Data           4  bsp_rom_registers.o(.option_setting_pbps_sec0)
    [Anonymous Symbol]                       0x0100a260   Section        0  bsp_rom_registers.o(.option_setting_pbps_sec0)
    __tagsym$$used.10                        0x0100a264   Number         0  bsp_rom_registers.o(.option_setting_pbps_sec1)
    g_bsp_rom_pbps_sec1                      0x0100a264   Data           4  bsp_rom_registers.o(.option_setting_pbps_sec1)
    [Anonymous Symbol]                       0x0100a264   Section        0  bsp_rom_registers.o(.option_setting_pbps_sec1)
    __tagsym$$used.11                        0x0100a268   Number         0  bsp_rom_registers.o(.option_setting_pbps_sec2)
    g_bsp_rom_pbps_sec2                      0x0100a268   Data           4  bsp_rom_registers.o(.option_setting_pbps_sec2)
    [Anonymous Symbol]                       0x0100a268   Section        0  bsp_rom_registers.o(.option_setting_pbps_sec2)
    __tagsym$$used.12                        0x0100a26c   Number         0  bsp_rom_registers.o(.option_setting_pbps_sec3)
    g_bsp_rom_pbps_sec3                      0x0100a26c   Data           4  bsp_rom_registers.o(.option_setting_pbps_sec3)
    [Anonymous Symbol]                       0x0100a26c   Section        0  bsp_rom_registers.o(.option_setting_pbps_sec3)
    __tagsym$$used.13                        0x0100a280   Number         0  bsp_rom_registers.o(.option_setting_ofs1_sel)
    g_bsp_rom_ofs1_sel                       0x0100a280   Data           4  bsp_rom_registers.o(.option_setting_ofs1_sel)
    [Anonymous Symbol]                       0x0100a280   Section        0  bsp_rom_registers.o(.option_setting_ofs1_sel)
    __tagsym$$used.14                        0x0100a290   Number         0  bsp_rom_registers.o(.option_setting_banksel_sel)
    g_bsp_rom_banksel_sel                    0x0100a290   Data           4  bsp_rom_registers.o(.option_setting_banksel_sel)
    [Anonymous Symbol]                       0x0100a290   Section        0  bsp_rom_registers.o(.option_setting_banksel_sel)
    __tagsym$$used.15                        0x0100a2c0   Number         0  bsp_rom_registers.o(.option_setting_bps_sel0)
    g_bsp_rom_bps_sel0                       0x0100a2c0   Data           4  bsp_rom_registers.o(.option_setting_bps_sel0)
    [Anonymous Symbol]                       0x0100a2c0   Section        0  bsp_rom_registers.o(.option_setting_bps_sel0)
    __tagsym$$used.16                        0x0100a2c4   Number         0  bsp_rom_registers.o(.option_setting_bps_sel1)
    g_bsp_rom_bps_sel1                       0x0100a2c4   Data           4  bsp_rom_registers.o(.option_setting_bps_sel1)
    [Anonymous Symbol]                       0x0100a2c4   Section        0  bsp_rom_registers.o(.option_setting_bps_sel1)
    __tagsym$$used.17                        0x0100a2c8   Number         0  bsp_rom_registers.o(.option_setting_bps_sel2)
    g_bsp_rom_bps_sel2                       0x0100a2c8   Data           4  bsp_rom_registers.o(.option_setting_bps_sel2)
    [Anonymous Symbol]                       0x0100a2c8   Section        0  bsp_rom_registers.o(.option_setting_bps_sel2)
    __tagsym$$used.18                        0x0100a2cc   Number         0  bsp_rom_registers.o(.option_setting_bps_sel3)
    g_bsp_rom_bps_sel3                       0x0100a2cc   Data           4  bsp_rom_registers.o(.option_setting_bps_sel3)
    [Anonymous Symbol]                       0x0100a2cc   Section        0  bsp_rom_registers.o(.option_setting_bps_sel3)
    .data                                    0x20000000   Section        4  stdout.o(.data)
    __tagsym$$used.0                         0x20000758   Number         0  bsp_clocks.o(.bss.noinit)
    g_clock_freq                             0x20000758   Data          28  bsp_clocks.o(.bss.noinit)
    [Anonymous Symbol]                       0x20000758   Section        0  bsp_clocks.o(.bss.noinit)
    __tagsym$$used.0                         0x20000778   Number         0  startup.o(.bss.stack)
    g_main_stack                             0x20000778   Data        1024  startup.o(.bss.stack)
    [Anonymous Symbol]                       0x20000778   Section        0  startup.o(.bss.stack)

    Global Symbols

    Symbol Name                              Value     Ov Type        Size  Object(Section)

    BuildAttributes$$THM_ISAv4$E$P$D$K$B$S$7EM$8M$VFPi5$EXTD16$VFPS$VFMA$PE$A:L22UL41UL21$X:L11$S22US41US21$IEEE1$IW$USESV6$~STKCKD$USESV7$WCHAR32$ENUMINT$~SHL$OTIME$ROPI$MICROLIB$REQ8$PRES8$EABIv2 0x00000000   Number         0  anon$$obj.o ABSOLUTE
    Image$$__tz_FLASH_S$$Base                0x00000000   Number         0  anon$$obj.o ABSOLUTE
    __Vectors                                0x00000000   Data          64  startup.o(.fixed_vectors)
    _printf_a                                0x00000000   Number         0  printfstubs.o ABSOLUTE
    _printf_c                                0x00000000   Number         0  printfstubs.o ABSOLUTE
    _printf_charcount                        0x00000000   Number         0  printfstubs.o ABSOLUTE
    _printf_d                                0x00000000   Number         0  printfstubs.o ABSOLUTE
    _printf_e                                0x00000000   Number         0  printfstubs.o ABSOLUTE
    _printf_f                                0x00000000   Number         0  printfstubs.o ABSOLUTE
    _printf_flags                            0x00000000   Number         0  printfstubs.o ABSOLUTE
    _printf_fp_dec                           0x00000000   Number         0  printfstubs.o ABSOLUTE
    _printf_fp_hex                           0x00000000   Number         0  printfstubs.o ABSOLUTE
    _printf_g                                0x00000000   Number         0  printfstubs.o ABSOLUTE
    _printf_i                                0x00000000   Number         0  printfstubs.o ABSOLUTE
    _printf_int_dec                          0x00000000   Number         0  printfstubs.o ABSOLUTE
    _printf_l                                0x00000000   Number         0  printfstubs.o ABSOLUTE
    _printf_lc                               0x00000000   Number         0  printfstubs.o ABSOLUTE
    _printf_ll                               0x00000000   Number         0  printfstubs.o ABSOLUTE
    _printf_lld                              0x00000000   Number         0  printfstubs.o ABSOLUTE
    _printf_lli                              0x00000000   Number         0  printfstubs.o ABSOLUTE
    _printf_llo                              0x00000000   Number         0  printfstubs.o ABSOLUTE
    _printf_llu                              0x00000000   Number         0  printfstubs.o ABSOLUTE
    _printf_llx                              0x00000000   Number         0  printfstubs.o ABSOLUTE
    _printf_longlong_dec                     0x00000000   Number         0  printfstubs.o ABSOLUTE
    _printf_longlong_hex                     0x00000000   Number         0  printfstubs.o ABSOLUTE
    _printf_longlong_oct                     0x00000000   Number         0  printfstubs.o ABSOLUTE
    _printf_ls                               0x00000000   Number         0  printfstubs.o ABSOLUTE
    _printf_mbtowc                           0x00000000   Number         0  printfstubs.o ABSOLUTE
    _printf_n                                0x00000000   Number         0  printfstubs.o ABSOLUTE
    _printf_o                                0x00000000   Number         0  printfstubs.o ABSOLUTE
    _printf_p                                0x00000000   Number         0  printfstubs.o ABSOLUTE
    _printf_percent                          0x00000000   Number         0  printfstubs.o ABSOLUTE
    _printf_pre_padding                      0x00000000   Number         0  printfstubs.o ABSOLUTE
    _printf_return_value                     0x00000000   Number         0  printfstubs.o ABSOLUTE
    _printf_s                                0x00000000   Number         0  printfstubs.o ABSOLUTE
    _printf_sizespec                         0x00000000   Number         0  printfstubs.o ABSOLUTE
    _printf_str                              0x00000000   Number         0  printfstubs.o ABSOLUTE
    _printf_truncate_signed                  0x00000000   Number         0  printfstubs.o ABSOLUTE
    _printf_truncate_unsigned                0x00000000   Number         0  printfstubs.o ABSOLUTE
    _printf_u                                0x00000000   Number         0  printfstubs.o ABSOLUTE
    _printf_wc                               0x00000000   Number         0  printfstubs.o ABSOLUTE
    _printf_wctomb                           0x00000000   Number         0  printfstubs.o ABSOLUTE
    _printf_widthprec                        0x00000000   Number         0  printfstubs.o ABSOLUTE
    _printf_x                                0x00000000   Number         0  printfstubs.o ABSOLUTE
    Image$$DATA$$Length                      0x00000010   Number         0  anon$$obj.o ABSOLUTE
    g_vector_table                           0x00000040   Data         384  vector_data.o(.application_vectors)
    Image$$INIT_ARRAY$$Base                  0x000001c0   Number         0  anon$$obj.o ABSOLUTE
    Image$$INIT_ARRAY$$Limit                 0x000001c0   Number         0  anon$$obj.o ABSOLUTE
    __aeabi_memcpy                           0x000001c1   Thumb Code    36  memcpya.o(.text)
    __aeabi_memcpy4                          0x000001c1   Thumb Code     0  memcpya.o(.text)
    __aeabi_memcpy8                          0x000001c1   Thumb Code     0  memcpya.o(.text)
    __aeabi_memset                           0x000001e5   Thumb Code    14  memseta.o(.text)
    __aeabi_memset4                          0x000001e5   Thumb Code     0  memseta.o(.text)
    __aeabi_memset8                          0x000001e5   Thumb Code     0  memseta.o(.text)
    __aeabi_memclr                           0x000001f3   Thumb Code     4  memseta.o(.text)
    __aeabi_memclr4                          0x000001f3   Thumb Code     0  memseta.o(.text)
    __aeabi_memclr8                          0x000001f3   Thumb Code     0  memseta.o(.text)
    _memset$wrapper                          0x000001f7   Thumb Code    18  memseta.o(.text)
    __aeabi_uldivmod                         0x00000209   Thumb Code    98  uldiv.o(.text)
    __aeabi_llsl                             0x0000026b   Thumb Code    30  llshl.o(.text)
    _ll_shift_l                              0x0000026b   Thumb Code     0  llshl.o(.text)
    __aeabi_llsr                             0x00000289   Thumb Code    32  llushr.o(.text)
    _ll_ushift_r                             0x00000289   Thumb Code     0  llushr.o(.text)
    BSP_I2C_EEPROM_Init                      0x000002a9   Thumb Code    36  BSP_IIC_EEPROM.o(.text.BSP_I2C_EEPROM_Init)
    BSP_UART6_WIFI_Callback                  0x000002cd   Thumb Code    58  BSP_WIFI.o(.text.BSP_UART6_WIFI_Callback)
    BSP_UART6_WIFI_Init                      0x00000309   Thumb Code    40  BSP_WIFI.o(.text.BSP_UART6_WIFI_Init)
    BSP_WIFI_Recive_Printf                   0x00000371   Thumb Code   104  FSP_UART.o(.text.BSP_WIFI_Recive_Printf)
    BusFault_Handler                         0x000003fd   Thumb Code     4  startup.o(.text.Default_Handler)
    DebugMon_Handler                         0x000003fd   Thumb Code     4  startup.o(.text.Default_Handler)
    Default_Handler                          0x000003fd   Thumb Code     4  startup.o(.text.Default_Handler)
    HardFault_Handler                        0x000003fd   Thumb Code     4  startup.o(.text.Default_Handler)
    MemManage_Handler                        0x000003fd   Thumb Code     4  startup.o(.text.Default_Handler)
    PendSV_Handler                           0x000003fd   Thumb Code     4  startup.o(.text.Default_Handler)
    SVC_Handler                              0x000003fd   Thumb Code     4  startup.o(.text.Default_Handler)
    SecureFault_Handler                      0x000003fd   Thumb Code     4  startup.o(.text.Default_Handler)
    SysTick_Handler                          0x000003fd   Thumb Code     4  startup.o(.text.Default_Handler)
    UsageFault_Handler                       0x000003fd   Thumb Code     4  startup.o(.text.Default_Handler)
    FSP_UART_Init                            0x00000401   Thumb Code    40  FSP_UART.o(.text.FSP_UART_Init)
    NMI_Handler                              0x00000469   Thumb Code    62  bsp_group_irq.o(.text.NMI_Handler)
    Queue_HadUse                             0x000004a9   Thumb Code    44  circular_queue.o(.text.Queue_HadUse)
    Queue_Init                               0x000004d5   Thumb Code    28  circular_queue.o(.text.Queue_Init)
    Queue_Read                               0x000004f1   Thumb Code   118  circular_queue.o(.text.Queue_Read)
    Queue_Wirte                              0x00000569   Thumb Code   114  circular_queue.o(.text.Queue_Wirte)
    Queue_isEmpty                            0x000005dd   Thumb Code    22  circular_queue.o(.text.Queue_isEmpty)
    R_BSP_Init_RTC                           0x000005f5   Thumb Code    78  bsp_clocks.o(.text.R_BSP_Init_RTC)
    R_BSP_RegisterProtectDisable             0x00000645   Thumb Code    78  bsp_register_protection.o(.text.R_BSP_RegisterProtectDisable)
    R_BSP_RegisterProtectEnable              0x00000695   Thumb Code    88  bsp_register_protection.o(.text.R_BSP_RegisterProtectEnable)
    R_BSP_SoftwareDelay                      0x000006ed   Thumb Code    86  bsp_delay.o(.text.R_BSP_SoftwareDelay)
    R_BSP_WarmStart                          0x00000745   Thumb Code    28  hal_entry.o(.text.R_BSP_WarmStart)
    Image$$BSS$$ZI$$Length                   0x00000748   Number         0  anon$$obj.o ABSOLUTE
    R_IOPORT_Close                           0x00000761   Thumb Code    10  r_ioport.o(.text.R_IOPORT_Close)
    R_IOPORT_Open                            0x0000076d   Thumb Code    22  r_ioport.o(.text.R_IOPORT_Open)
    R_IOPORT_PinCfg                          0x00000785   Thumb Code   184  r_ioport.o(.text.R_IOPORT_PinCfg)
    R_IOPORT_PinEventInputRead               0x0000083d   Thumb Code    40  r_ioport.o(.text.R_IOPORT_PinEventInputRead)
    R_IOPORT_PinEventOutputWrite             0x00000865   Thumb Code    88  r_ioport.o(.text.R_IOPORT_PinEventOutputWrite)
    R_IOPORT_PinRead                         0x000008bd   Thumb Code    34  r_ioport.o(.text.R_IOPORT_PinRead)
    R_IOPORT_PinWrite                        0x000008e1   Thumb Code    40  r_ioport.o(.text.R_IOPORT_PinWrite)
    R_IOPORT_PinsCfg                         0x00000909   Thumb Code    12  r_ioport.o(.text.R_IOPORT_PinsCfg)
    R_IOPORT_PortDirectionSet                0x00000915   Thumb Code    44  r_ioport.o(.text.R_IOPORT_PortDirectionSet)
    R_IOPORT_PortEventInputRead              0x00000941   Thumb Code    24  r_ioport.o(.text.R_IOPORT_PortEventInputRead)
    R_IOPORT_PortEventOutputWrite            0x00000959   Thumb Code    32  r_ioport.o(.text.R_IOPORT_PortEventOutputWrite)
    R_IOPORT_PortRead                        0x00000979   Thumb Code    22  r_ioport.o(.text.R_IOPORT_PortRead)
    R_IOPORT_PortWrite                       0x00000991   Thumb Code    32  r_ioport.o(.text.R_IOPORT_PortWrite)
    R_SCI_I2C_Open                           0x000009b1   Thumb Code   346  r_sci_i2c.o(.text.R_SCI_I2C_Open)
    R_SCI_UART_Open                          0x00000b0d   Thumb Code   800  r_sci_uart.o(.text.R_SCI_UART_Open)
    R_SCI_UART_Write                         0x00000e2d   Thumb Code    78  r_sci_uart.o(.text.R_SCI_UART_Write)
    Reset_Handler                            0x00000e7d   Thumb Code    10  startup.o(.text.Reset_Handler)
    SystemCoreClockUpdate                    0x00000e89   Thumb Code    44  bsp_clocks.o(.text.SystemCoreClockUpdate)
    SystemInit                               0x00000eb5   Thumb Code   202  system.o(.text.SystemInit)
    UART7_Int_Callback                       0x00000f81   Thumb Code    44  FSP_UART.o(.text.UART7_Int_Callback)
    __aeabi_assert                           0x00000fad   Thumb Code     6  bsp_common.o(.text.__aeabi_assert)
    bsp_clock_init                           0x00000fb5   Thumb Code   272  bsp_clocks.o(.text.bsp_clock_init)
    bsp_init                                 0x000010c5   Thumb Code     2  bsp_common.o(.text.bsp_init_internal)
    bsp_init_internal                        0x000010c5   Thumb Code     2  bsp_common.o(.text.bsp_init_internal)
    bsp_irq_cfg                              0x000010c9   Thumb Code   154  bsp_irq.o(.text.bsp_irq_cfg)
    bsp_prv_software_delay_loop              0x00001165   Thumb Code     8  bsp_delay.o(.text.bsp_prv_software_delay_loop)
    bsp_sci_i2c_master_callback              0x0000116d   Thumb Code    14  BSP_IIC_EEPROM.o(.text.bsp_sci_i2c_master_callback)
    fputc                                    0x0000121d   Thumb Code   132  FSP_UART.o(.text.fputc)
    hal_entry                                0x000012a1   Thumb Code   428  hal_entry.o(.text.hal_entry)
    main                                     0x000014b5   Thumb Code    10  main.o(.text.main)
    sci_i2c_tei_isr                          0x00001591   Thumb Code   288  r_sci_i2c.o(.text.sci_i2c_tei_isr)
    sci_i2c_txi_isr                          0x000016b1   Thumb Code   292  r_sci_i2c.o(.text.sci_i2c_txi_isr)
    sci_uart_eri_isr                         0x000017d5   Thumb Code   160  r_sci_uart.o(.text.sci_uart_eri_isr)
    sci_uart_rxi_isr                         0x00001875   Thumb Code   230  r_sci_uart.o(.text.sci_uart_rxi_isr)
    sci_uart_tei_isr                         0x0000195d   Thumb Code   130  r_sci_uart.o(.text.sci_uart_tei_isr)
    sci_uart_txi_isr                         0x000019e1   Thumb Code   204  r_sci_uart.o(.text.sci_uart_txi_isr)
    __0printf$8                              0x00001aad   Thumb Code    22  printf8.o(i.__0printf$8)
    __1printf$8                              0x00001aad   Thumb Code     0  printf8.o(i.__0printf$8)
    __2printf                                0x00001aad   Thumb Code     0  printf8.o(i.__0printf$8)
    puts                                     0x00001f31   Thumb Code    30  puts.o(i.puts)
    BSP_EEPROM_SCI_IIC_cfg                   0x00001f54   Data          56  hal_data.o(.rodata.BSP_EEPROM_SCI_IIC_cfg)
    BSP_EEPROM_SCI_IIC_cfg_extend            0x00001f8c   Data           6  hal_data.o(.rodata.BSP_EEPROM_SCI_IIC_cfg_extend)
    BSP_UART6_WIFI_cfg                       0x00001f94   Data          68  hal_data.o(.rodata.BSP_UART6_WIFI_cfg)
    BSP_UART6_WIFI_cfg_extend                0x00001fd8   Data          40  hal_data.o(.rodata.BSP_UART6_WIFI_cfg_extend)
    UART_7_cfg                               0x00002000   Data          68  hal_data.o(.rodata.UART_7_cfg)
    UART_7_cfg_extend                        0x00002044   Data          40  hal_data.o(.rodata.UART_7_cfg_extend)
    g_bsp_pin_cfg                            0x00002074   Data           8  pin_data.o(.rodata.g_bsp_pin_cfg)
    g_bsp_pin_cfg_data                       0x0000207c   Data          80  pin_data.o(.rodata.g_bsp_pin_cfg_data)
    g_interrupt_event_link_select            0x000020cc   Data         384  vector_data.o(.rodata.g_interrupt_event_link_select)
    g_ioport                                 0x0000224c   Data          12  common_data.o(.rodata.g_ioport)
    g_ioport_on_ioport                       0x00002258   Data          52  r_ioport.o(.rodata.g_ioport_on_ioport)
    Load$$DATA$$Base                         0x000022dc   Number         0  anon$$obj.o ABSOLUTE
    Image$$__tz_FLASH_C$$Base                0x00003000   Number         0  anon$$obj.o ABSOLUTE
    Image$$__tz_FLASH_N$$Base                0x00008000   Number         0  anon$$obj.o ABSOLUTE
    Image$$__tz_DATA_FLASH_N$$Base           0x08000000   Number         0  anon$$obj.o ABSOLUTE
    Image$$__tz_DATA_FLASH_S$$Base           0x08000000   Number         0  anon$$obj.o ABSOLUTE
    Image$$DATA$$Base                        0x20000000   Number         0  anon$$obj.o ABSOLUTE
    Image$$__tz_RAM_S$$Base                  0x20000000   Number         0  anon$$obj.o ABSOLUTE
    __stdout                                 0x20000000   Data           4  stdout.o(.data)
    BSP_UART6_WIFI_baud_setting              0x20000004   Data           4  hal_data.o(.data.BSP_UART6_WIFI_baud_setting)
    TX_PRINTF_FLAG                           0x20000008   Data           4  BSP_WIFI.o(.data.TX_PRINTF_FLAG)
    UART_7_baud_setting                      0x2000000c   Data           4  hal_data.o(.data.UART_7_baud_setting)
    BSP_EEPROM_SCI_IIC_ctrl                  0x20000010   Data          72  hal_data.o(.bss.BSP_EEPROM_SCI_IIC_ctrl)
    Image$$BSS$$ZI$$Base                     0x20000010   Number         0  anon$$obj.o ABSOLUTE
    BSP_I2C_EEPROM_TX_FLAG_Callback_Event    0x20000058   Data           4  BSP_IIC_EEPROM.o(.bss.BSP_I2C_EEPROM_TX_FLAG_Callback_Event)
    BSP_UART6_WIFI_ctrl                      0x2000005c   Data          48  hal_data.o(.bss.BSP_UART6_WIFI_ctrl)
    Circular_queue                           0x2000008c   Data         304  circular_queue.o(.bss.Circular_queue)
    Read_Buffer                              0x200001bc   Data         300  hal_entry.o(.bss.Read_Buffer)
    Read_Length                              0x200002e8   Data           2  hal_entry.o(.bss.Read_Length)
    SystemCoreClock                          0x200002ec   Data           4  system.o(.bss.SystemCoreClock)
    UART_7_ctrl                              0x200002f0   Data          48  hal_data.o(.bss.UART_7_ctrl)
    Uart6_Send_Seccuse_Ack                   0x20000320   Data           1  BSP_WIFI.o(.bss.Uart6_Send_Seccuse_Ack)
    Uart_Send_Seccuse_Ack                    0x20000321   Data           1  FSP_UART.o(.bss.Uart_Send_Seccuse_Ack)
    WIFI_Circular_queue                      0x20000322   Data         304  circular_queue.o(.bss.WIFI_Circular_queue)
    WIFI_Read_Buffer                         0x20000454   Data         300  FSP_UART.o(.bss.WIFI_Read_Buffer)
    WIFI_Read_Length                         0x20000580   Data           2  FSP_UART.o(.bss.WIFI_Read_Length)
    g_bsp_group_irq_sources                  0x20000584   Data          64  bsp_group_irq.o(.bss.g_bsp_group_irq_sources)
    g_ioport_ctrl                            0x200005c4   Data           8  common_data.o(.bss.g_ioport_ctrl)
    g_protect_counters                       0x200005cc   Data           8  bsp_register_protection.o(.bss.g_protect_counters)
    g_protect_pfswe_counter                  0x200005d4   Data           4  bsp_io.o(.bss.g_protect_pfswe_counter)
    gp_renesas_isr_context                   0x200005d8   Data         384  bsp_irq.o(.bss.gp_renesas_isr_context)
    Image$$__tz_RAM_C$$Base                  0x20080000   Number         0  anon$$obj.o ABSOLUTE
    Image$$__tz_RAM_N$$Base                  0x20080000   Number         0  anon$$obj.o ABSOLUTE



==============================================================================

Memory Map of the image

  Image Entry point : 0x00000e7d

  Load Region LOAD_REGION_FLASH (Base: 0x00000000, Size: 0x000022f0, Max: 0x00100000, ABSOLUTE)

    Execution Region __tz_FLASH_S (Exec base: 0x00000000, Load base: 0x00000000, Size: 0x00000000, Max: 0x00000000, ABSOLUTE)

    Exec Addr    Load Addr    Size         Type   Attr      Idx    E Section Name        Object

    0x00000000        -       0x00000000   Zero   RW            1    __tz_FLASH_S.bss    anon$$obj.o


    Execution Region VECTORS (Exec base: 0x00000000, Load base: 0x00000000, Size: 0x000001c0, Max: 0xffffffff, ABSOLUTE, FIXED)

    Exec Addr    Load Addr    Size         Type   Attr      Idx    E Section Name        Object

    0x00000000   0x00000000   0x00000040   Data   RO          163    .fixed_vectors      startup.o
    0x00000040   0x00000040   0x00000180   Data   RO          486    .application_vectors  vector_data.o


    Execution Region MCUBOOT_SCE9_KEY (Exec base: 0x000001c0, Load base: 0x000001c0, Size: 0x00000000, Max: 0xffffffff, ABSOLUTE, FIXED)

    **** No section assigned to this execution region ****


    Execution Region INIT_ARRAY (Exec base: 0x000001c0, Load base: 0x000001c0, Size: 0x00000000, Max: 0xffffffff, ABSOLUTE, FIXED)

    **** No section assigned to this execution region ****


    Execution Region USB_DESC_FS (Exec base: 0x000001c0, Load base: 0x000001c0, Size: 0x00000000, Max: 0xffffffff, ABSOLUTE, FIXED)

    **** No section assigned to this execution region ****


    Execution Region RO_CODE_DATA (Exec base: 0x000001c0, Load base: 0x000001c0, Size: 0x0000211c, Max: 0xffffffff, ABSOLUTE, FIXED)

    Exec Addr    Load Addr    Size         Type   Attr      Idx    E Section Name        Object

    0x000001c0   0x000001c0   0x00000024   Code   RO          502    .text               mc_w.l(memcpya.o)
    0x000001e4   0x000001e4   0x00000024   Code   RO          504    .text               mc_w.l(memseta.o)
    0x00000208   0x00000208   0x00000062   Code   RO          781    .text               mc_w.l(uldiv.o)
    0x0000026a   0x0000026a   0x0000001e   Code   RO          794    .text               mc_w.l(llshl.o)
    0x00000288   0x00000288   0x00000020   Code   RO          796    .text               mc_w.l(llushr.o)
    0x000002a8   0x000002a8   0x00000024   Code   RO           83    .text.BSP_I2C_EEPROM_Init  BSP_IIC_EEPROM.o
    0x000002cc   0x000002cc   0x0000003a   Code   RO          132    .text.BSP_UART6_WIFI_Callback  BSP_WIFI.o
    0x00000306   0x00000306   0x00000002   PAD
    0x00000308   0x00000308   0x00000068   Code   RO          130    .text.BSP_UART6_WIFI_Init  BSP_WIFI.o
    0x00000370   0x00000370   0x0000008c   Code   RO           68    .text.BSP_WIFI_Recive_Printf  FSP_UART.o
    0x000003fc   0x000003fc   0x00000004   Code   RO          160    .text.Default_Handler  startup.o
    0x00000400   0x00000400   0x00000068   Code   RO           64    .text.FSP_UART_Init  FSP_UART.o
    0x00000468   0x00000468   0x0000003e   Code   RO          244    .text.NMI_Handler   bsp_group_irq.o
    0x000004a6   0x000004a6   0x00000002   PAD
    0x000004a8   0x000004a8   0x0000002c   Code   RO           46    .text.Queue_HadUse  circular_queue.o
    0x000004d4   0x000004d4   0x0000001c   Code   RO           40    .text.Queue_Init    circular_queue.o
    0x000004f0   0x000004f0   0x00000076   Code   RO           52    .text.Queue_Read    circular_queue.o
    0x00000566   0x00000566   0x00000002   PAD
    0x00000568   0x00000568   0x00000072   Code   RO           50    .text.Queue_Wirte   circular_queue.o
    0x000005da   0x000005da   0x00000002   PAD
    0x000005dc   0x000005dc   0x00000016   Code   RO           42    .text.Queue_isEmpty  circular_queue.o
    0x000005f2   0x000005f2   0x00000002   PAD
    0x000005f4   0x000005f4   0x0000004e   Code   RO          202    .text.R_BSP_Init_RTC  bsp_clocks.o
    0x00000642   0x00000642   0x00000002   PAD
    0x00000644   0x00000644   0x0000004e   Code   RO          275    .text.R_BSP_RegisterProtectDisable  bsp_register_protection.o
    0x00000692   0x00000692   0x00000002   PAD
    0x00000694   0x00000694   0x00000058   Code   RO          273    .text.R_BSP_RegisterProtectEnable  bsp_register_protection.o
    0x000006ec   0x000006ec   0x00000056   Code   RO          230    .text.R_BSP_SoftwareDelay  bsp_delay.o
    0x00000742   0x00000742   0x00000002   PAD
    0x00000744   0x00000744   0x0000001c   Code   RO          146    .text.R_BSP_WarmStart  hal_entry.o
    0x00000760   0x00000760   0x0000000a   Code   RO          327    .text.R_IOPORT_Close  r_ioport.o
    0x0000076a   0x0000076a   0x00000002   PAD
    0x0000076c   0x0000076c   0x00000016   Code   RO          325    .text.R_IOPORT_Open  r_ioport.o
    0x00000782   0x00000782   0x00000002   PAD
    0x00000784   0x00000784   0x000000b8   Code   RO          331    .text.R_IOPORT_PinCfg  r_ioport.o
    0x0000083c   0x0000083c   0x00000028   Code   RO          333    .text.R_IOPORT_PinEventInputRead  r_ioport.o
    0x00000864   0x00000864   0x00000058   Code   RO          335    .text.R_IOPORT_PinEventOutputWrite  r_ioport.o
    0x000008bc   0x000008bc   0x00000022   Code   RO          337    .text.R_IOPORT_PinRead  r_ioport.o
    0x000008de   0x000008de   0x00000002   PAD
    0x000008e0   0x000008e0   0x00000028   Code   RO          339    .text.R_IOPORT_PinWrite  r_ioport.o
    0x00000908   0x00000908   0x0000000c   Code   RO          329    .text.R_IOPORT_PinsCfg  r_ioport.o
    0x00000914   0x00000914   0x0000002c   Code   RO          341    .text.R_IOPORT_PortDirectionSet  r_ioport.o
    0x00000940   0x00000940   0x00000018   Code   RO          343    .text.R_IOPORT_PortEventInputRead  r_ioport.o
    0x00000958   0x00000958   0x00000020   Code   RO          345    .text.R_IOPORT_PortEventOutputWrite  r_ioport.o
    0x00000978   0x00000978   0x00000016   Code   RO          347    .text.R_IOPORT_PortRead  r_ioport.o
    0x0000098e   0x0000098e   0x00000002   PAD
    0x00000990   0x00000990   0x00000020   Code   RO          349    .text.R_IOPORT_PortWrite  r_ioport.o
    0x000009b0   0x000009b0   0x0000015a   Code   RO          364    .text.R_SCI_I2C_Open  r_sci_i2c.o
    0x00000b0a   0x00000b0a   0x00000002   PAD
    0x00000b0c   0x00000b0c   0x00000320   Code   RO          395    .text.R_SCI_UART_Open  r_sci_uart.o
    0x00000e2c   0x00000e2c   0x0000004e   Code   RO          399    .text.R_SCI_UART_Write  r_sci_uart.o
    0x00000e7a   0x00000e7a   0x00000002   PAD
    0x00000e7c   0x00000e7c   0x0000000a   Code   RO          158  * .text.Reset_Handler  startup.o
    0x00000e86   0x00000e86   0x00000002   PAD
    0x00000e88   0x00000e88   0x0000002c   Code   RO          188    .text.SystemCoreClockUpdate  bsp_clocks.o
    0x00000eb4   0x00000eb4   0x000000ca   Code   RO          171    .text.SystemInit    system.o
    0x00000f7e   0x00000f7e   0x00000002   PAD
    0x00000f80   0x00000f80   0x0000002c   Code   RO           66    .text.UART7_Int_Callback  FSP_UART.o
    0x00000fac   0x00000fac   0x00000006   Code   RO          217    .text.__aeabi_assert  bsp_common.o
    0x00000fb2   0x00000fb2   0x00000002   PAD
    0x00000fb4   0x00000fb4   0x00000110   Code   RO          194    .text.bsp_clock_init  bsp_clocks.o
    0x000010c4   0x000010c4   0x00000002   Code   RO          213    .text.bsp_init_internal  bsp_common.o
    0x000010c6   0x000010c6   0x00000002   PAD
    0x000010c8   0x000010c8   0x0000009a   Code   RO          262    .text.bsp_irq_cfg   bsp_irq.o
    0x00001162   0x00001162   0x00000002   PAD
    0x00001164   0x00001164   0x00000008   Code   RO          232    .text.bsp_prv_software_delay_loop  bsp_delay.o
    0x0000116c   0x0000116c   0x0000000e   Code   RO           85    .text.bsp_sci_i2c_master_callback  BSP_IIC_EEPROM.o
    0x0000117a   0x0000117a   0x00000002   PAD
    0x0000117c   0x0000117c   0x000000a0   Code   RO          353    .text.bsp_vbatt_init  r_ioport.o
    0x0000121c   0x0000121c   0x00000084   Code   RO           70    .text.fputc         FSP_UART.o
    0x000012a0   0x000012a0   0x00000214   Code   RO          144    .text.hal_entry     hal_entry.o
    0x000014b4   0x000014b4   0x0000000a   Code   RO          470    .text.main          main.o
    0x000014be   0x000014be   0x00000002   PAD
    0x000014c0   0x000014c0   0x000000ce   Code   RO          351    .text.r_ioport_pins_config  r_ioport.o
    0x0000158e   0x0000158e   0x00000002   PAD
    0x00001590   0x00001590   0x00000120   Code   RO          384    .text.sci_i2c_tei_isr  r_sci_i2c.o
    0x000016b0   0x000016b0   0x00000124   Code   RO          382    .text.sci_i2c_txi_isr  r_sci_i2c.o
    0x000017d4   0x000017d4   0x000000a0   Code   RO          421    .text.sci_uart_eri_isr  r_sci_uart.o
    0x00001874   0x00001874   0x000000e6   Code   RO          417    .text.sci_uart_rxi_isr  r_sci_uart.o
    0x0000195a   0x0000195a   0x00000002   PAD
    0x0000195c   0x0000195c   0x00000082   Code   RO          419    .text.sci_uart_tei_isr  r_sci_uart.o
    0x000019de   0x000019de   0x00000002   PAD
    0x000019e0   0x000019e0   0x000000cc   Code   RO          415    .text.sci_uart_txi_isr  r_sci_uart.o
    0x00001aac   0x00001aac   0x00000020   Code   RO          715    i.__0printf$8       mc_w.l(printf8.o)
    0x00001acc   0x00001acc   0x00000410   Code   RO          722    i._printf_core      mc_w.l(printf8.o)
    0x00001edc   0x00001edc   0x00000024   Code   RO          723    i._printf_post_padding  mc_w.l(printf8.o)
    0x00001f00   0x00001f00   0x0000002e   Code   RO          724    i._printf_pre_padding  mc_w.l(printf8.o)
    0x00001f2e   0x00001f2e   0x00000002   PAD
    0x00001f30   0x00001f30   0x00000024   Code   RO          494    i.puts              mc_w.l(puts.o)
    0x00001f54   0x00001f54   0x00000038   Data   RO          456    .rodata.BSP_EEPROM_SCI_IIC_cfg  hal_data.o
    0x00001f8c   0x00001f8c   0x00000006   Data   RO          455    .rodata.BSP_EEPROM_SCI_IIC_cfg_extend  hal_data.o
    0x00001f92   0x00001f92   0x00000002   PAD
    0x00001f94   0x00001f94   0x00000044   Data   RO          448    .rodata.BSP_UART6_WIFI_cfg  hal_data.o
    0x00001fd8   0x00001fd8   0x00000028   Data   RO          447    .rodata.BSP_UART6_WIFI_cfg_extend  hal_data.o
    0x00002000   0x00002000   0x00000044   Data   RO          461    .rodata.UART_7_cfg  hal_data.o
    0x00002044   0x00002044   0x00000028   Data   RO          460    .rodata.UART_7_cfg_extend  hal_data.o
    0x0000206c   0x0000206c   0x00000008   Data   RO          278    .rodata.cst8        bsp_register_protection.o
    0x00002074   0x00002074   0x00000008   Data   RO          480    .rodata.g_bsp_pin_cfg  pin_data.o
    0x0000207c   0x0000207c   0x00000050   Data   RO          479    .rodata.g_bsp_pin_cfg_data  pin_data.o
    0x000020cc   0x000020cc   0x00000180   Data   RO          487    .rodata.g_interrupt_event_link_select  vector_data.o
    0x0000224c   0x0000224c   0x0000000c   Data   RO          437    .rodata.g_ioport    common_data.o
    0x00002258   0x00002258   0x00000034   Data   RO          355    .rodata.g_ioport_on_ioport  r_ioport.o
    0x0000228c   0x0000228c   0x00000004   Data   RO          219    .version            bsp_common.o
    0x00002290   0x00002290   0x00000006   Data   RO          220    .version            bsp_common.o
    0x00002296   0x00002296   0x00000044   Data   RO          221    .version            bsp_common.o


    Execution Region __tz_RAM_S (Exec base: 0x20000000, Load base: 0x000022dc, Size: 0x00000000, Max: 0x00000000, ABSOLUTE)

    Exec Addr    Load Addr    Size         Type   Attr      Idx    E Section Name        Object

    0x20000000        -       0x00000000   Zero   RW            2    __tz_RAM_S.bss      anon$$obj.o


    Execution Region DTC_VECTOR_TABLE (Exec base: 0x20000000, Load base: 0x000022dc, Size: 0x00000000, Max: 0x00080000, ABSOLUTE, UNINIT)

    **** No section assigned to this execution region ****


    Execution Region DATA (Exec base: 0x20000000, Load base: 0x000022dc, Size: 0x00000010, Max: 0xffffffff, ABSOLUTE)

    Exec Addr    Load Addr    Size         Type   Attr      Idx    E Section Name        Object

    0x20000000   0x000022dc   0x00000004   Data   RW          769    .data               mc_w.l(stdout.o)
    0x20000004   0x000022e0   0x00000004   Data   RW          446    .data.BSP_UART6_WIFI_baud_setting  hal_data.o
    0x20000008   0x000022e4   0x00000004   Data   RW          135    .data.TX_PRINTF_FLAG  BSP_WIFI.o
    0x2000000c   0x000022e8   0x00000004   Data   RW          459    .data.UART_7_baud_setting  hal_data.o


    Execution Region BSS (Exec base: 0x20000010, Load base: 0x000022ec, Size: 0x00000748, Max: 0xffffffff, ABSOLUTE)

    Exec Addr    Load Addr    Size         Type   Attr      Idx    E Section Name        Object

    0x20000010        -       0x00000048   Zero   RW          457    .bss.BSP_EEPROM_SCI_IIC_ctrl  hal_data.o
    0x20000058        -       0x00000004   Zero   RW          100    .bss.BSP_I2C_EEPROM_TX_FLAG_Callback_Event  BSP_IIC_EEPROM.o
    0x2000005c        -       0x00000030   Zero   RW          449    .bss.BSP_UART6_WIFI_ctrl  hal_data.o
    0x2000008c        -       0x00000130   Zero   RW           54    .bss.Circular_queue  circular_queue.o
    0x200001bc        -       0x0000012c   Zero   RW          149    .bss.Read_Buffer    hal_entry.o
    0x200002e8        -       0x00000002   Zero   RW          148    .bss.Read_Length    hal_entry.o
    0x200002ea   0x000022ec   0x00000002   PAD
    0x200002ec        -       0x00000004   Zero   RW          175    .bss.SystemCoreClock  system.o
    0x200002f0        -       0x00000030   Zero   RW          462    .bss.UART_7_ctrl    hal_data.o
    0x20000320        -       0x00000001   Zero   RW          134    .bss.Uart6_Send_Seccuse_Ack  BSP_WIFI.o
    0x20000321        -       0x00000001   Zero   RW           72    .bss.Uart_Send_Seccuse_Ack  FSP_UART.o
    0x20000322        -       0x00000130   Zero   RW           55    .bss.WIFI_Circular_queue  circular_queue.o
    0x20000452   0x000022ec   0x00000002   PAD
    0x20000454        -       0x0000012c   Zero   RW           73    .bss.WIFI_Read_Buffer  FSP_UART.o
    0x20000580        -       0x00000002   Zero   RW           74    .bss.WIFI_Read_Length  FSP_UART.o
    0x20000582   0x000022ec   0x00000002   PAD
    0x20000584        -       0x00000040   Zero   RW          246    .bss.g_bsp_group_irq_sources  bsp_group_irq.o
    0x200005c4        -       0x00000008   Zero   RW          436    .bss.g_ioport_ctrl  common_data.o
    0x200005cc        -       0x00000008   Zero   RW          277    .bss.g_protect_counters  bsp_register_protection.o
    0x200005d4        -       0x00000004   Zero   RW          256    .bss.g_protect_pfswe_counter  bsp_io.o
    0x200005d8        -       0x00000180   Zero   RW          265    .bss.gp_renesas_isr_context  bsp_irq.o


    Execution Region NOINIT (Exec base: 0x20000758, Load base: 0x000022ec, Size: 0x0000001c, Max: 0xffffffff, ABSOLUTE, UNINIT)

    Exec Addr    Load Addr    Size         Type   Attr      Idx    E Section Name        Object

    0x20000758        -       0x0000001c   Zero   RW          204    .bss.noinit         bsp_clocks.o


    Execution Region ARM_LIB_HEAP (Exec base: 0x20000778, Load base: 0x000022f0, Size: 0x00000000, Max: 0xffffffff, ABSOLUTE, UNINIT)

    **** No section assigned to this execution region ****


    Execution Region ARM_LIB_STACK (Exec base: 0x20000778, Load base: 0x000022f0, Size: 0x00000000, Max: 0x00000000, ABSOLUTE, UNINIT)

    Exec Addr    Load Addr    Size         Type   Attr      Idx    E Section Name        Object

    0x20000778        -       0x00000000   Zero   RW            3    ARM_LIB_STACK.bss   anon$$obj.o


    Execution Region STACK (Exec base: 0x20000778, Load base: 0x000022f0, Size: 0x00000400, Max: 0xffffffff, ABSOLUTE, UNINIT)

    Exec Addr    Load Addr    Size         Type   Attr      Idx    E Section Name        Object

    0x20000778        -       0x00000400   Zero   RW          162    .bss.stack          startup.o


    Execution Region RAM_END (Exec base: 0x20000b78, Load base: 0x000022f0, Size: 0x00000004, Max: 0x00000004, ABSOLUTE)

    Exec Addr    Load Addr    Size         Type   Attr      Idx    E Section Name        Object

    0x20000b78        -       0x00000004   Zero   RW            4    RAM_END.bss         anon$$obj.o


    Execution Region __tz_RAM_C (Exec base: 0x20080000, Load base: 0x000022f0, Size: 0x00000000, Max: 0x00000000, ABSOLUTE)

    Exec Addr    Load Addr    Size         Type   Attr      Idx    E Section Name        Object

    0x20080000        -       0x00000000   Zero   RW            5    __tz_RAM_C.bss      anon$$obj.o


    Execution Region __tz_RAM_N (Exec base: 0x20080000, Load base: 0x000022f0, Size: 0x00000000, Max: 0x00000000, ABSOLUTE)

    Exec Addr    Load Addr    Size         Type   Attr      Idx    E Section Name        Object

    0x20080000        -       0x00000000   Zero   RW            6    __tz_RAM_N.bss      anon$$obj.o


    Execution Region RAM_LIMIT (Exec base: 0x20080000, Load base: 0x000022f0, Size: 0x00000004, Max: 0x00000004, ABSOLUTE)

    Exec Addr    Load Addr    Size         Type   Attr      Idx    E Section Name        Object

    0x20080000        -       0x00000004   Zero   RW            7    RAM_LIMIT.bss       anon$$obj.o


    Execution Region OSPI_DEVICE_0_NO_LOAD (Exec base: 0x68000000, Load base: 0x000022f0, Size: 0x00000000, Max: 0xffffffff, ABSOLUTE, UNINIT)

    **** No section assigned to this execution region ****


    Execution Region OSPI_DEVICE_1_NO_LOAD (Exec base: 0x70000000, Load base: 0x000022f0, Size: 0x00000000, Max: 0xffffffff, ABSOLUTE, UNINIT)

    **** No section assigned to this execution region ****



  Load Region LOAD_REGION_NSC_FLASH (Base: 0x00003000, Size: 0x00000000, Max: 0xffffffff, ABSOLUTE)

    Execution Region __tz_FLASH_C (Exec base: 0x00003000, Load base: 0x00003000, Size: 0x00000000, Max: 0x00000000, ABSOLUTE)

    Exec Addr    Load Addr    Size         Type   Attr      Idx    E Section Name        Object

    0x00003000        -       0x00000000   Zero   RW            8    __tz_FLASH_C.bss    anon$$obj.o


    Execution Region EXEC_NSCR (Exec base: 0x00003000, Load base: 0x00003000, Size: 0x00000000, Max: 0xffffffff, ABSOLUTE, FIXED)

    **** No section assigned to this execution region ****


    Execution Region __tz_FLASH_N (Exec base: 0x00008000, Load base: 0x00003000, Size: 0x00000000, Max: 0x00000000, ABSOLUTE)

    Exec Addr    Load Addr    Size         Type   Attr      Idx    E Section Name        Object

    0x00008000        -       0x00000000   Zero   RW            9    __tz_FLASH_N.bss    anon$$obj.o



  Load Region LOAD_REGION_ID_CODE (Base: 0x00000000, Size: 0x00000000, Max: 0x00000004, ABSOLUTE)

    Execution Region __tz_ID_CODE_S (Exec base: 0x00000000, Load base: 0x00000000, Size: 0x00000000, Max: 0x00000000, ABSOLUTE)

    Exec Addr    Load Addr    Size         Type   Attr      Idx    E Section Name        Object

    0x00000000        -       0x00000000   Zero   RW           10    __tz_ID_CODE_S.bss  anon$$obj.o


    Execution Region __tz_ID_CODE_N (Exec base: 0x00000000, Load base: 0x00000000, Size: 0x00000000, Max: 0x00000000, ABSOLUTE)

    Exec Addr    Load Addr    Size         Type   Attr      Idx    E Section Name        Object

    0x00000000        -       0x00000000   Zero   RW           11    __tz_ID_CODE_N.bss  anon$$obj.o



  Load Region LOAD_REGION_OPTION_SETTING (Base: 0x0100a100, Size: 0x00000080, Max: 0x00000100, ABSOLUTE)

    Execution Region __tz_OPTION_SETTING_S (Exec base: 0x0100a100, Load base: 0x0100a100, Size: 0x00000000, Max: 0x00000000, ABSOLUTE)

    Exec Addr    Load Addr    Size         Type   Attr      Idx    E Section Name        Object

    0x0100a100        -       0x00000000   Zero   RW           12    __tz_OPTION_SETTING_S.bss  anon$$obj.o


    Execution Region OFS0 (Exec base: 0x0100a100, Load base: 0x0100a100, Size: 0x00000004, Max: 0xffffffff, ABSOLUTE, FIXED)

    Exec Addr    Load Addr    Size         Type   Attr      Idx    E Section Name        Object

    0x0100a100   0x0100a100   0x00000004   Data   RO          287    .option_setting_ofs0  bsp_rom_registers.o


    Execution Region UNUSED_0 (Exec base: 0x0100a104, Load base: 0x0100a104, Size: 0x00000000, Max: 0x00000000, ABSOLUTE, FIXED)

    Exec Addr    Load Addr    Size         Type   Attr      Idx    E Section Name        Object

    0x0100a104        -       0x00000000   Zero   RW           13    UNUSED_0.bss        anon$$obj.o


    Execution Region OFS2 (Exec base: 0x0100a104, Load base: 0x0100a104, Size: 0x00000000, Max: 0xffffffff, ABSOLUTE, FIXED)

    **** No section assigned to this execution region ****


    Execution Region UNUSED_1 (Exec base: 0x0100a104, Load base: 0x0100a104, Size: 0x0000000c, Max: 0x0000000c, ABSOLUTE, FIXED)

    Exec Addr    Load Addr    Size         Type   Attr      Idx    E Section Name        Object

    0x0100a104        -       0x0000000c   Zero   RW           14    UNUSED_1.bss        anon$$obj.o


    Execution Region DUALSEL (Exec base: 0x0100a110, Load base: 0x0100a110, Size: 0x00000004, Max: 0xffffffff, ABSOLUTE, FIXED)

    Exec Addr    Load Addr    Size         Type   Attr      Idx    E Section Name        Object

    0x0100a110   0x0100a110   0x00000004   Data   RO          288    .option_setting_dualsel  bsp_rom_registers.o


    Execution Region UNUSED_2 (Exec base: 0x0100a114, Load base: 0x0100a114, Size: 0x00000020, Max: 0x00000020, ABSOLUTE, FIXED)

    Exec Addr    Load Addr    Size         Type   Attr      Idx    E Section Name        Object

    0x0100a114        -       0x00000020   Zero   RW           15    UNUSED_2.bss        anon$$obj.o


    Execution Region SAS (Exec base: 0x0100a134, Load base: 0x0100a134, Size: 0x00000004, Max: 0xffffffff, ABSOLUTE, FIXED)

    Exec Addr    Load Addr    Size         Type   Attr      Idx    E Section Name        Object

    0x0100a134   0x0100a134   0x00000004   Data   RO          289    .option_setting_sas  bsp_rom_registers.o


    Execution Region UNUSED_3 (Exec base: 0x0100a138, Load base: 0x0100a138, Size: 0x00000048, Max: 0x00000048, ABSOLUTE, FIXED)

    Exec Addr    Load Addr    Size         Type   Attr      Idx    E Section Name        Object

    0x0100a138        -       0x00000048   Zero   RW           16    UNUSED_3.bss        anon$$obj.o


    Execution Region __tz_OPTION_SETTING_N (Exec base: 0x0100a180, Load base: 0x0100a180, Size: 0x00000000, Max: 0x00000000, ABSOLUTE)

    Exec Addr    Load Addr    Size         Type   Attr      Idx    E Section Name        Object

    0x0100a180        -       0x00000000   Zero   RW           17    __tz_OPTION_SETTING_N.bss  anon$$obj.o



  Load Region LOAD_REGION_OPTION_SETTING_S (Base: 0x0100a200, Size: 0x00000100, Max: 0x00000100, ABSOLUTE)

    Execution Region __tz_OPTION_SETTING_S_S (Exec base: 0x0100a200, Load base: 0x0100a200, Size: 0x00000000, Max: 0x00000000, ABSOLUTE)

    Exec Addr    Load Addr    Size         Type   Attr      Idx    E Section Name        Object

    0x0100a200        -       0x00000000   Zero   RW           18    __tz_OPTION_SETTING_S_S.bss  anon$$obj.o


    Execution Region OFS1_SEC (Exec base: 0x0100a200, Load base: 0x0100a200, Size: 0x00000004, Max: 0xffffffff, ABSOLUTE, FIXED)

    Exec Addr    Load Addr    Size         Type   Attr      Idx    E Section Name        Object

    0x0100a200   0x0100a200   0x00000004   Data   RO          290    .option_setting_ofs1_sec  bsp_rom_registers.o


    Execution Region UNUSED_7 (Exec base: 0x0100a204, Load base: 0x0100a204, Size: 0x00000000, Max: 0x00000000, ABSOLUTE, FIXED)

    Exec Addr    Load Addr    Size         Type   Attr      Idx    E Section Name        Object

    0x0100a204        -       0x00000000   Zero   RW           19    UNUSED_7.bss        anon$$obj.o


    Execution Region OFS3_SEC (Exec base: 0x0100a204, Load base: 0x0100a204, Size: 0x00000000, Max: 0xffffffff, ABSOLUTE, FIXED)

    **** No section assigned to this execution region ****


    Execution Region UNUSED_8 (Exec base: 0x0100a204, Load base: 0x0100a204, Size: 0x0000000c, Max: 0x0000000c, ABSOLUTE, FIXED)

    Exec Addr    Load Addr    Size         Type   Attr      Idx    E Section Name        Object

    0x0100a204        -       0x0000000c   Zero   RW           20    UNUSED_8.bss        anon$$obj.o


    Execution Region BANKSEL_SEC (Exec base: 0x0100a210, Load base: 0x0100a210, Size: 0x00000004, Max: 0xffffffff, ABSOLUTE, FIXED)

    Exec Addr    Load Addr    Size         Type   Attr      Idx    E Section Name        Object

    0x0100a210   0x0100a210   0x00000004   Data   RO          291    .option_setting_banksel_sec  bsp_rom_registers.o


    Execution Region UNUSED_9 (Exec base: 0x0100a214, Load base: 0x0100a214, Size: 0x0000002c, Max: 0x0000002c, ABSOLUTE, FIXED)

    Exec Addr    Load Addr    Size         Type   Attr      Idx    E Section Name        Object

    0x0100a214        -       0x0000002c   Zero   RW           21    UNUSED_9.bss        anon$$obj.o


    Execution Region BPS_SEC (Exec base: 0x0100a240, Load base: 0x0100a240, Size: 0x00000010, Max: 0xffffffff, ABSOLUTE, FIXED)

    Exec Addr    Load Addr    Size         Type   Attr      Idx    E Section Name        Object

    0x0100a240   0x0100a240   0x00000004   Data   RO          292    .option_setting_bps_sec0  bsp_rom_registers.o
    0x0100a244   0x0100a244   0x00000004   Data   RO          293    .option_setting_bps_sec1  bsp_rom_registers.o
    0x0100a248   0x0100a248   0x00000004   Data   RO          294    .option_setting_bps_sec2  bsp_rom_registers.o
    0x0100a24c   0x0100a24c   0x00000004   Data   RO          295    .option_setting_bps_sec3  bsp_rom_registers.o


    Execution Region UNUSED_10 (Exec base: 0x0100a250, Load base: 0x0100a250, Size: 0x00000010, Max: 0x00000010, ABSOLUTE, FIXED)

    Exec Addr    Load Addr    Size         Type   Attr      Idx    E Section Name        Object

    0x0100a250        -       0x00000010   Zero   RW           22    UNUSED_10.bss       anon$$obj.o


    Execution Region PBPS_SEC (Exec base: 0x0100a260, Load base: 0x0100a260, Size: 0x00000010, Max: 0xffffffff, ABSOLUTE, FIXED)

    Exec Addr    Load Addr    Size         Type   Attr      Idx    E Section Name        Object

    0x0100a260   0x0100a260   0x00000004   Data   RO          296    .option_setting_pbps_sec0  bsp_rom_registers.o
    0x0100a264   0x0100a264   0x00000004   Data   RO          297    .option_setting_pbps_sec1  bsp_rom_registers.o
    0x0100a268   0x0100a268   0x00000004   Data   RO          298    .option_setting_pbps_sec2  bsp_rom_registers.o
    0x0100a26c   0x0100a26c   0x00000004   Data   RO          299    .option_setting_pbps_sec3  bsp_rom_registers.o


    Execution Region UNUSED_11 (Exec base: 0x0100a270, Load base: 0x0100a270, Size: 0x00000010, Max: 0x00000010, ABSOLUTE, FIXED)

    Exec Addr    Load Addr    Size         Type   Attr      Idx    E Section Name        Object

    0x0100a270        -       0x00000010   Zero   RW           23    UNUSED_11.bss       anon$$obj.o


    Execution Region OFS1_SEL (Exec base: 0x0100a280, Load base: 0x0100a280, Size: 0x00000004, Max: 0xffffffff, ABSOLUTE, FIXED)

    Exec Addr    Load Addr    Size         Type   Attr      Idx    E Section Name        Object

    0x0100a280   0x0100a280   0x00000004   Data   RO          300    .option_setting_ofs1_sel  bsp_rom_registers.o


    Execution Region UNUSED_12 (Exec base: 0x0100a284, Load base: 0x0100a284, Size: 0x00000000, Max: 0x00000000, ABSOLUTE, FIXED)

    Exec Addr    Load Addr    Size         Type   Attr      Idx    E Section Name        Object

    0x0100a284        -       0x00000000   Zero   RW           24    UNUSED_12.bss       anon$$obj.o


    Execution Region OFS3_SEL (Exec base: 0x0100a284, Load base: 0x0100a284, Size: 0x00000000, Max: 0xffffffff, ABSOLUTE, FIXED)

    **** No section assigned to this execution region ****


    Execution Region UNUSED_13 (Exec base: 0x0100a284, Load base: 0x0100a284, Size: 0x0000000c, Max: 0x0000000c, ABSOLUTE, FIXED)

    Exec Addr    Load Addr    Size         Type   Attr      Idx    E Section Name        Object

    0x0100a284        -       0x0000000c   Zero   RW           25    UNUSED_13.bss       anon$$obj.o


    Execution Region BANKSEL_SEL (Exec base: 0x0100a290, Load base: 0x0100a290, Size: 0x00000004, Max: 0xffffffff, ABSOLUTE, FIXED)

    Exec Addr    Load Addr    Size         Type   Attr      Idx    E Section Name        Object

    0x0100a290   0x0100a290   0x00000004   Data   RO          301    .option_setting_banksel_sel  bsp_rom_registers.o


    Execution Region UNUSED_14 (Exec base: 0x0100a294, Load base: 0x0100a294, Size: 0x0000002c, Max: 0x0000002c, ABSOLUTE, FIXED)

    Exec Addr    Load Addr    Size         Type   Attr      Idx    E Section Name        Object

    0x0100a294        -       0x0000002c   Zero   RW           26    UNUSED_14.bss       anon$$obj.o


    Execution Region BPS_SEL (Exec base: 0x0100a2c0, Load base: 0x0100a2c0, Size: 0x00000010, Max: 0xffffffff, ABSOLUTE, FIXED)

    Exec Addr    Load Addr    Size         Type   Attr      Idx    E Section Name        Object

    0x0100a2c0   0x0100a2c0   0x00000004   Data   RO          302    .option_setting_bps_sel0  bsp_rom_registers.o
    0x0100a2c4   0x0100a2c4   0x00000004   Data   RO          303    .option_setting_bps_sel1  bsp_rom_registers.o
    0x0100a2c8   0x0100a2c8   0x00000004   Data   RO          304    .option_setting_bps_sel2  bsp_rom_registers.o
    0x0100a2cc   0x0100a2cc   0x00000004   Data   RO          305    .option_setting_bps_sel3  bsp_rom_registers.o


    Execution Region UNUSED_15 (Exec base: 0x0100a2d0, Load base: 0x0100a2d0, Size: 0x00000030, Max: 0x00000030, ABSOLUTE, FIXED)

    Exec Addr    Load Addr    Size         Type   Attr      Idx    E Section Name        Object

    0x0100a2d0        -       0x00000030   Zero   RW           27    UNUSED_15.bss       anon$$obj.o


    Execution Region __tz_OPTION_SETTING_S_N (Exec base: 0x0100a300, Load base: 0x0100a300, Size: 0x00000000, Max: 0x00000000, ABSOLUTE)

    Exec Addr    Load Addr    Size         Type   Attr      Idx    E Section Name        Object

    0x0100a300        -       0x00000000   Zero   RW           28    __tz_OPTION_SETTING_S_N.bss  anon$$obj.o



  Load Region LOAD_REGION_DATA_FLASH (Base: 0x08000000, Size: 0x00000000, Max: 0x00002000, ABSOLUTE)

    Execution Region __tz_DATA_FLASH_S (Exec base: 0x08000000, Load base: 0x08000000, Size: 0x00000000, Max: 0x00000000, ABSOLUTE)

    Exec Addr    Load Addr    Size         Type   Attr      Idx    E Section Name        Object

    0x08000000        -       0x00000000   Zero   RW           29    __tz_DATA_FLASH_S.bss  anon$$obj.o


    Execution Region DATA_FLASH (Exec base: 0x08000000, Load base: 0x08000000, Size: 0x00000000, Max: 0xffffffff, ABSOLUTE)

    **** No section assigned to this execution region ****


    Execution Region __tz_DATA_FLASH_N (Exec base: 0x08000000, Load base: 0x08000000, Size: 0x00000000, Max: 0x00000000, ABSOLUTE)

    Exec Addr    Load Addr    Size         Type   Attr      Idx    E Section Name        Object

    0x08000000        -       0x00000000   Zero   RW           30    __tz_DATA_FLASH_N.bss  anon$$obj.o



  Load Region LOAD_REGION_QSPI_FLASH (Base: 0x60000000, Size: 0x00000000, Max: 0x04000000, ABSOLUTE)

    Execution Region __tz_QSPI_FLASH_S (Exec base: 0x60000000, Load base: 0x60000000, Size: 0x00000000, Max: 0x00000000, ABSOLUTE)

    Exec Addr    Load Addr    Size         Type   Attr      Idx    E Section Name        Object

    0x60000000        -       0x00000000   Zero   RW           31    __tz_QSPI_FLASH_S.bss  anon$$obj.o


    Execution Region QSPI_FLASH (Exec base: 0x60000000, Load base: 0x60000000, Size: 0x00000000, Max: 0xffffffff, ABSOLUTE, FIXED)

    **** No section assigned to this execution region ****


    Execution Region __tz_QSPI_FLASH_N (Exec base: 0x60000000, Load base: 0x60000000, Size: 0x00000000, Max: 0x00000000, ABSOLUTE)

    Exec Addr    Load Addr    Size         Type   Attr      Idx    E Section Name        Object

    0x60000000        -       0x00000000   Zero   RW           32    __tz_QSPI_FLASH_N.bss  anon$$obj.o



  Load Region LOAD_REGION_OSPI_DEVICE_0 (Base: 0x68000000, Size: 0x00000000, Max: 0x08000000, ABSOLUTE)

    Execution Region __tz_OSPI_DEVICE_0_S (Exec base: 0x68000000, Load base: 0x68000000, Size: 0x00000000, Max: 0x00000000, ABSOLUTE)

    Exec Addr    Load Addr    Size         Type   Attr      Idx    E Section Name        Object

    0x68000000        -       0x00000000   Zero   RW           33    __tz_OSPI_DEVICE_0_S.bss  anon$$obj.o


    Execution Region OSPI_DEVICE_0 (Exec base: 0x68000000, Load base: 0x68000000, Size: 0x00000000, Max: 0xffffffff, ABSOLUTE, FIXED)

    **** No section assigned to this execution region ****


    Execution Region __tz_OSPI_DEVICE_0_N (Exec base: 0x68000000, Load base: 0x68000000, Size: 0x00000000, Max: 0x00000000, ABSOLUTE)

    Exec Addr    Load Addr    Size         Type   Attr      Idx    E Section Name        Object

    0x68000000        -       0x00000000   Zero   RW           34    __tz_OSPI_DEVICE_0_N.bss  anon$$obj.o



  Load Region LOAD_REGION_OSPI_DEVICE_1 (Base: 0x70000000, Size: 0x00000000, Max: 0x10000000, ABSOLUTE)

    Execution Region __tz_OSPI_DEVICE_1_S (Exec base: 0x70000000, Load base: 0x70000000, Size: 0x00000000, Max: 0x00000000, ABSOLUTE)

    Exec Addr    Load Addr    Size         Type   Attr      Idx    E Section Name        Object

    0x70000000        -       0x00000000   Zero   RW           35    __tz_OSPI_DEVICE_1_S.bss  anon$$obj.o


    Execution Region OSPI_DEVICE_1 (Exec base: 0x70000000, Load base: 0x70000000, Size: 0x00000000, Max: 0xffffffff, ABSOLUTE, FIXED)

    **** No section assigned to this execution region ****


    Execution Region __tz_OSPI_DEVICE_1_N (Exec base: 0x70000000, Load base: 0x70000000, Size: 0x00000000, Max: 0x00000000, ABSOLUTE)

    Exec Addr    Load Addr    Size         Type   Attr      Idx    E Section Name        Object

    0x70000000        -       0x00000000   Zero   RW           36    __tz_OSPI_DEVICE_1_N.bss  anon$$obj.o



  Load Region LOAD_REGION_SDRAM (Base: 0x80010000, Size: 0x00000000, Max: 0x00000000, ABSOLUTE)

    Execution Region __tz_SDRAM_S (Exec base: 0x80010000, Load base: 0x80010000, Size: 0x00000000, Max: 0x00000000, ABSOLUTE)

    Exec Addr    Load Addr    Size         Type   Attr      Idx    E Section Name        Object

    0x80010000        -       0x00000000   Zero   RW           37    __tz_SDRAM_S.bss    anon$$obj.o


    Execution Region SDRAM (Exec base: 0x80010000, Load base: 0x80010000, Size: 0x00000000, Max: 0xffffffff, ABSOLUTE, FIXED)

    **** No section assigned to this execution region ****


    Execution Region __tz_SDRAM_N (Exec base: 0x80010000, Load base: 0x80010000, Size: 0x00000000, Max: 0x00000000, ABSOLUTE)

    Exec Addr    Load Addr    Size         Type   Attr      Idx    E Section Name        Object

    0x80010000        -       0x00000000   Zero   RW           38    __tz_SDRAM_N.bss    anon$$obj.o


==============================================================================

Image component sizes


      Code (inc. data)   RO Data    RW Data    ZI Data      Debug   Object Name

        50          0          0          0          4      14902   BSP_IIC_EEPROM.o
       162         64          0          4          1      11400   BSP_WIFI.o
       420        100          0          0        303      12377   FSP_UART.o
       394          0          0          0         28      32687   bsp_clocks.o
         8          0         78          0          0       9894   bsp_common.o
        94          0          0          0          0       1829   bsp_delay.o
        62          0          0          0         64      13742   bsp_group_irq.o
         0          0          0          0          4        607   bsp_io.o
       154          0          0          0        384      17379   bsp_irq.o
       166          0          8          0          8      21651   bsp_register_protection.o
         0          0         76          0          0       1270   bsp_rom_registers.o
       326          0          0          0        608       2808   circular_queue.o
         0          0         12          0          8      17743   common_data.o
         0          0        278          8        168      33000   hal_data.o
       560        104          0          0        302      17441   hal_entry.o
        10          0          0          0          0        497   main.o
         0          0         88          0          0       8212   pin_data.o
       950         12         52          0          0      51620   r_ioport.o
       926          0          0          0          0      38555   r_sci_i2c.o
      1602          0          0          0          0      70476   r_sci_uart.o
        14          0         64          0       1024       1040   startup.o
       202          0          0          0          4       4381   system.o
         0          0        768          0          0       9810   vector_data.o

    ----------------------------------------------------------------------
      6148        280       1428         12       3232     393321   Object Totals
         0          0          0          0        316          0   (incl. Generated)
        48          0          4          0          6          0   (incl. Padding)

    ----------------------------------------------------------------------

      Code (inc. data)   RO Data    RW Data    ZI Data      Debug   Library Member Name

        30          0          0          0          0         68   llshl.o
        32          0          0          0          0         68   llushr.o
        36          0          0          0          0         68   memcpya.o
        36          0          0          0          0        108   memseta.o
      1154         54          0          0          0        352   printf8.o
        36          6          0          0          0         80   puts.o
         0          0          0          4          0          0   stdout.o
        98          0          0          0          0         92   uldiv.o

    ----------------------------------------------------------------------
      1424         60          0          4          0        836   Library Totals
         2          0          0          0          0          0   (incl. Padding)

    ----------------------------------------------------------------------

      Code (inc. data)   RO Data    RW Data    ZI Data      Debug   Library Name

      1422         60          0          4          0        836   mc_w.l

    ----------------------------------------------------------------------
      1424         60          0          4          0        836   Library Totals

    ----------------------------------------------------------------------

==============================================================================


      Code (inc. data)   RO Data    RW Data    ZI Data      Debug   

      7572        340       1428         16       3232     393421   Grand Totals
      7572        340       1428         16       3232     393421   ELF Image Totals
      7572        340       1428         16          0          0   ROM Totals

==============================================================================

    Total RO  Size (Code + RO Data)                 9000 (   8.79kB)
    Total RW  Size (RW Data + ZI Data)              3248 (   3.17kB)
    Total ROM Size (Code + RO Data + RW Data)       9016 (   8.80kB)

==============================================================================

