Component: Arm Compiler for Embedded 6.24 Tool: armlink [5f371500]

==============================================================================

Section Cross References

    drv_gpio.o(.text.IOGetDecvice) refers to drv_gpio.o(.rodata.str1.1) for .L.str
    drv_gpio.o(.text.IOGetDecvice) refers to strcmp.o(.text) for strcmp
    drv_gpio.o(.text.IOGetDecvice) refers to drv_gpio.o(.data.gLedDev) for gLedDev
    drv_gpio.o(.ARM.exidx.text.IOGetDecvice) refers to drv_gpio.o(.text.IOGetDecvice) for [Anonymous Symbol]
    drv_gpio.o(.ARM.exidx.text.IODrvInit) refers to drv_gpio.o(.text.IODrvInit) for [Anonymous Symbol]
    drv_gpio.o(.text.IODrvWrite) refers to drv_gpio.o(.rodata.str1.1) for .L.str
    drv_gpio.o(.text.IODrvWrite) refers to strcmp.o(.text) for strcmp
    drv_gpio.o(.text.IODrvWrite) refers to common_data.o(.rodata.g_ioport) for g_ioport
    drv_gpio.o(.text.IODrvWrite) refers to printf3.o(i.__0printf$3) for __2printf
    drv_gpio.o(.ARM.exidx.text.IODrvWrite) refers to drv_gpio.o(.text.IODrvWrite) for [Anonymous Symbol]
    drv_gpio.o(.text.IODrvRead) refers to drv_gpio.o(.rodata.str1.1) for .L.str
    drv_gpio.o(.text.IODrvRead) refers to strcmp.o(.text) for strcmp
    drv_gpio.o(.text.IODrvRead) refers to common_data.o(.rodata.g_ioport) for g_ioport
    drv_gpio.o(.text.IODrvRead) refers to printf3.o(i.__0printf$3) for __2printf
    drv_gpio.o(.ARM.exidx.text.IODrvRead) refers to drv_gpio.o(.text.IODrvRead) for [Anonymous Symbol]
    drv_gpio.o(.data.gLedDev) refers to drv_gpio.o(.rodata.str1.1) for [Anonymous Symbol]
    drv_gpio.o(.data.gLedDev) refers to drv_gpio.o(.text.IODrvInit) for IODrvInit
    drv_gpio.o(.data.gLedDev) refers to drv_gpio.o(.text.IODrvWrite) for IODrvWrite
    drv_gpio.o(.data.gLedDev) refers to drv_gpio.o(.text.IODrvRead) for IODrvRead
    drv_uart.o(.text.UARTDrvInit) refers to hal_data.o(.rodata.g_uart7) for g_uart7
    drv_uart.o(.text.UARTDrvInit) refers to puts.o(i.puts) for puts
    drv_uart.o(.ARM.exidx.text.UARTDrvInit) refers to drv_uart.o(.text.UARTDrvInit) for [Anonymous Symbol]
    drv_uart.o(.text.sci_uart7_callback) refers to drv_uart.o(.bss.gUartTxCplt) for gUartTxCplt
    drv_uart.o(.ARM.exidx.text.sci_uart7_callback) refers to drv_uart.o(.text.sci_uart7_callback) for [Anonymous Symbol]
    drv_uart.o(.text.fputc) refers to hal_data.o(.rodata.g_uart7) for g_uart7
    drv_uart.o(.text.fputc) refers to drv_uart.o(.bss.gUartTxCplt) for gUartTxCplt
    drv_uart.o(.text.fputc) refers to bsp_delay.o(.text.R_BSP_SoftwareDelay) for R_BSP_SoftwareDelay
    drv_uart.o(.ARM.exidx.text.fputc) refers to drv_uart.o(.text.fputc) for [Anonymous Symbol]
    hal_entry.o(.text.hal_entry) refers to puts.o(i.puts) for puts
    hal_entry.o(.ARM.exidx.text.hal_entry) refers to hal_entry.o(.text.hal_entry) for [Anonymous Symbol]
    hal_entry.o(.text.R_BSP_WarmStart) refers to common_data.o(.rodata.g_ioport) for g_ioport
    hal_entry.o(.text.R_BSP_WarmStart) refers to common_data.o(.bss.g_ioport_ctrl) for g_ioport_ctrl
    hal_entry.o(.text.R_BSP_WarmStart) refers to r_ioport.o(.text.R_IOPORT_Open) for R_IOPORT_Open
    hal_entry.o(.ARM.exidx.text.R_BSP_WarmStart) refers to hal_entry.o(.text.R_BSP_WarmStart) for [Anonymous Symbol]
    led_thread_entry.o(.text.led_thread_entry) refers to drv_gpio.o(.text.IOGetDecvice) for IOGetDecvice
    led_thread_entry.o(.text.led_thread_entry) refers to tasks.o(.text.vTaskDelay) for vTaskDelay
    led_thread_entry.o(.ARM.exidx.text.led_thread_entry) refers to led_thread_entry.o(.text.led_thread_entry) for [Anonymous Symbol]
    log_thread_entry.o(.text.log_thread_entry) refers to drv_uart.o(.text.UARTDrvInit) for UARTDrvInit
    log_thread_entry.o(.text.log_thread_entry) refers to printf3.o(i.__0printf$3) for __2printf
    log_thread_entry.o(.text.log_thread_entry) refers to tasks.o(.text.vTaskDelay) for vTaskDelay
    log_thread_entry.o(.ARM.exidx.text.log_thread_entry) refers to log_thread_entry.o(.text.log_thread_entry) for [Anonymous Symbol]
    event_groups.o(.text.xEventGroupCreate) refers to heap_4.o(.text.pvPortMalloc) for pvPortMalloc
    event_groups.o(.text.xEventGroupCreate) refers to list.o(.text.vListInitialise) for vListInitialise
    event_groups.o(.ARM.exidx.text.xEventGroupCreate) refers to event_groups.o(.text.xEventGroupCreate) for [Anonymous Symbol]
    event_groups.o(.text.xEventGroupSync) refers to tasks.o(.text.xTaskGetSchedulerState) for xTaskGetSchedulerState
    event_groups.o(.text.xEventGroupSync) refers to tasks.o(.text.vTaskSuspendAll) for vTaskSuspendAll
    event_groups.o(.text.xEventGroupSync) refers to event_groups.o(.text.xEventGroupSetBits) for xEventGroupSetBits
    event_groups.o(.text.xEventGroupSync) refers to tasks.o(.text.vTaskPlaceOnUnorderedEventList) for vTaskPlaceOnUnorderedEventList
    event_groups.o(.text.xEventGroupSync) refers to tasks.o(.text.xTaskResumeAll) for xTaskResumeAll
[...]
    [Anonymous Symbol]                       0x00002964   Section        0  tasks.o(.text.xTaskCreate)
    [Anonymous Symbol]                       0x00002b60   Section        0  tasks.o(.text.xTaskGetSchedulerState)
    [Anonymous Symbol]                       0x00002b84   Section        0  tasks.o(.text.xTaskGetTickCount)
    [Anonymous Symbol]                       0x00002b90   Section        0  tasks.o(.text.xTaskIncrementTick)
    [Anonymous Symbol]                       0x00002d22   Section        0  tasks.o(.text.xTaskRemoveFromEventList)
    [Anonymous Symbol]                       0x00002e14   Section        0  tasks.o(.text.xTaskResumeAll)
    [Anonymous Symbol]                       0x00002fa4   Section        0  timers.o(.text.xTimerCreateTimerTask)
    i.__0printf$3                            0x00003004   Section        0  printf3.o(i.__0printf$3)
    _printf_core                             0x00003025   Thumb Code   436  printf3.o(i._printf_core)
    i._printf_core                           0x00003024   Section        0  printf3.o(i._printf_core)
    i.puts                                   0x000031dc   Section        0  puts.o(i.puts)
    g_prcr_masks                             0x00003200   Data           8  bsp_register_protection.o(.rodata.cst8)
    [Anonymous Symbol]                       0x00003200   Section        0  bsp_register_protection.o(.rodata.cst8)
    .L.str.1                                 0x0000349c   Data          48  drv_gpio.o(.rodata.str1.1)
    [Anonymous Symbol]                       0x0000349c   Section        0  drv_gpio.o(.rodata.str1.1)
    .L.str                                   0x000034cc   Data           8  drv_gpio.o(.rodata.str1.1)
    .L.str.1                                 0x000034d4   Data         107  heap_4.o(.rodata.str1.1)
    [Anonymous Symbol]                       0x000034d4   Section        0  heap_4.o(.rodata.str1.1)
    [Anonymous Symbol]                       0x0000353f   Section        0  queue.o(.rodata.str1.1)
    .L.str.7                                 0x0000358c   Data          83  queue.o(.rodata.str1.1)
    .L.str.6                                 0x000035df   Data          77  queue.o(.rodata.str1.1)
    .L.str.12                                0x0000362c   Data          80  queue.o(.rodata.str1.1)
    .L.str.5                                 0x0000367c   Data          77  queue.o(.rodata.str1.1)
    .L.str.8                                 0x0000368d   Data          30  queue.o(.rodata.str1.1)
    .L.str.10                                0x000036c4   Data          77  queue.o(.rodata.str1.1)
    .L.str.11                                0x0000372f   Data          12  queue.o(.rodata.str1.1)
    .L.str.9                                 0x0000373b   Data          25  queue.o(.rodata.str1.1)
    .L.str.1                                 0x00003754   Data          89  queue.o(.rodata.str1.1)
    .L.str.13                                0x0000376d   Data          72  queue.o(.rodata.str1.1)
    .L.str                                   0x000037ad   Data           8  queue.o(.rodata.str1.1)
    .L.str.16                                0x000037ae   Data           7  queue.o(.rodata.str1.1)
    .L.str.10                                0x000037b5   Data         118  tasks.o(.rodata.str1.1)
    [Anonymous Symbol]                       0x000037b5   Section        0  tasks.o(.rodata.str1.1)
    .L.str.5                                 0x00003828   Data          14  tasks.o(.rodata.str1.1)
    .L.str                                   0x0000387f   Data          26  tasks.o(.rodata.str1.1)
    .L.str.14                                0x000038bf   Data          15  tasks.o(.rodata.str1.1)
    .L.str.1                                 0x000038ce   Data          89  tasks.o(.rodata.str1.1)
    .L.str.19                                0x000038d1   Data          18  tasks.o(.rodata.str1.1)
    .L.str.20                                0x000038e3   Data          20  tasks.o(.rodata.str1.1)
    .L.str.21                                0x000038f7   Data          14  tasks.o(.rodata.str1.1)
    .L.str.22                                0x00003905   Data          31  tasks.o(.rodata.str1.1)
    .L.str.23                                0x00003924   Data          53  tasks.o(.rodata.str1.1)
    .L.str.12                                0x00003935   Data          12  tasks.o(.rodata.str1.1)
    .L.str.16                                0x00003941   Data          10  tasks.o(.rodata.str1.1)
    .L.str.2                                 0x00003959   Data          90  timers.o(.rodata.str1.1)
    [Anonymous Symbol]                       0x00003959   Section        0  timers.o(.rodata.str1.1)
    .L.str.3                                 0x000039b3   Data           7  timers.o(.rodata.str1.1)
    .L.str.2                                 0x000039ba   Data          70  port.o(.rodata.str1.1)
    [Anonymous Symbol]                       0x000039ba   Section        0  port.o(.rodata.str1.1)
    .L.str.1                                 0x00003a00   Data          84  port.o(.rodata.str1.1)
    __tagsym$$used.0                         0x00003a58   Number         0  bsp_common.o(.version)
    g_fsp_version                            0x00003a58   Data           4  bsp_common.o(.version)
    [Anonymous Symbol]                       0x00003a58   Section        0  bsp_common.o(.version)
    __tagsym$$used.1                         0x00003a5c   Number         0  bsp_common.o(.version)
    g_fsp_version_string                     0x00003a5c   Data           6  bsp_common.o(.version)
    [Anonymous Symbol]                       0x00003a5c   Section        0  bsp_common.o(.version)
    __tagsym$$used.2                         0x00003a62   Number         0  bsp_common.o(.version)
    g_fsp_version_build_string               0x00003a62   Data          68  bsp_common.o(.version)
    [Anonymous Symbol]                       0x00003a62   Section        0  bsp_common.o(.version)
    __tagsym$$used.0                         0x0100a100   Number         0  bsp_rom_registers.o(.option_setting_ofs0)
    g_bsp_rom_ofs0                           0x0100a100   Data           4  bsp_rom_registers.o(.option_setting_ofs0)
    [Anonymous Symbol]                       0x0100a100   Section        0  bsp_rom_registers.o(.option_setting_ofs0)
    __tagsym$$used.1                         0x0100a110   Number         0  bsp_rom_registers.o(.option_setting_dualsel)
    g_bsp_rom_dualsel                        0x0100a110   Data           4  bsp_rom_registers.o(.option_setting_dualsel)
    [Anonymous Symbol]                       0x0100a110   Section        0  bsp_rom_registers.o(.option_setting_dualsel)
    __tagsym$$used.2                         0x0100a134   Number         0  bsp_rom_registers.o(.option_setting_sas)
    g_bsp_rom_sas                            0x0100a134   Data           4  bsp_rom_registers.o(.option_setting_sas)
    [Anonymous Symbol]                       0x0100a134   Section        0  bsp_rom_registers.o(.option_setting_sas)
    __tagsym$$used.3                         0x0100a200   Number         0  bsp_rom_registers.o(.option_setting_ofs1_sec)
    g_bsp_rom_ofs1_sec                       0x0100a200   Data           4  bsp_rom_registers.o(.option_setting_ofs1_sec)
    [Anonymous Symbol]                       0x0100a200   Section        0  bsp_rom_registers.o(.option_setting_ofs1_sec)
    __tagsym$$used.4                         0x0100a210   Number         0  bsp_rom_registers.o(.option_setting_banksel_sec)
    g_bsp_rom_banksel_sec                    0x0100a210   Data           4  bsp_rom_registers.o(.option_setting_banksel_sec)
    [Anonymous Symbol]                       0x0100a210   Section        0  bsp_rom_registers.o(.option_setting_banksel_sec)
    __tagsym$$used.5                         0x0100a240   Number         0  bsp_rom_registers.o(.option_setting_bps_sec0)
    g_bsp_rom_bps_sec0                       0x0100a240   Data           4  bsp_rom_registers.o(.option_setting_bps_sec0)
    [Anonymous Symbol]                       0x0100a240   Section        0  bsp_rom_registers.o(.option_setting_bps_sec0)
    __tagsym$$used.6                         0x0100a244   Number         0  bsp_rom_registers.o(.option_setting_bps_sec1)
    g_bsp_rom_bps_sec1                       0x0100a244   Data           4  bsp_rom_registers.o(.option_setting_bps_sec1)
    [Anonymous Symbol]                       0x0100a244   Section        0  bsp_rom_registers.o(.option_setting_bps_sec1)
    __tagsym$$used.7                         0x0100a248   Number         0  bsp_rom_registers.o(.option_setting_bps_sec2)
    g_bsp_rom_bps_sec2                       0x0100a248   Data           4  bsp_rom_registers.o(.option_setting_bps_sec2)
    [Anonymous Symbol]                       0x0100a248   Section        0  bsp_rom_registers.o(.option_setting_bps_sec2)
    __tagsym$$used.8                         0x0100a24c   Number         0  bsp_rom_registers.o(.option_setting_bps_sec3)
    g_bsp_rom_bps_sec3                       0x0100a24c   Data           4  bsp_rom_registers.o(.option_setting_bps_sec3)
    [Anonymous Symbol]                       0x0100a24c   Section        0  bsp_rom_registers.o(.option_setting_bps_sec3)
    __tagsym$$used.9                         0x0100a260   Number         0  bsp_rom_registers.o(.option_setting_pbps_sec0)
    g_bsp_rom_pbps_sec0                      0x0100a260   Data           4  bsp_rom_registers.o(.option_setting_pbps_sec0)
    [Anonymous Symbol]                       0x0100a260   Section        0  bsp_rom_registers.o(.option_setting_pbps_sec0)
    __tagsym$$used.10                        0x0100a264   Number         0  bsp_rom_registers.o(.option_setting_pbps_sec1)
    g_bsp_rom_pbps_sec1                      0x0100a264   Data           4  bsp_rom_registers.o(.option_setting_pbps_sec1)
    [Anonymous Symbol]                       0x0100a264   Section        0  bsp_rom_registers.o(.option_setting_pbps_sec1)
    __tagsym$$used.11                        0x0100a268   Number         0  bsp_rom_registers.o(.option_setting_pbps_sec2)
    g_bsp_rom_pbps_sec2                      0x0100a268   Data           4  bsp_rom_registers.o(.option_setting_pbps_sec2)
    [Anonymous Symbol]                       0x0100a268   Section        0  bsp_rom_registers.o(.option_setting_pbps_sec2)
    __tagsym$$used.12                        0x0100a26c   Number         0  bsp_rom_registers.o(.option_setting_pbps_sec3)
    g_bsp_rom_pbps_sec3                      0x0100a26c   Data           4  bsp_rom_registers.o(.option_setting_pbps_sec3)
    [Anonymous Symbol]                       0x0100a26c   Section        0  bsp_rom_registers.o(.option_setting_pbps_sec3)
    __tagsym$$used.13                        0x0100a280   Number         0  bsp_rom_registers.o(.option_setting_ofs1_sel)
    g_bsp_rom_ofs1_sel                       0x0100a280   Data           4  bsp_rom_registers.o(.option_setting_ofs1_sel)
    [Anonymous Symbol]                       0x0100a280   Section        0  bsp_rom_registers.o(.option_setting_ofs1_sel)
    __tagsym$$used.14                        0x0100a290   Number         0  bsp_rom_registers.o(.option_setting_banksel_sel)
    g_bsp_rom_banksel_sel                    0x0100a290   Data           4  bsp_rom_registers.o(.option_setting_banksel_sel)
    [Anonymous Symbol]                       0x0100a290   Section        0  bsp_rom_registers.o(.option_setting_banksel_sel)
    __tagsym$$used.15                        0x0100a2c0   Number         0  bsp_rom_registers.o(.option_setting_bps_sel0)
    g_bsp_rom_bps_sel0                       0x0100a2c0   Data           4  bsp_rom_registers.o(.option_setting_bps_sel0)
    [Anonymous Symbol]                       0x0100a2c0   Section        0  bsp_rom_registers.o(.option_setting_bps_sel0)
    __tagsym$$used.16                        0x0100a2c4   Number         0  bsp_rom_registers.o(.option_setting_bps_sel1)
    g_bsp_rom_bps_sel1                       0x0100a2c4   Data           4  bsp_rom_registers.o(.option_setting_bps_sel1)
    [Anonymous Symbol]                       0x0100a2c4   Section        0  bsp_rom_registers.o(.option_setting_bps_sel1)
    __tagsym$$used.17                        0x0100a2c8   Number         0  bsp_rom_registers.o(.option_setting_bps_sel2)
    g_bsp_rom_bps_sel2                       0x0100a2c8   Data           4  bsp_rom_registers.o(.option_setting_bps_sel2)
    [Anonymous Symbol]                       0x0100a2c8   Section        0  bsp_rom_registers.o(.option_setting_bps_sel2)
    __tagsym$$used.18                        0x0100a2cc   Number         0  bsp_rom_registers.o(.option_setting_bps_sel3)
    g_bsp_rom_bps_sel3                       0x0100a2cc   Data           4  bsp_rom_registers.o(.option_setting_bps_sel3)
    [Anonymous Symbol]                       0x0100a2cc   Section        0  bsp_rom_registers.o(.option_setting_bps_sel3)
    gLedDev                                  0x20000000   Data          16  drv_gpio.o(.data.gLedDev)
    [Anonymous Symbol]                       0x20000000   Section        0  drv_gpio.o(.data.gLedDev)
    gUartTxCplt                              0x2000006c   Data           1  drv_uart.o(.bss.gUartTxCplt)
    [Anonymous Symbol]                       0x2000006c   Section        0  drv_uart.o(.bss.gUartTxCplt)
    g_mask_level_before_disable              0x200000c4   Data           4  port.o(.bss.g_mask_level_before_disable)
    [Anonymous Symbol]                       0x200000c4   Section        0  port.o(.bss.g_mask_level_before_disable)
    prvSampleTimeNow.xLastTime               0x2000028c   Data           4  timers.o(.bss.prvSampleTimeNow.xLastTime)
    [Anonymous Symbol]                       0x2000028c   Section        0  timers.o(.bss.prvSampleTimeNow.xLastTime)
    pxCurrentTimerList                       0x20000294   Data           4  timers.o(.bss.pxCurrentTimerList)
    [Anonymous Symbol]                       0x20000294   Section        0  timers.o(.bss.pxCurrentTimerList)
    pxDelayedTaskList                        0x20000298   Data           4  tasks.o(.bss.pxDelayedTaskList)
    [Anonymous Symbol]                       0x20000298   Section        0  tasks.o(.bss.pxDelayedTaskList)
    pxEnd                                    0x2000029c   Data           4  heap_4.o(.bss.pxEnd)
    [Anonymous Symbol]                       0x2000029c   Section        0  heap_4.o(.bss.pxEnd)
    pxOverflowDelayedTaskList                0x200002a0   Data           4  tasks.o(.bss.pxOverflowDelayedTaskList)
    [Anonymous Symbol]                       0x200002a0   Section        0  tasks.o(.bss.pxOverflowDelayedTaskList)
    pxOverflowTimerList                      0x200002a4   Data           4  timers.o(.bss.pxOverflowTimerList)
    [Anonymous Symbol]                       0x200002a4   Section        0  timers.o(.bss.pxOverflowTimerList)
    pxReadyTasksLists                        0x200002a8   Data         100  tasks.o(.bss.pxReadyTasksLists)
    [Anonymous Symbol]                       0x200002a8   Section        0  tasks.o(.bss.pxReadyTasksLists)
    ucHeap                                   0x2000030c   Data       10240  heap_4.o(.bss.ucHeap)
    [Anonymous Symbol]                       0x2000030c   Section        0  heap_4.o(.bss.ucHeap)
    uxCriticalNesting                        0x20002b0c   Data           4  port.o(.bss.uxCriticalNesting)
    [Anonymous Symbol]                       0x20002b0c   Section        0  port.o(.bss.uxCriticalNesting)
    uxCurrentNumberOfTasks                   0x20002b10   Data           4  tasks.o(.bss.uxCurrentNumberOfTasks)
    [Anonymous Symbol]                       0x20002b10   Section        0  tasks.o(.bss.uxCurrentNumberOfTasks)
    uxDeletedTasksWaitingCleanUp             0x20002b14   Data           4  tasks.o(.bss.uxDeletedTasksWaitingCleanUp)
    [Anonymous Symbol]                       0x20002b14   Section        0  tasks.o(.bss.uxDeletedTasksWaitingCleanUp)
    uxSchedulerSuspended                     0x20002b18   Data           4  tasks.o(.bss.uxSchedulerSuspended)
    [Anonymous Symbol]                       0x20002b18   Section        0  tasks.o(.bss.uxSchedulerSuspended)
    uxTaskNumber                             0x20002b1c   Data           4  tasks.o(.bss.uxTaskNumber)
    [Anonymous Symbol]                       0x20002b1c   Section        0  tasks.o(.bss.uxTaskNumber)
    uxTopReadyPriority                       0x20002b20   Data           4  tasks.o(.bss.uxTopReadyPriority)
    [Anonymous Symbol]                       0x20002b20   Section        0  tasks.o(.bss.uxTopReadyPriority)
    xActiveTimerList1                        0x20002b24   Data          20  timers.o(.bss.xActiveTimerList1)
    [Anonymous Symbol]                       0x20002b24   Section        0  timers.o(.bss.xActiveTimerList1)
    xActiveTimerList2                        0x20002b38   Data          20  timers.o(.bss.xActiveTimerList2)
    [Anonymous Symbol]                       0x20002b38   Section        0  timers.o(.bss.xActiveTimerList2)
    xBlockAllocatedBit                       0x20002b4c   Data           1  heap_4.o(.bss.xBlockAllocatedBit)
    [Anonymous Symbol]                       0x20002b4c   Section        0  heap_4.o(.bss.xBlockAllocatedBit)
    xDelayedTaskList1                        0x20002b50   Data          20  tasks.o(.bss.xDelayedTaskList1)
    [Anonymous Symbol]                       0x20002b50   Section        0  tasks.o(.bss.xDelayedTaskList1)
    xDelayedTaskList2                        0x20002b64   Data          20  tasks.o(.bss.xDelayedTaskList2)
    [Anonymous Symbol]                       0x20002b64   Section        0  tasks.o(.bss.xDelayedTaskList2)
    xFreeBytesRemaining                      0x20002b78   Data           4  heap_4.o(.bss.xFreeBytesRemaining)
    [Anonymous Symbol]                       0x20002b78   Section        0  heap_4.o(.bss.xFreeBytesRemaining)
    xIdleTaskHandle                          0x20002b7c   Data           4  tasks.o(.bss.xIdleTaskHandle)
    [Anonymous Symbol]                       0x20002b7c   Section        0  tasks.o(.bss.xIdleTaskHandle)
    xMinimumEverFreeBytesRemaining           0x20002b80   Data           4  heap_4.o(.bss.xMinimumEverFreeBytesRemaining)
    [Anonymous Symbol]                       0x20002b80   Section        0  heap_4.o(.bss.xMinimumEverFreeBytesRemaining)
    xNextTaskUnblockTime                     0x20002b84   Data           4  tasks.o(.bss.xNextTaskUnblockTime)
    [Anonymous Symbol]                       0x20002b84   Section        0  tasks.o(.bss.xNextTaskUnblockTime)
    xNumOfOverflows                          0x20002b88   Data           4  tasks.o(.bss.xNumOfOverflows)
    [Anonymous Symbol]                       0x20002b88   Section        0  tasks.o(.bss.xNumOfOverflows)
    xNumberOfSuccessfulAllocations           0x20002b8c   Data           4  heap_4.o(.bss.xNumberOfSuccessfulAllocations)
    [Anonymous Symbol]                       0x20002b8c   Section        0  heap_4.o(.bss.xNumberOfSuccessfulAllocations)
    xNumberOfSuccessfulFrees                 0x20002b90   Data           4  heap_4.o(.bss.xNumberOfSuccessfulFrees)
    [Anonymous Symbol]                       0x20002b90   Section        0  heap_4.o(.bss.xNumberOfSuccessfulFrees)
    xPendedTicks                             0x20002b94   Data           4  tasks.o(.bss.xPendedTicks)
    [Anonymous Symbol]                       0x20002b94   Section        0  tasks.o(.bss.xPendedTicks)
    xPendingReadyList                        0x20002b98   Data          20  tasks.o(.bss.xPendingReadyList)
    [Anonymous Symbol]                       0x20002b98   Section        0  tasks.o(.bss.xPendingReadyList)
    xSchedulerRunning                        0x20002bfc   Data           4  tasks.o(.bss.xSchedulerRunning)
    [Anonymous Symbol]                       0x20002bfc   Section        0  tasks.o(.bss.xSchedulerRunning)
    xStart                                   0x20002c00   Data           8  heap_4.o(.bss.xStart)
    [Anonymous Symbol]                       0x20002c00   Section        0  heap_4.o(.bss.xStart)
    xSuspendedTaskList                       0x20002c08   Data          20  tasks.o(.bss.xSuspendedTaskList)
    [Anonymous Symbol]                       0x20002c08   Section        0  tasks.o(.bss.xSuspendedTaskList)
    xTasksWaitingTermination                 0x20002c1c   Data          20  tasks.o(.bss.xTasksWaitingTermination)
    [Anonymous Symbol]                       0x20002c1c   Section        0  tasks.o(.bss.xTasksWaitingTermination)
    xTickCount                               0x20002c30   Data           4  tasks.o(.bss.xTickCount)
    [Anonymous Symbol]                       0x20002c30   Section        0  tasks.o(.bss.xTickCount)
    xTimerQueue                              0x20002c34   Data           4  timers.o(.bss.xTimerQueue)
    [Anonymous Symbol]                       0x20002c34   Section        0  timers.o(.bss.xTimerQueue)
    xTimerTaskHandle                         0x20002c38   Data           4  timers.o(.bss.xTimerTaskHandle)
    [Anonymous Symbol]                       0x20002c38   Section        0  timers.o(.bss.xTimerTaskHandle)
    xYieldPending                            0x20002c3c   Data           4  tasks.o(.bss.xYieldPending)
    [Anonymous Symbol]                       0x20002c3c   Section        0  tasks.o(.bss.xYieldPending)
    __tagsym$$used.0                         0x20002c40   Number         0  bsp_clocks.o(.bss.noinit)
    g_clock_freq                             0x20002c40   Data          28  bsp_clocks.o(.bss.noinit)
    [Anonymous Symbol]                       0x20002c40   Section        0  bsp_clocks.o(.bss.noinit)
    __tagsym$$used.0                         0x20002c60   Number         0  startup.o(.bss.stack)
    g_main_stack                             0x20002c60   Data        1024  startup.o(.bss.stack)
    [Anonymous Symbol]                       0x20002c60   Section        0  startup.o(.bss.stack)

    Global Symbols

    Symbol Name                              Value     Ov Type        Size  Object(Section)

    BuildAttributes$$THM_ISAv4$E$P$D$K$B$S$7EM$8M$VFPi5$EXTD16$VFPS$VFMA$PE$A:L22UL41UL21$X:L11$S22US41US21$IEEE1$IW$USESV6$~STKCKD$USESV7$WCHAR32$ENUMINT$~SHL$OSPACE$ROPI$MICROLIB$REQ8$PRES8$EABIv2 0x00000000   Number         0  anon$$obj.o ABSOLUTE
    Image$$__tz_FLASH_S$$Base                0x00000000   Number         0  anon$$obj.o ABSOLUTE
    __Vectors                                0x00000000   Data          64  startup.o(.fixed_vectors)
    _printf_a                                0x00000000   Number         0  printfstubs.o ABSOLUTE
    _printf_c                                0x00000000   Number         0  printfstubs.o ABSOLUTE
    _printf_charcount                        0x00000000   Number         0  printfstubs.o ABSOLUTE
    _printf_d                                0x00000000   Number         0  printfstubs.o ABSOLUTE
    _printf_e                                0x00000000   Number         0  printfstubs.o ABSOLUTE
    _printf_f                                0x00000000   Number         0  printfstubs.o ABSOLUTE
    _printf_flags                            0x00000000   Number         0  printfstubs.o ABSOLUTE
    _printf_fp_dec                           0x00000000   Number         0  printfstubs.o ABSOLUTE
    _printf_fp_hex                           0x00000000   Number         0  printfstubs.o ABSOLUTE
    _printf_g                                0x00000000   Number         0  printfstubs.o ABSOLUTE
    _printf_i                                0x00000000   Number         0  printfstubs.o ABSOLUTE
    _printf_int_dec                          0x00000000   Number         0  printfstubs.o ABSOLUTE
    _printf_l                                0x00000000   Number         0  printfstubs.o ABSOLUTE
    _printf_lc                               0x00000000   Number         0  printfstubs.o ABSOLUTE
    _printf_ll                               0x00000000   Number         0  printfstubs.o ABSOLUTE
    _printf_lld                              0x00000000   Number         0  printfstubs.o ABSOLUTE
    _printf_lli                              0x00000000   Number         0  printfstubs.o ABSOLUTE
    _printf_llo                              0x00000000   Number         0  printfstubs.o ABSOLUTE
    _printf_llu                              0x00000000   Number         0  printfstubs.o ABSOLUTE
    _printf_llx                              0x00000000   Number         0  printfstubs.o ABSOLUTE
    _printf_longlong_dec                     0x00000000   Number         0  printfstubs.o ABSOLUTE
    _printf_longlong_hex                     0x00000000   Number         0  printfstubs.o ABSOLUTE
    _printf_longlong_oct                     0x00000000   Number         0  printfstubs.o ABSOLUTE
    _printf_ls                               0x00000000   Number         0  printfstubs.o ABSOLUTE
    _printf_mbtowc                           0x00000000   Number         0  printfstubs.o ABSOLUTE
    _printf_n                                0x00000000   Number         0  printfstubs.o ABSOLUTE
    _printf_o                                0x00000000   Number         0  printfstubs.o ABSOLUTE
    _printf_p                                0x00000000   Number         0  printfstubs.o ABSOLUTE
    _printf_percent                          0x00000000   Number         0  printfstubs.o ABSOLUTE
    _printf_pre_padding                      0x00000000   Number         0  printfstubs.o ABSOLUTE
    _printf_return_value                     0x00000000   Number         0  printfstubs.o ABSOLUTE
    _printf_s                                0x00000000   Number         0  printfstubs.o ABSOLUTE
    _printf_sizespec                         0x00000000   Number         0  printfstubs.o ABSOLUTE
    _printf_str                              0x00000000   Number         0  printfstubs.o ABSOLUTE
    _printf_truncate_signed                  0x00000000   Number         0  printfstubs.o ABSOLUTE
    _printf_truncate_unsigned                0x00000000   Number         0  printfstubs.o ABSOLUTE
    _printf_u                                0x00000000   Number         0  printfstubs.o ABSOLUTE
    _printf_wc                               0x00000000   Number         0  printfstubs.o ABSOLUTE
    _printf_wctomb                           0x00000000   Number         0  printfstubs.o ABSOLUTE
    _printf_widthprec                        0x00000000   Number         0  printfstubs.o ABSOLUTE
    _printf_x                                0x00000000   Number         0  printfstubs.o ABSOLUTE
    Image$$DATA$$Length                      0x00000014   Number         0  anon$$obj.o ABSOLUTE
    g_vector_table                           0x00000040   Data         384  vector_data.o(.application_vectors)
    Image$$INIT_ARRAY$$Base                  0x000001c0   Number         0  anon$$obj.o ABSOLUTE
    Image$$INIT_ARRAY$$Limit                 0x000001c0   Number         0  anon$$obj.o ABSOLUTE
    __aeabi_memcpy                           0x000001c1   Thumb Code    36  memcpya.o(.text)
    __aeabi_memcpy4                          0x000001c1   Thumb Code     0  memcpya.o(.text)
    __aeabi_memcpy8                          0x000001c1   Thumb Code     0  memcpya.o(.text)
    __aeabi_memset                           0x000001e5   Thumb Code    14  memseta.o(.text)
    __aeabi_memset4                          0x000001e5   Thumb Code     0  memseta.o(.text)
    __aeabi_memset8                          0x000001e5   Thumb Code     0  memseta.o(.text)
    __aeabi_memclr                           0x000001f3   Thumb Code     4  memseta.o(.text)
    __aeabi_memclr4                          0x000001f3   Thumb Code     0  memseta.o(.text)
    __aeabi_memclr8                          0x000001f3   Thumb Code     0  memseta.o(.text)
    _memset$wrapper                          0x000001f7   Thumb Code    18  memseta.o(.text)
    strcmp                                   0x00000209   Thumb Code    28  strcmp.o(.text)
    __aeabi_uidiv                            0x00000225   Thumb Code     0  uidiv.o(.text)
    __aeabi_uidivmod                         0x00000225   Thumb Code    44  uidiv.o(.text)
    BusFault_Handler                         0x00000251   Thumb Code     4  startup.o(.text.Default_Handler)
    DebugMon_Handler                         0x00000251   Thumb Code     4  startup.o(.text.Default_Handler)
    Default_Handler                          0x00000251   Thumb Code     4  startup.o(.text.Default_Handler)
    HardFault_Handler                        0x00000251   Thumb Code     4  startup.o(.text.Default_Handler)
    MemManage_Handler                        0x00000251   Thumb Code     4  startup.o(.text.Default_Handler)
    SecureFault_Handler                      0x00000251   Thumb Code     4  startup.o(.text.Default_Handler)
    UsageFault_Handler                       0x00000251   Thumb Code     4  startup.o(.text.Default_Handler)
    IOGetDecvice                             0x000002ff   Thumb Code    32  drv_gpio.o(.text.IOGetDecvice)
    NMI_Handler                              0x00000321   Thumb Code    54  bsp_group_irq.o(.text.NMI_Handler)
    PendSV_Handler                           0x00000359   Thumb Code    64  port.o(.text.PendSV_Handler)
    R_BSP_Init_RTC                           0x0000039d   Thumb Code    78  bsp_clocks.o(.text.R_BSP_Init_RTC)
    R_BSP_RegisterProtectDisable             0x000003eb   Thumb Code    78  bsp_register_protection.o(.text.R_BSP_RegisterProtectDisable)
    R_BSP_RegisterProtectEnable              0x00000439   Thumb Code    82  bsp_register_protection.o(.text.R_BSP_RegisterProtectEnable)
    R_BSP_SoftwareDelay                      0x0000048b   Thumb Code    88  bsp_delay.o(.text.R_BSP_SoftwareDelay)
    R_BSP_WarmStart                          0x000004e3   Thumb Code    28  hal_entry.o(.text.R_BSP_WarmStart)
    R_IOPORT_Close                           0x000004ff   Thumb Code    10  r_ioport.o(.text.R_IOPORT_Close)
    R_IOPORT_Open                            0x00000509   Thumb Code    22  r_ioport.o(.text.R_IOPORT_Open)
    R_IOPORT_PinCfg                          0x0000051f   Thumb Code   178  r_ioport.o(.text.R_IOPORT_PinCfg)
    R_IOPORT_PinEventInputRead               0x000005d1   Thumb Code    40  r_ioport.o(.text.R_IOPORT_PinEventInputRead)
    R_IOPORT_PinEventOutputWrite             0x000005f9   Thumb Code    66  r_ioport.o(.text.R_IOPORT_PinEventOutputWrite)
    R_IOPORT_PinRead                         0x0000063b   Thumb Code    34  r_ioport.o(.text.R_IOPORT_PinRead)
    R_IOPORT_PinWrite                        0x0000065d   Thumb Code    40  r_ioport.o(.text.R_IOPORT_PinWrite)
    R_IOPORT_PinsCfg                         0x00000685   Thumb Code    12  r_ioport.o(.text.R_IOPORT_PinsCfg)
    R_IOPORT_PortDirectionSet                0x00000691   Thumb Code    44  r_ioport.o(.text.R_IOPORT_PortDirectionSet)
    R_IOPORT_PortEventInputRead              0x000006bd   Thumb Code    24  r_ioport.o(.text.R_IOPORT_PortEventInputRead)
    R_IOPORT_PortEventOutputWrite            0x000006d5   Thumb Code    32  r_ioport.o(.text.R_IOPORT_PortEventOutputWrite)
    R_IOPORT_PortRead                        0x000006f5   Thumb Code    22  r_ioport.o(.text.R_IOPORT_PortRead)
    R_IOPORT_PortWrite                       0x0000070b   Thumb Code    32  r_ioport.o(.text.R_IOPORT_PortWrite)
    R_SCI_UART_Abort                         0x0000072b   Thumb Code    34  r_sci_uart.o(.text.R_SCI_UART_Abort)
    R_SCI_UART_BaudSet                       0x0000074d   Thumb Code    80  r_sci_uart.o(.text.R_SCI_UART_BaudSet)
    R_SCI_UART_CallbackSet                   0x0000079d   Thumb Code    14  r_sci_uart.o(.text.R_SCI_UART_CallbackSet)
    R_SCI_UART_Close                         0x000007ab   Thumb Code   166  r_sci_uart.o(.text.R_SCI_UART_Close)
    R_SCI_UART_InfoGet                       0x00000851   Thumb Code    12  r_sci_uart.o(.text.R_SCI_UART_InfoGet)
    R_SCI_UART_Open                          0x0000085d   Thumb Code   798  r_sci_uart.o(.text.R_SCI_UART_Open)
    R_SCI_UART_Read                          0x00000b7b   Thumb Code    10  r_sci_uart.o(.text.R_SCI_UART_Read)
    R_SCI_UART_ReadStop                      0x00000b85   Thumb Code    14  r_sci_uart.o(.text.R_SCI_UART_ReadStop)
    R_SCI_UART_Write                         0x00000b93   Thumb Code    76  r_sci_uart.o(.text.R_SCI_UART_Write)
    Reset_Handler                            0x00000be1   Thumb Code    10  startup.o(.text.Reset_Handler)
    SVC_Handler                              0x00000bed   Thumb Code    18  port.o(.text.SVC_Handler)
    SysTick_Handler                          0x00000c05   Thumb Code    38  port.o(.text.SysTick_Handler)
    SystemCoreClockUpdate                    0x00000c2b   Thumb Code    44  bsp_clocks.o(.text.SystemCoreClockUpdate)
    SystemInit                               0x00000c59   Thumb Code   204  system.o(.text.SystemInit)
    UARTDrvInit                              0x00000d25   Thumb Code    36  drv_uart.o(.text.UARTDrvInit)
    __aeabi_assert                           0x00000d89   Thumb Code     6  bsp_common.o(.text.__aeabi_assert)
    bsp_clock_init                           0x00000d91   Thumb Code   272  bsp_clocks.o(.text.bsp_clock_init)
    bsp_init                                 0x00000ea1   Thumb Code     2  bsp_common.o(.text.bsp_init_internal)
    bsp_init_internal                        0x00000ea1   Thumb Code     2  bsp_common.o(.text.bsp_init_internal)
    bsp_irq_cfg                              0x00000ea5   Thumb Code   146  bsp_irq.o(.text.bsp_irq_cfg)
    bsp_prv_software_delay_loop              0x00000f37   Thumb Code     8  bsp_delay.o(.text.bsp_prv_software_delay_loop)
    fputc                                    0x00000fd1   Thumb Code    74  drv_uart.o(.text.fputc)
    g_common_init                            0x0000101b   Thumb Code     2  common_data.o(.text.g_common_init)
    g_hal_init                               0x0000101d   Thumb Code     4  hal_data.o(.text.g_hal_init)
    led_thread_create                        0x00001021   Thumb Code    84  led_thread.o(.text.led_thread_create)
    led_thread_entry                         0x00001081   Thumb Code    44  led_thread_entry.o(.text.led_thread_entry)
    log_thread_create                        0x000010c9   Thumb Code    84  log_thread.o(.text.log_thread_create)
    log_thread_entry                         0x00001129   Thumb Code    28  log_thread_entry.o(.text.log_thread_entry)
    main                                     0x00001163   Thumb Code    70  main.o(.text.main)
    pvPortMalloc                             0x00001701   Thumb Code   360  heap_4.o(.text.pvPortMalloc)
    pxPortInitialiseStack                    0x000018d9   Thumb Code    40  port.o(.text.pxPortInitialiseStack)
    rm_freertos_port_restore_task_stackless  0x00001a01   Thumb Code    32  port.o(.text.rm_freertos_port_restore_task_stackless)
    rm_freertos_port_sleep_preserving_lpm    0x00001a25   Thumb Code   110  port.o(.text.rm_freertos_port_sleep_preserving_lpm)
    rtos_startup_common_init                 0x00001a95   Thumb Code    98  main.o(.text.rtos_startup_common_init)
    rtos_startup_err_callback                0x00001af7   Thumb Code     4  main.o(.text.rtos_startup_err_callback_internal)
    rtos_startup_err_callback_internal       0x00001af7   Thumb Code     4  main.o(.text.rtos_startup_err_callback_internal)
    sci_uart7_callback                       0x00001afb   Thumb Code    22  drv_uart.o(.text.sci_uart7_callback)
    sci_uart_eri_isr                         0x00001b11   Thumb Code   106  r_sci_uart.o(.text.sci_uart_eri_isr)
    sci_uart_rxi_isr                         0x00001b7b   Thumb Code   136  r_sci_uart.o(.text.sci_uart_rxi_isr)
    sci_uart_tei_isr                         0x00001c03   Thumb Code    74  r_sci_uart.o(.text.sci_uart_tei_isr)
    sci_uart_txi_isr                         0x00001c4d   Thumb Code   136  r_sci_uart.o(.text.sci_uart_txi_isr)
    uxListRemove                             0x00001cd5   Thumb Code    34  list.o(.text.uxListRemove)
    vApplicationIdleHook                     0x00001cf7   Thumb Code    24  port.o(.text.vApplicationIdleHook)
    vListInitialise                          0x00001d0f   Thumb Code    22  list.o(.text.vListInitialise)
    vListInitialiseItem                      0x00001d25   Thumb Code     6  list.o(.text.vListInitialiseItem)
    vListInsert                              0x00001d2d   Thumb Code    58  list.o(.text.vListInsert)
    vPortEnterCritical                       0x00001d67   Thumb Code    76  port.o(.text.vPortEnterCritical)
    vPortExitCritical                        0x00001db5   Thumb Code    56  port.o(.text.vPortExitCritical)
    vPortFree                                0x00001e01   Thumb Code   136  heap_4.o(.text.vPortFree)
    vPortSVCHandler_C                        0x00001edd   Thumb Code    40  port.o(.text.vPortSVCHandler_C)
    vPortSetupTimerInterrupt                 0x00001f19   Thumb Code    70  port.o(.text.vPortSetupTimerInterrupt)
    vQueueAddToRegistry                      0x00001f61   Thumb Code    94  queue.o(.text.vQueueAddToRegistry)
    vQueueWaitForMessageRestricted           0x00001fbf   Thumb Code    70  queue.o(.text.vQueueWaitForMessageRestricted)
    vTaskDelay                               0x00002005   Thumb Code    84  tasks.o(.text.vTaskDelay)
    vTaskInternalSetTimeOutState             0x00002059   Thumb Code    26  tasks.o(.text.vTaskInternalSetTimeOutState)
    vTaskMissedYield                         0x00002073   Thumb Code    14  tasks.o(.text.vTaskMissedYield)
    vTaskPlaceOnEventList                    0x00002081   Thumb Code    58  tasks.o(.text.vTaskPlaceOnEventList)
    vTaskPlaceOnEventListRestricted          0x000020bb   Thumb Code   114  tasks.o(.text.vTaskPlaceOnEventListRestricted)
    vTaskStartScheduler                      0x0000212d   Thumb Code   132  tasks.o(.text.vTaskStartScheduler)
    vTaskSuspendAll                          0x000021cd   Thumb Code    16  tasks.o(.text.vTaskSuspendAll)
    vTaskSwitchContext                       0x000021dd   Thumb Code   140  tasks.o(.text.vTaskSwitchContext)
    xPortStartScheduler                      0x00002279   Thumb Code    60  port.o(.text.xPortStartScheduler)
    xQueueCreateCountingSemaphore            0x000022b5   Thumb Code    44  queue.o(.text.xQueueCreateCountingSemaphore)
    xQueueGenericCreate                      0x000022e9   Thumb Code    80  queue.o(.text.xQueueGenericCreate)
    xQueueGenericReset                       0x00002345   Thumb Code   168  queue.o(.text.xQueueGenericReset)
    xQueueGenericSend                        0x00002411   Thumb Code   424  queue.o(.text.xQueueGenericSend)
    xQueueReceive                            0x000025b9   Thumb Code   410  queue.o(.text.xQueueReceive)
    xQueueSemaphoreTake                      0x00002755   Thumb Code   370  queue.o(.text.xQueueSemaphoreTake)
    xTaskCheckForTimeOut                     0x000028c9   Thumb Code   140  tasks.o(.text.xTaskCheckForTimeOut)
    xTaskCreate                              0x00002965   Thumb Code   488  tasks.o(.text.xTaskCreate)
    xTaskGetSchedulerState                   0x00002b61   Thumb Code    36  tasks.o(.text.xTaskGetSchedulerState)
    xTaskGetTickCount                        0x00002b85   Thumb Code    12  tasks.o(.text.xTaskGetTickCount)
    xTaskIncrementTick                       0x00002b91   Thumb Code   402  tasks.o(.text.xTaskIncrementTick)
    Image$$BSS$$ZI$$Length                   0x00002c2c   Number         0  anon$$obj.o ABSOLUTE
    xTaskRemoveFromEventList                 0x00002d23   Thumb Code   242  tasks.o(.text.xTaskRemoveFromEventList)
    xTaskResumeAll                           0x00002e15   Thumb Code   376  tasks.o(.text.xTaskResumeAll)
    xTimerCreateTimerTask                    0x00002fa5   Thumb Code    80  timers.o(.text.xTimerCreateTimerTask)
    __0printf$3                              0x00003005   Thumb Code    22  printf3.o(i.__0printf$3)
    __1printf$3                              0x00003005   Thumb Code     0  printf3.o(i.__0printf$3)
    __2printf                                0x00003005   Thumb Code     0  printf3.o(i.__0printf$3)
    puts                                     0x000031dd   Thumb Code    30  puts.o(i.puts)
    g_bsp_pin_cfg                            0x00003208   Data           8  pin_data.o(.rodata.g_bsp_pin_cfg)
    g_bsp_pin_cfg_data                       0x00003210   Data          40  pin_data.o(.rodata.g_bsp_pin_cfg_data)
    g_interrupt_event_link_select            0x00003238   Data         384  vector_data.o(.rodata.g_interrupt_event_link_select)
    g_ioport                                 0x000033b8   Data          12  common_data.o(.rodata.g_ioport)
    g_ioport_on_ioport                       0x000033c4   Data          52  r_ioport.o(.rodata.g_ioport_on_ioport)
    g_uart7                                  0x000033f8   Data          12  hal_data.o(.rodata.g_uart7)
    g_uart7_cfg                              0x00003404   Data          68  hal_data.o(.rodata.g_uart7_cfg)
    g_uart7_cfg_extend                       0x00003448   Data          40  hal_data.o(.rodata.g_uart7_cfg_extend)
    g_uart_on_sci                            0x00003470   Data          36  r_sci_uart.o(.rodata.g_uart_on_sci)
    led_thread_parameters                    0x00003494   Data           4  led_thread.o(.rodata.led_thread_parameters)
    log_thread_parameters                    0x00003498   Data           4  log_thread.o(.rodata.log_thread_parameters)
    uxTopUsedPriority                        0x00003a54   Data           4  tasks.o(.rodata.uxTopUsedPriority)
    Load$$DATA$$Base                         0x00003aa8   Number         0  anon$$obj.o ABSOLUTE
    Image$$__tz_FLASH_C$$Base                0x00006c00   Number         0  anon$$obj.o ABSOLUTE
    Image$$__tz_FLASH_N$$Base                0x00008000   Number         0  anon$$obj.o ABSOLUTE
    Image$$__tz_DATA_FLASH_N$$Base           0x08000000   Number         0  anon$$obj.o ABSOLUTE
    Image$$__tz_DATA_FLASH_S$$Base           0x08000000   Number         0  anon$$obj.o ABSOLUTE
    Image$$DATA$$Base                        0x20000000   Number         0  anon$$obj.o ABSOLUTE
    Image$$__tz_RAM_S$$Base                  0x20000000   Number         0  anon$$obj.o ABSOLUTE
    g_uart7_baud_setting                     0x20000010   Data           4  hal_data.o(.data.g_uart7_baud_setting)
    Image$$BSS$$ZI$$Base                     0x20000014   Number         0  anon$$obj.o ABSOLUTE
    SystemCoreClock                          0x20000014   Data           4  system.o(.bss.SystemCoreClock)
    __stdout                                 0x20000018   Data          84  drv_uart.o(.bss.__stdout)
    g_bsp_group_irq_sources                  0x20000070   Data          64  bsp_group_irq.o(.bss.g_bsp_group_irq_sources)
    g_fsp_common_initialized                 0x200000b0   Data           1  main.o(.bss.g_fsp_common_initialized)
    g_fsp_common_initialized_semaphore       0x200000b4   Data           4  main.o(.bss.g_fsp_common_initialized_semaphore)
    g_fsp_common_thread_count                0x200000b8   Data           4  main.o(.bss.g_fsp_common_thread_count)
    g_ioport_ctrl                            0x200000bc   Data           8  common_data.o(.bss.g_ioport_ctrl)
    g_protect_counters                       0x200000c8   Data           8  bsp_register_protection.o(.bss.g_protect_counters)
    g_protect_pfswe_counter                  0x200000d0   Data           4  bsp_io.o(.bss.g_protect_pfswe_counter)
    g_uart7_ctrl                             0x200000d4   Data          48  hal_data.o(.bss.g_uart7_ctrl)
    gp_renesas_isr_context                   0x20000104   Data         384  bsp_irq.o(.bss.gp_renesas_isr_context)
    led_thread                               0x20000284   Data           4  led_thread.o(.bss.led_thread)
    log_thread                               0x20000288   Data           4  log_thread.o(.bss.log_thread)
    pxCurrentTCB                             0x20000290   Data           4  tasks.o(.bss.pxCurrentTCB)
    xQueueRegistry                           0x20002bac   Data          80  queue.o(.bss.xQueueRegistry)
    Image$$__tz_RAM_C$$Base                  0x20080000   Number         0  anon$$obj.o ABSOLUTE
    Image$$__tz_RAM_N$$Base                  0x20080000   Number         0  anon$$obj.o ABSOLUTE



==============================================================================

Memory Map of the image

  Image Entry point : 0x00000be1

  Load Region LOAD_REGION_FLASH (Base: 0x00000000, Size: 0x00003ac0, Max: 0x00100000, ABSOLUTE)

    Execution Region __tz_FLASH_S (Exec base: 0x00000000, Load base: 0x00000000, Size: 0x00000000, Max: 0x00000000, ABSOLUTE)

    Exec Addr    Load Addr    Size         Type   Attr      Idx    E Section Name        Object

    0x00000000        -       0x00000000   Zero   RW            1    __tz_FLASH_S.bss    anon$$obj.o


    Execution Region VECTORS (Exec base: 0x00000000, Load base: 0x00000000, Size: 0x000001c0, Max: 0xffffffff, ABSOLUTE, FIXED)

    Exec Addr    Load Addr    Size         Type   Attr      Idx    E Section Name        Object

    0x00000000   0x00000000   0x00000040   Data   RO          459    .fixed_vectors      startup.o
    0x00000040   0x00000040   0x00000180   Data   RO          818    .application_vectors  vector_data.o


    Execution Region MCUBOOT_SCE9_KEY (Exec base: 0x000001c0, Load base: 0x000001c0, Size: 0x00000000, Max: 0xffffffff, ABSOLUTE, FIXED)

    **** No section assigned to this execution region ****


    Execution Region INIT_ARRAY (Exec base: 0x000001c0, Load base: 0x000001c0, Size: 0x00000000, Max: 0xffffffff, ABSOLUTE, FIXED)

    **** No section assigned to this execution region ****


    Execution Region USB_DESC_FS (Exec base: 0x000001c0, Load base: 0x000001c0, Size: 0x00000000, Max: 0xffffffff, ABSOLUTE, FIXED)

    **** No section assigned to this execution region ****


    Execution Region RO_CODE_DATA (Exec base: 0x000001c0, Load base: 0x000001c0, Size: 0x000038e8, Max: 0xffffffff, ABSOLUTE, FIXED)

    Exec Addr    Load Addr    Size         Type   Attr      Idx    E Section Name        Object

    0x000001c0   0x000001c0   0x00000024   Code   RO          832    .text               mc_w.l(memcpya.o)
    0x000001e4   0x000001e4   0x00000024   Code   RO          834    .text               mc_w.l(memseta.o)
    0x00000208   0x00000208   0x0000001c   Code   RO          836    .text               mc_w.l(strcmp.o)
    0x00000224   0x00000224   0x0000002c   Code   RO         1110    .text               mc_w.l(uidiv.o)
    0x00000250   0x00000250   0x00000004   Code   RO          456    .text.Default_Handler  startup.o
    0x00000254   0x00000254   0x0000000e   Code   RO           42    .text.IODrvInit     drv_gpio.o
    0x00000262   0x00000262   0x00000052   Code   RO           46    .text.IODrvRead     drv_gpio.o
    0x000002b4   0x000002b4   0x0000004a   Code   RO           44    .text.IODrvWrite    drv_gpio.o
    0x000002fe   0x000002fe   0x00000020   Code   RO           40    .text.IOGetDecvice  drv_gpio.o
    0x0000031e   0x0000031e   0x00000002   PAD
    0x00000320   0x00000320   0x00000036   Code   RO          540    .text.NMI_Handler   bsp_group_irq.o
    0x00000356   0x00000356   0x00000002   PAD
    0x00000358   0x00000358   0x00000044   Code   RO          703    .text.PendSV_Handler  port.o
    0x0000039c   0x0000039c   0x0000004e   Code   RO          498    .text.R_BSP_Init_RTC  bsp_clocks.o
    0x000003ea   0x000003ea   0x0000004e   Code   RO          571    .text.R_BSP_RegisterProtectDisable  bsp_register_protection.o
    0x00000438   0x00000438   0x00000052   Code   RO          569    .text.R_BSP_RegisterProtectEnable  bsp_register_protection.o
    0x0000048a   0x0000048a   0x00000058   Code   RO          526    .text.R_BSP_SoftwareDelay  bsp_delay.o
    0x000004e2   0x000004e2   0x0000001c   Code   RO           76    .text.R_BSP_WarmStart  hal_entry.o
    0x000004fe   0x000004fe   0x0000000a   Code   RO          623    .text.R_IOPORT_Close  r_ioport.o
    0x00000508   0x00000508   0x00000016   Code   RO          621    .text.R_IOPORT_Open  r_ioport.o
    0x0000051e   0x0000051e   0x000000b2   Code   RO          627    .text.R_IOPORT_PinCfg  r_ioport.o
    0x000005d0   0x000005d0   0x00000028   Code   RO          629    .text.R_IOPORT_PinEventInputRead  r_ioport.o
    0x000005f8   0x000005f8   0x00000042   Code   RO          631    .text.R_IOPORT_PinEventOutputWrite  r_ioport.o
    0x0000063a   0x0000063a   0x00000022   Code   RO          633    .text.R_IOPORT_PinRead  r_ioport.o
    0x0000065c   0x0000065c   0x00000028   Code   RO          635    .text.R_IOPORT_PinWrite  r_ioport.o
    0x00000684   0x00000684   0x0000000c   Code   RO          625    .text.R_IOPORT_PinsCfg  r_ioport.o
    0x00000690   0x00000690   0x0000002c   Code   RO          637    .text.R_IOPORT_PortDirectionSet  r_ioport.o
    0x000006bc   0x000006bc   0x00000018   Code   RO          639    .text.R_IOPORT_PortEventInputRead  r_ioport.o
    0x000006d4   0x000006d4   0x00000020   Code   RO          641    .text.R_IOPORT_PortEventOutputWrite  r_ioport.o
    0x000006f4   0x000006f4   0x00000016   Code   RO          643    .text.R_IOPORT_PortRead  r_ioport.o
    0x0000070a   0x0000070a   0x00000020   Code   RO          645    .text.R_IOPORT_PortWrite  r_ioport.o
    0x0000072a   0x0000072a   0x00000022   Code   RO          670    .text.R_SCI_UART_Abort  r_sci_uart.o
    0x0000074c   0x0000074c   0x00000050   Code   RO          666    .text.R_SCI_UART_BaudSet  r_sci_uart.o
    0x0000079c   0x0000079c   0x0000000e   Code   RO          672    .text.R_SCI_UART_CallbackSet  r_sci_uart.o
    0x000007aa   0x000007aa   0x000000a6   Code   RO          674    .text.R_SCI_UART_Close  r_sci_uart.o
    0x00000850   0x00000850   0x0000000c   Code   RO          668    .text.R_SCI_UART_InfoGet  r_sci_uart.o
    0x0000085c   0x0000085c   0x0000031e   Code   RO          660    .text.R_SCI_UART_Open  r_sci_uart.o
    0x00000b7a   0x00000b7a   0x0000000a   Code   RO          662    .text.R_SCI_UART_Read  r_sci_uart.o
    0x00000b84   0x00000b84   0x0000000e   Code   RO          676    .text.R_SCI_UART_ReadStop  r_sci_uart.o
    0x00000b92   0x00000b92   0x0000004c   Code   RO          664    .text.R_SCI_UART_Write  r_sci_uart.o
    0x00000bde   0x00000bde   0x00000002   PAD
    0x00000be0   0x00000be0   0x0000000a   Code   RO          454  * .text.Reset_Handler  startup.o
    0x00000bea   0x00000bea   0x00000002   PAD
    0x00000bec   0x00000bec   0x00000018   Code   RO          701    .text.SVC_Handler   port.o
    0x00000c04   0x00000c04   0x00000026   Code   RO          707    .text.SysTick_Handler  port.o
    0x00000c2a   0x00000c2a   0x0000002c   Code   RO          484    .text.SystemCoreClockUpdate  bsp_clocks.o
    0x00000c56   0x00000c56   0x00000002   PAD
    0x00000c58   0x00000c58   0x000000cc   Code   RO          467    .text.SystemInit    system.o
    0x00000d24   0x00000d24   0x00000064   Code   RO           58    .text.UARTDrvInit   drv_uart.o
    0x00000d88   0x00000d88   0x00000006   Code   RO          513    .text.__aeabi_assert  bsp_common.o
    0x00000d8e   0x00000d8e   0x00000002   PAD
    0x00000d90   0x00000d90   0x00000110   Code   RO          490    .text.bsp_clock_init  bsp_clocks.o
    0x00000ea0   0x00000ea0   0x00000002   Code   RO          509    .text.bsp_init_internal  bsp_common.o
    0x00000ea2   0x00000ea2   0x00000002   PAD
    0x00000ea4   0x00000ea4   0x00000092   Code   RO          558    .text.bsp_irq_cfg   bsp_irq.o
    0x00000f36   0x00000f36   0x00000008   Code   RO          528    .text.bsp_prv_software_delay_loop  bsp_delay.o
    0x00000f3e   0x00000f3e   0x00000002   PAD
    0x00000f40   0x00000f40   0x00000090   Code   RO          649    .text.bsp_vbatt_init  r_ioport.o
    0x00000fd0   0x00000fd0   0x0000004a   Code   RO           62    .text.fputc         drv_uart.o
    0x0000101a   0x0000101a   0x00000002   Code   RO          742    .text.g_common_init  common_data.o
    0x0000101c   0x0000101c   0x00000004   Code   RO          752    .text.g_hal_init    hal_data.o
    0x00001020   0x00001020   0x00000060   Code   RO          765    .text.led_thread_create  led_thread.o
    0x00001080   0x00001080   0x00000034   Code   RO           86    .text.led_thread_entry  led_thread_entry.o
    0x000010b4   0x000010b4   0x00000012   Code   RO          767    .text.led_thread_func  led_thread.o
    0x000010c6   0x000010c6   0x00000002   PAD
    0x000010c8   0x000010c8   0x00000060   Code   RO          779    .text.log_thread_create  log_thread.o
    0x00001128   0x00001128   0x00000028   Code   RO           95    .text.log_thread_entry  log_thread_entry.o
    0x00001150   0x00001150   0x00000012   Code   RO          781    .text.log_thread_func  log_thread.o
    0x00001162   0x00001162   0x00000046   Code   RO          797    .text.main          main.o
    0x000011a8   0x000011a8   0x0000009a   Code   RO          291    .text.prvAddCurrentTaskToDelayedList  tasks.o
    0x00001242   0x00001242   0x00000002   PAD
    0x00001244   0x00001244   0x00000068   Code   RO          404    .text.prvCheckForValidListAndQueue  timers.o
    0x000012ac   0x000012ac   0x00000062   Code   RO          188    .text.prvCopyDataToQueue  queue.o
    0x0000130e   0x0000130e   0x00000002   PAD
    0x00001310   0x00001310   0x00000076   Code   RO          313    .text.prvIdleTask   tasks.o
    0x00001386   0x00001386   0x00000002   PAD
    0x00001388   0x00001388   0x00000056   Code   RO          151    .text.prvInsertBlockIntoFreeList  heap_4.o
    0x000013de   0x000013de   0x00000040   Code   RO          436    .text.prvInsertTimerInActiveList  timers.o
    0x0000141e   0x0000141e   0x00000040   Code   RO          432    .text.prvProcessExpiredTimer  timers.o
    0x0000145e   0x0000145e   0x00000002   PAD
    0x00001460   0x00001460   0x0000002e   Code   RO          434    .text.prvReloadTimer  timers.o
    0x0000148e   0x0000148e   0x00000002   PAD
    0x00001490   0x00001490   0x00000056   Code   RO          430    .text.prvSampleTimeNow  timers.o
    0x000014e6   0x000014e6   0x00000002   PAD
    0x000014e8   0x000014e8   0x00000006   Code   RO          713    .text.prvTaskExitError  port.o
    0x000014ee   0x000014ee   0x00000002   PAD
    0x000014f0   0x000014f0   0x0000019c   Code   RO          406    .text.prvTimerTask  timers.o
    0x0000168c   0x0000168c   0x00000072   Code   RO          190    .text.prvUnlockQueue  queue.o
    0x000016fe   0x000016fe   0x00000002   PAD
    0x00001700   0x00001700   0x000001d8   Code   RO          149    .text.pvPortMalloc  heap_4.o
    0x000018d8   0x000018d8   0x00000028   Code   RO          711    .text.pxPortInitialiseStack  port.o
    0x00001900   0x00001900   0x000000c0   Code   RO          647    .text.r_ioport_pins_config  r_ioport.o
    0x000019c0   0x000019c0   0x00000040   Code   RO          682    .text.r_sci_uart_call_callback  r_sci_uart.o
    0x00001a00   0x00001a00   0x00000024   Code   RO          705    .text.rm_freertos_port_restore_task_stackless  port.o
    0x00001a24   0x00001a24   0x0000006e   Code   RO          725    .text.rm_freertos_port_sleep_preserving_lpm  port.o
    0x00001a92   0x00001a92   0x00000002   PAD
    0x00001a94   0x00001a94   0x00000062   Code   RO          795    .text.rtos_startup_common_init  main.o
    0x00001af6   0x00001af6   0x00000004   Code   RO          793    .text.rtos_startup_err_callback_internal  main.o
    0x00001afa   0x00001afa   0x00000016   Code   RO           60    .text.sci_uart7_callback  drv_uart.o
    0x00001b10   0x00001b10   0x0000006a   Code   RO          688    .text.sci_uart_eri_isr  r_sci_uart.o
    0x00001b7a   0x00001b7a   0x00000088   Code   RO          684    .text.sci_uart_rxi_isr  r_sci_uart.o
    0x00001c02   0x00001c02   0x0000004a   Code   RO          686    .text.sci_uart_tei_isr  r_sci_uart.o
    0x00001c4c   0x00001c4c   0x00000088   Code   RO          680    .text.sci_uart_txi_isr  r_sci_uart.o
    0x00001cd4   0x00001cd4   0x00000022   Code   RO          139    .text.uxListRemove  list.o
    0x00001cf6   0x00001cf6   0x00000018   Code   RO          727    .text.vApplicationIdleHook  port.o
    0x00001d0e   0x00001d0e   0x00000016   Code   RO          131    .text.vListInitialise  list.o
    0x00001d24   0x00001d24   0x00000006   Code   RO          133    .text.vListInitialiseItem  list.o
    0x00001d2a   0x00001d2a   0x00000002   PAD
    0x00001d2c   0x00001d2c   0x0000003a   Code   RO          137    .text.vListInsert   list.o
    0x00001d66   0x00001d66   0x0000004c   Code   RO          721    .text.vPortEnterCritical  port.o
    0x00001db2   0x00001db2   0x00000002   PAD
    0x00001db4   0x00001db4   0x0000004c   Code   RO          723    .text.vPortExitCritical  port.o
    0x00001e00   0x00001e00   0x000000dc   Code   RO          153    .text.vPortFree     heap_4.o
    0x00001edc   0x00001edc   0x0000003c   Code   RO          709    .text.vPortSVCHandler_C  port.o
    0x00001f18   0x00001f18   0x00000046   Code   RO          717    .text.vPortSetupTimerInterrupt  port.o
    0x00001f5e   0x00001f5e   0x00000002   PAD
    0x00001f60   0x00001f60   0x0000005e   Code   RO          220    .text.vQueueAddToRegistry  queue.o
    0x00001fbe   0x00001fbe   0x00000046   Code   RO          224    .text.vQueueWaitForMessageRestricted  queue.o
    0x00002004   0x00002004   0x00000054   Code   RO          295    .text.vTaskDelay    tasks.o
    0x00002058   0x00002058   0x0000001a   Code   RO          341    .text.vTaskInternalSetTimeOutState  tasks.o
    0x00002072   0x00002072   0x0000000e   Code   RO          345    .text.vTaskMissedYield  tasks.o
    0x00002080   0x00002080   0x0000003a   Code   RO          329    .text.vTaskPlaceOnEventList  tasks.o
    0x000020ba   0x000020ba   0x00000072   Code   RO          333    .text.vTaskPlaceOnEventListRestricted  tasks.o
    0x0000212c   0x0000212c   0x000000a0   Code   RO          311    .text.vTaskStartScheduler  tasks.o
    0x000021cc   0x000021cc   0x00000010   Code   RO          289    .text.vTaskSuspendAll  tasks.o
    0x000021dc   0x000021dc   0x0000009c   Code   RO          305    .text.vTaskSwitchContext  tasks.o
    0x00002278   0x00002278   0x0000003c   Code   RO          715    .text.xPortStartScheduler  port.o
    0x000022b4   0x000022b4   0x00000034   Code   RO          184    .text.xQueueCreateCountingSemaphore  queue.o
    0x000022e8   0x000022e8   0x0000005c   Code   RO          182    .text.xQueueGenericCreate  queue.o
    0x00002344   0x00002344   0x000000cc   Code   RO          180    .text.xQueueGenericReset  queue.o
    0x00002410   0x00002410   0x000001a8   Code   RO          186    .text.xQueueGenericSend  queue.o
    0x000025b8   0x000025b8   0x0000019a   Code   RO          196    .text.xQueueReceive  queue.o
    0x00002752   0x00002752   0x00000002   PAD
    0x00002754   0x00002754   0x00000172   Code   RO          198    .text.xQueueSemaphoreTake  queue.o
    0x000028c6   0x000028c6   0x00000002   PAD
    0x000028c8   0x000028c8   0x0000009c   Code   RO          343    .text.xTaskCheckForTimeOut  tasks.o
    0x00002964   0x00002964   0x000001fc   Code   RO          283    .text.xTaskCreate   tasks.o
    0x00002b60   0x00002b60   0x00000024   Code   RO          353    .text.xTaskGetSchedulerState  tasks.o
    0x00002b84   0x00002b84   0x0000000c   Code   RO          319    .text.xTaskGetTickCount  tasks.o
    0x00002b90   0x00002b90   0x00000192   Code   RO          317    .text.xTaskIncrementTick  tasks.o
    0x00002d22   0x00002d22   0x000000f2   Code   RO          335    .text.xTaskRemoveFromEventList  tasks.o
    0x00002e14   0x00002e14   0x00000190   Code   RO          293    .text.xTaskResumeAll  tasks.o
    0x00002fa4   0x00002fa4   0x00000060   Code   RO          402    .text.xTimerCreateTimerTask  timers.o
    0x00003004   0x00003004   0x00000020   Code   RO          929    i.__0printf$3       mc_w.l(printf3.o)
    0x00003024   0x00003024   0x000001b8   Code   RO          936    i._printf_core      mc_w.l(printf3.o)
    0x000031dc   0x000031dc   0x00000024   Code   RO          826    i.puts              mc_w.l(puts.o)
    0x00003200   0x00003200   0x00000008   Data   RO          574    .rodata.cst8        bsp_register_protection.o
    0x00003208   0x00003208   0x00000008   Data   RO          812    .rodata.g_bsp_pin_cfg  pin_data.o
    0x00003210   0x00003210   0x00000028   Data   RO          811    .rodata.g_bsp_pin_cfg_data  pin_data.o
    0x00003238   0x00003238   0x00000180   Data   RO          819    .rodata.g_interrupt_event_link_select  vector_data.o
    0x000033b8   0x000033b8   0x0000000c   Data   RO          745    .rodata.g_ioport    common_data.o
    0x000033c4   0x000033c4   0x00000034   Data   RO          651    .rodata.g_ioport_on_ioport  r_ioport.o
    0x000033f8   0x000033f8   0x0000000c   Data   RO          758    .rodata.g_uart7     hal_data.o
    0x00003404   0x00003404   0x00000044   Data   RO          756    .rodata.g_uart7_cfg  hal_data.o
    0x00003448   0x00003448   0x00000028   Data   RO          755    .rodata.g_uart7_cfg_extend  hal_data.o
    0x00003470   0x00003470   0x00000024   Data   RO          690    .rodata.g_uart_on_sci  r_sci_uart.o
    0x00003494   0x00003494   0x00000004   Data   RO          769    .rodata.led_thread_parameters  led_thread.o
    0x00003498   0x00003498   0x00000004   Data   RO          783    .rodata.log_thread_parameters  log_thread.o
    0x0000349c   0x0000349c   0x00000038   Data   RO           48    .rodata.str1.1      drv_gpio.o
    0x000034d4   0x000034d4   0x0000006b   Data   RO          165    .rodata.str1.1      heap_4.o
    0x0000353f   0x0000353f   0x00000276   Data   RO          226    .rodata.str1.1      queue.o
    0x000037b5   0x000037b5   0x000001a4   Data   RO          379    .rodata.str1.1      tasks.o
    0x00003959   0x00003959   0x00000061   Data   RO          440    .rodata.str1.1      timers.o
    0x000039ba   0x000039ba   0x0000009a   Data   RO          731    .rodata.str1.1      port.o
    0x00003a54   0x00003a54   0x00000004   Data   RO          372    .rodata.uxTopUsedPriority  tasks.o
    0x00003a58   0x00003a58   0x00000004   Data   RO          515    .version            bsp_common.o
    0x00003a5c   0x00003a5c   0x00000006   Data   RO          516    .version            bsp_common.o
    0x00003a62   0x00003a62   0x00000044   Data   RO          517    .version            bsp_common.o


    Execution Region __tz_RAM_S (Exec base: 0x20000000, Load base: 0x00003aa8, Size: 0x00000000, Max: 0x00000000, ABSOLUTE)

    Exec Addr    Load Addr    Size         Type   Attr      Idx    E Section Name        Object

    0x20000000        -       0x00000000   Zero   RW            2    __tz_RAM_S.bss      anon$$obj.o


    Execution Region DTC_VECTOR_TABLE (Exec base: 0x20000000, Load base: 0x00003aa8, Size: 0x00000000, Max: 0x00080000, ABSOLUTE, UNINIT)

    **** No section assigned to this execution region ****


    Execution Region DATA (Exec base: 0x20000000, Load base: 0x00003aa8, Size: 0x00000014, Max: 0xffffffff, ABSOLUTE)

    Exec Addr    Load Addr    Size         Type   Attr      Idx    E Section Name        Object

    0x20000000   0x00003aa8   0x00000010   Data   RW           49    .data.gLedDev       drv_gpio.o
    0x20000010   0x00003ab8   0x00000004   Data   RW          754    .data.g_uart7_baud_setting  hal_data.o


    Execution Region BSS (Exec base: 0x20000014, Load base: 0x00003abc, Size: 0x00002c2c, Max: 0xffffffff, ABSOLUTE)

    Exec Addr    Load Addr    Size         Type   Attr      Idx    E Section Name        Object

    0x20000014        -       0x00000004   Zero   RW          471    .bss.SystemCoreClock  system.o
    0x20000018        -       0x00000054   Zero   RW           65    .bss.__stdout       drv_uart.o
    0x2000006c        -       0x00000001   Zero   RW           64    .bss.gUartTxCplt    drv_uart.o
    0x2000006d   0x00003abc   0x00000003   PAD
    0x20000070        -       0x00000040   Zero   RW          542    .bss.g_bsp_group_irq_sources  bsp_group_irq.o
    0x200000b0        -       0x00000001   Zero   RW          800    .bss.g_fsp_common_initialized  main.o
    0x200000b1   0x00003abc   0x00000003   PAD
    0x200000b4        -       0x00000004   Zero   RW          799    .bss.g_fsp_common_initialized_semaphore  main.o
    0x200000b8        -       0x00000004   Zero   RW          801    .bss.g_fsp_common_thread_count  main.o
    0x200000bc        -       0x00000008   Zero   RW          744    .bss.g_ioport_ctrl  common_data.o
    0x200000c4        -       0x00000004   Zero   RW          733    .bss.g_mask_level_before_disable  port.o
    0x200000c8        -       0x00000008   Zero   RW          573    .bss.g_protect_counters  bsp_register_protection.o
    0x200000d0        -       0x00000004   Zero   RW          552    .bss.g_protect_pfswe_counter  bsp_io.o
    0x200000d4        -       0x00000030   Zero   RW          757    .bss.g_uart7_ctrl   hal_data.o
    0x20000104        -       0x00000180   Zero   RW          561    .bss.gp_renesas_isr_context  bsp_irq.o
    0x20000284        -       0x00000004   Zero   RW          770    .bss.led_thread     led_thread.o
    0x20000288        -       0x00000004   Zero   RW          784    .bss.log_thread     log_thread.o
    0x2000028c        -       0x00000004   Zero   RW          443    .bss.prvSampleTimeNow.xLastTime  timers.o
    0x20000290        -       0x00000004   Zero   RW          371    .bss.pxCurrentTCB   tasks.o
    0x20000294        -       0x00000004   Zero   RW          441    .bss.pxCurrentTimerList  timers.o
    0x20000298        -       0x00000004   Zero   RW          389    .bss.pxDelayedTaskList  tasks.o
    0x2000029c        -       0x00000004   Zero   RW          163    .bss.pxEnd          heap_4.o
    0x200002a0        -       0x00000004   Zero   RW          390    .bss.pxOverflowDelayedTaskList  tasks.o
    0x200002a4        -       0x00000004   Zero   RW          442    .bss.pxOverflowTimerList  timers.o
    0x200002a8        -       0x00000064   Zero   RW          381    .bss.pxReadyTasksLists  tasks.o
    0x2000030c        -       0x00002800   Zero   RW          171    .bss.ucHeap         heap_4.o
    0x20002b0c        -       0x00000004   Zero   RW          732    .bss.uxCriticalNesting  port.o
    0x20002b10        -       0x00000004   Zero   RW          376    .bss.uxCurrentNumberOfTasks  tasks.o
    0x20002b14        -       0x00000004   Zero   RW          375    .bss.uxDeletedTasksWaitingCleanUp  tasks.o
    0x20002b18        -       0x00000004   Zero   RW          378    .bss.uxSchedulerSuspended  tasks.o
    0x20002b1c        -       0x00000004   Zero   RW          373    .bss.uxTaskNumber   tasks.o
    0x20002b20        -       0x00000004   Zero   RW          382    .bss.uxTopReadyPriority  tasks.o
    0x20002b24        -       0x00000014   Zero   RW          444    .bss.xActiveTimerList1  timers.o
    0x20002b38        -       0x00000014   Zero   RW          445    .bss.xActiveTimerList2  timers.o
    0x20002b4c        -       0x00000001   Zero   RW          164    .bss.xBlockAllocatedBit  heap_4.o
    0x20002b4d   0x00003abc   0x00000003   PAD
    0x20002b50        -       0x00000014   Zero   RW          392    .bss.xDelayedTaskList1  tasks.o
    0x20002b64        -       0x00000014   Zero   RW          393    .bss.xDelayedTaskList2  tasks.o
    0x20002b78        -       0x00000004   Zero   RW          166    .bss.xFreeBytesRemaining  heap_4.o
    0x20002b7c        -       0x00000004   Zero   RW          386    .bss.xIdleTaskHandle  tasks.o
    0x20002b80        -       0x00000004   Zero   RW          168    .bss.xMinimumEverFreeBytesRemaining  heap_4.o
    0x20002b84        -       0x00000004   Zero   RW          387    .bss.xNextTaskUnblockTime  tasks.o
    0x20002b88        -       0x00000004   Zero   RW          391    .bss.xNumOfOverflows  tasks.o
    0x20002b8c        -       0x00000004   Zero   RW          169    .bss.xNumberOfSuccessfulAllocations  heap_4.o
    0x20002b90        -       0x00000004   Zero   RW          170    .bss.xNumberOfSuccessfulFrees  heap_4.o
    0x20002b94        -       0x00000004   Zero   RW          388    .bss.xPendedTicks   tasks.o
    0x20002b98        -       0x00000014   Zero   RW          385    .bss.xPendingReadyList  tasks.o
    0x20002bac        -       0x00000050   Zero   RW          227    .bss.xQueueRegistry  queue.o
    0x20002bfc        -       0x00000004   Zero   RW          377    .bss.xSchedulerRunning  tasks.o
    0x20002c00        -       0x00000008   Zero   RW          167    .bss.xStart         heap_4.o
    0x20002c08        -       0x00000014   Zero   RW          383    .bss.xSuspendedTaskList  tasks.o
    0x20002c1c        -       0x00000014   Zero   RW          374    .bss.xTasksWaitingTermination  tasks.o
    0x20002c30        -       0x00000004   Zero   RW          380    .bss.xTickCount     tasks.o
    0x20002c34        -       0x00000004   Zero   RW          438    .bss.xTimerQueue    timers.o
    0x20002c38        -       0x00000004   Zero   RW          439    .bss.xTimerTaskHandle  timers.o
    0x20002c3c        -       0x00000004   Zero   RW          384    .bss.xYieldPending  tasks.o


    Execution Region NOINIT (Exec base: 0x20002c40, Load base: 0x00003abc, Size: 0x0000001c, Max: 0xffffffff, ABSOLUTE, UNINIT)

    Exec Addr    Load Addr    Size         Type   Attr      Idx    E Section Name        Object

    0x20002c40        -       0x0000001c   Zero   RW          500    .bss.noinit         bsp_clocks.o


    Execution Region ARM_LIB_HEAP (Exec base: 0x20002c60, Load base: 0x00003ac0, Size: 0x00000000, Max: 0xffffffff, ABSOLUTE, UNINIT)

    **** No section assigned to this execution region ****


    Execution Region ARM_LIB_STACK (Exec base: 0x20002c60, Load base: 0x00003ac0, Size: 0x00000000, Max: 0x00000000, ABSOLUTE, UNINIT)

    Exec Addr    Load Addr    Size         Type   Attr      Idx    E Section Name        Object

    0x20002c60        -       0x00000000   Zero   RW            3    ARM_LIB_STACK.bss   anon$$obj.o


    Execution Region STACK (Exec base: 0x20002c60, Load base: 0x00003ac0, Size: 0x00000400, Max: 0xffffffff, ABSOLUTE, UNINIT)

    Exec Addr    Load Addr    Size         Type   Attr      Idx    E Section Name        Object

    0x20002c60        -       0x00000400   Zero   RW          458    .bss.stack          startup.o


    Execution Region RAM_END (Exec base: 0x20003060, Load base: 0x00003ac0, Size: 0x00000004, Max: 0x00000004, ABSOLUTE)

    Exec Addr    Load Addr    Size         Type   Attr      Idx    E Section Name        Object

    0x20003060        -       0x00000004   Zero   RW            4    RAM_END.bss         anon$$obj.o


    Execution Region __tz_RAM_C (Exec base: 0x20080000, Load base: 0x00003ac0, Size: 0x00000000, Max: 0x00000000, ABSOLUTE)

    Exec Addr    Load Addr    Size         Type   Attr      Idx    E Section Name        Object

    0x20080000        -       0x00000000   Zero   RW            5    __tz_RAM_C.bss      anon$$obj.o


    Execution Region __tz_RAM_N (Exec base: 0x20080000, Load base: 0x00003ac0, Size: 0x00000000, Max: 0x00000000, ABSOLUTE)

    Exec Addr    Load Addr    Size         Type   Attr      Idx    E Section Name        Object

    0x20080000        -       0x00000000   Zero   RW            6    __tz_RAM_N.bss      anon$$obj.o


    Execution Region RAM_LIMIT (Exec base: 0x20080000, Load base: 0x00003ac0, Size: 0x00000004, Max: 0x00000004, ABSOLUTE)

    Exec Addr    Load Addr    Size         Type   Attr      Idx    E Section Name        Object

    0x20080000        -       0x00000004   Zero   RW            7    RAM_LIMIT.bss       anon$$obj.o


    Execution Region OSPI_DEVICE_0_NO_LOAD (Exec base: 0x68000000, Load base: 0x00003ac0, Size: 0x00000000, Max: 0xffffffff, ABSOLUTE, UNINIT)

    **** No section assigned to this execution region ****


    Execution Region OSPI_DEVICE_1_NO_LOAD (Exec base: 0x70000000, Load base: 0x00003ac0, Size: 0x00000000, Max: 0xffffffff, ABSOLUTE, UNINIT)

    **** No section assigned to this execution region ****



  Load Region LOAD_REGION_NSC_FLASH (Base: 0x00006c00, Size: 0x00000000, Max: 0xffffffff, ABSOLUTE)

    Execution Region __tz_FLASH_C (Exec base: 0x00006c00, Load base: 0x00006c00, Size: 0x00000000, Max: 0x00000000, ABSOLUTE)

    Exec Addr    Load Addr    Size         Type   Attr      Idx    E Section Name        Object

    0x00006c00        -       0x00000000   Zero   RW            8    __tz_FLASH_C.bss    anon$$obj.o


    Execution Region EXEC_NSCR (Exec base: 0x00006c00, Load base: 0x00006c00, Size: 0x00000000, Max: 0xffffffff, ABSOLUTE, FIXED)

    **** No section assigned to this execution region ****


    Execution Region __tz_FLASH_N (Exec base: 0x00008000, Load base: 0x00006c00, Size: 0x00000000, Max: 0x00000000, ABSOLUTE)

    Exec Addr    Load Addr    Size         Type   Attr      Idx    E Section Name        Object

    0x00008000        -       0x00000000   Zero   RW            9    __tz_FLASH_N.bss    anon$$obj.o



  Load Region LOAD_REGION_ID_CODE (Base: 0x00000000, Size: 0x00000000, Max: 0x00000004, ABSOLUTE)

    Execution Region __tz_ID_CODE_S (Exec base: 0x00000000, Load base: 0x00000000, Size: 0x00000000, Max: 0x00000000, ABSOLUTE)

    Exec Addr    Load Addr    Size         Type   Attr      Idx    E Section Name        Object

    0x00000000        -       0x00000000   Zero   RW           10    __tz_ID_CODE_S.bss  anon$$obj.o


    Execution Region __tz_ID_CODE_N (Exec base: 0x00000000, Load base: 0x00000000, Size: 0x00000000, Max: 0x00000000, ABSOLUTE)

    Exec Addr    Load Addr    Size         Type   Attr      Idx    E Section Name        Object

    0x00000000        -       0x00000000   Zero   RW           11    __tz_ID_CODE_N.bss  anon$$obj.o



  Load Region LOAD_REGION_OPTION_SETTING (Base: 0x0100a100, Size: 0x00000080, Max: 0x00000100, ABSOLUTE)

    Execution Region __tz_OPTION_SETTING_S (Exec base: 0x0100a100, Load base: 0x0100a100, Size: 0x00000000, Max: 0x00000000, ABSOLUTE)

    Exec Addr    Load Addr    Size         Type   Attr      Idx    E Section Name        Object

    0x0100a100        -       0x00000000   Zero   RW           12    __tz_OPTION_SETTING_S.bss  anon$$obj.o


    Execution Region OFS0 (Exec base: 0x0100a100, Load base: 0x0100a100, Size: 0x00000004, Max: 0xffffffff, ABSOLUTE, FIXED)

    Exec Addr    Load Addr    Size         Type   Attr      Idx    E Section Name        Object

    0x0100a100   0x0100a100   0x00000004   Data   RO          583    .option_setting_ofs0  bsp_rom_registers.o


    Execution Region UNUSED_0 (Exec base: 0x0100a104, Load base: 0x0100a104, Size: 0x00000000, Max: 0x00000000, ABSOLUTE, FIXED)

    Exec Addr    Load Addr    Size         Type   Attr      Idx    E Section Name        Object

    0x0100a104        -       0x00000000   Zero   RW           13    UNUSED_0.bss        anon$$obj.o


    Execution Region OFS2 (Exec base: 0x0100a104, Load base: 0x0100a104, Size: 0x00000000, Max: 0xffffffff, ABSOLUTE, FIXED)

    **** No section assigned to this execution region ****


    Execution Region UNUSED_1 (Exec base: 0x0100a104, Load base: 0x0100a104, Size: 0x0000000c, Max: 0x0000000c, ABSOLUTE, FIXED)

    Exec Addr    Load Addr    Size         Type   Attr      Idx    E Section Name        Object

    0x0100a104        -       0x0000000c   Zero   RW           14    UNUSED_1.bss        anon$$obj.o


    Execution Region DUALSEL (Exec base: 0x0100a110, Load base: 0x0100a110, Size: 0x00000004, Max: 0xffffffff, ABSOLUTE, FIXED)

    Exec Addr    Load Addr    Size         Type   Attr      Idx    E Section Name        Object

    0x0100a110   0x0100a110   0x00000004   Data   RO          584    .option_setting_dualsel  bsp_rom_registers.o


    Execution Region UNUSED_2 (Exec base: 0x0100a114, Load base: 0x0100a114, Size: 0x00000020, Max: 0x00000020, ABSOLUTE, FIXED)

    Exec Addr    Load Addr    Size         Type   Attr      Idx    E Section Name        Object

    0x0100a114        -       0x00000020   Zero   RW           15    UNUSED_2.bss        anon$$obj.o


    Execution Region SAS (Exec base: 0x0100a134, Load base: 0x0100a134, Size: 0x00000004, Max: 0xffffffff, ABSOLUTE, FIXED)

    Exec Addr    Load Addr    Size         Type   Attr      Idx    E Section Name        Object

    0x0100a134   0x0100a134   0x00000004   Data   RO          585    .option_setting_sas  bsp_rom_registers.o


    Execution Region UNUSED_3 (Exec base: 0x0100a138, Load base: 0x0100a138, Size: 0x00000048, Max: 0x00000048, ABSOLUTE, FIXED)

    Exec Addr    Load Addr    Size         Type   Attr      Idx    E Section Name        Object

    0x0100a138        -       0x00000048   Zero   RW           16    UNUSED_3.bss        anon$$obj.o


    Execution Region __tz_OPTION_SETTING_N (Exec base: 0x0100a180, Load base: 0x0100a180, Size: 0x00000000, Max: 0x00000000, ABSOLUTE)

    Exec Addr    Load Addr    Size         Type   Attr      Idx    E Section Name        Object

    0x0100a180        -       0x00000000   Zero   RW           17    __tz_OPTION_SETTING_N.bss  anon$$obj.o



  Load Region LOAD_REGION_OPTION_SETTING_S (Base: 0x0100a200, Size: 0x00000100, Max: 0x00000100, ABSOLUTE)

    Execution Region __tz_OPTION_SETTING_S_S (Exec base: 0x0100a200, Load base: 0x0100a200, Size: 0x00000000, Max: 0x00000000, ABSOLUTE)

    Exec Addr    Load Addr    Size         Type   Attr      Idx    E Section Name        Object

    0x0100a200        -       0x00000000   Zero   RW           18    __tz_OPTION_SETTING_S_S.bss  anon$$obj.o


    Execution Region OFS1_SEC (Exec base: 0x0100a200, Load base: 0x0100a200, Size: 0x00000004, Max: 0xffffffff, ABSOLUTE, FIXED)

    Exec Addr    Load Addr    Size         Type   Attr      Idx    E Section Name        Object

    0x0100a200   0x0100a200   0x00000004   Data   RO          586    .option_setting_ofs1_sec  bsp_rom_registers.o


    Execution Region UNUSED_7 (Exec base: 0x0100a204, Load base: 0x0100a204, Size: 0x00000000, Max: 0x00000000, ABSOLUTE, FIXED)

    Exec Addr    Load Addr    Size         Type   Attr      Idx    E Section Name        Object

    0x0100a204        -       0x00000000   Zero   RW           19    UNUSED_7.bss        anon$$obj.o


    Execution Region OFS3_SEC (Exec base: 0x0100a204, Load base: 0x0100a204, Size: 0x00000000, Max: 0xffffffff, ABSOLUTE, FIXED)

    **** No section assigned to this execution region ****


    Execution Region UNUSED_8 (Exec base: 0x0100a204, Load base: 0x0100a204, Size: 0x0000000c, Max: 0x0000000c, ABSOLUTE, FIXED)

    Exec Addr    Load Addr    Size         Type   Attr      Idx    E Section Name        Object

    0x0100a204        -       0x0000000c   Zero   RW           20    UNUSED_8.bss        anon$$obj.o


    Execution Region BANKSEL_SEC (Exec base: 0x0100a210, Load base: 0x0100a210, Size: 0x00000004, Max: 0xffffffff, ABSOLUTE, FIXED)

    Exec Addr    Load Addr    Size         Type   Attr      Idx    E Section Name        Object

    0x0100a210   0x0100a210   0x00000004   Data   RO          587    .option_setting_banksel_sec  bsp_rom_registers.o


    Execution Region UNUSED_9 (Exec base: 0x0100a214, Load base: 0x0100a214, Size: 0x0000002c, Max: 0x0000002c, ABSOLUTE, FIXED)

    Exec Addr    Load Addr    Size         Type   Attr      Idx    E Section Name        Object

    0x0100a214        -       0x0000002c   Zero   RW           21    UNUSED_9.bss        anon$$obj.o


    Execution Region BPS_SEC (Exec base: 0x0100a240, Load base: 0x0100a240, Size: 0x00000010, Max: 0xffffffff, ABSOLUTE, FIXED)

    Exec Addr    Load Addr    Size         Type   Attr      Idx    E Section Name        Object

    0x0100a240   0x0100a240   0x00000004   Data   RO          588    .option_setting_bps_sec0  bsp_rom_registers.o
    0x0100a244   0x0100a244   0x00000004   Data   RO          589    .option_setting_bps_sec1  bsp_rom_registers.o
    0x0100a248   0x0100a248   0x00000004   Data   RO          590    .option_setting_bps_sec2  bsp_rom_registers.o
    0x0100a24c   0x0100a24c   0x00000004   Data   RO          591    .option_setting_bps_sec3  bsp_rom_registers.o


    Execution Region UNUSED_10 (Exec base: 0x0100a250, Load base: 0x0100a250, Size: 0x00000010, Max: 0x00000010, ABSOLUTE, FIXED)

    Exec Addr    Load Addr    Size         Type   Attr      Idx    E Section Name        Object

    0x0100a250        -       0x00000010   Zero   RW           22    UNUSED_10.bss       anon$$obj.o


    Execution Region PBPS_SEC (Exec base: 0x0100a260, Load base: 0x0100a260, Size: 0x00000010, Max: 0xffffffff, ABSOLUTE, FIXED)

    Exec Addr    Load Addr    Size         Type   Attr      Idx    E Section Name        Object

    0x0100a260   0x0100a260   0x00000004   Data   RO          592    .option_setting_pbps_sec0  bsp_rom_registers.o
    0x0100a264   0x0100a264   0x00000004   Data   RO          593    .option_setting_pbps_sec1  bsp_rom_registers.o
    0x0100a268   0x0100a268   0x00000004   Data   RO          594    .option_setting_pbps_sec2  bsp_rom_registers.o
    0x0100a26c   0x0100a26c   0x00000004   Data   RO          595    .option_setting_pbps_sec3  bsp_rom_registers.o


    Execution Region UNUSED_11 (Exec base: 0x0100a270, Load base: 0x0100a270, Size: 0x00000010, Max: 0x00000010, ABSOLUTE, FIXED)

    Exec Addr    Load Addr    Size         Type   Attr      Idx    E Section Name        Object

    0x0100a270        -       0x00000010   Zero   RW           23    UNUSED_11.bss       anon$$obj.o


    Execution Region OFS1_SEL (Exec base: 0x0100a280, Load base: 0x0100a280, Size: 0x00000004, Max: 0xffffffff, ABSOLUTE, FIXED)

    Exec Addr    Load Addr    Size         Type   Attr      Idx    E Section Name        Object

    0x0100a280   0x0100a280   0x00000004   Data   RO          596    .option_setting_ofs1_sel  bsp_rom_registers.o


    Execution Region UNUSED_12 (Exec base: 0x0100a284, Load base: 0x0100a284, Size: 0x00000000, Max: 0x00000000, ABSOLUTE, FIXED)

    Exec Addr    Load Addr    Size         Type   Attr      Idx    E Section Name        Object

    0x0100a284        -       0x00000000   Zero   RW           24    UNUSED_12.bss       anon$$obj.o


    Execution Region OFS3_SEL (Exec base: 0x0100a284, Load base: 0x0100a284, Size: 0x00000000, Max: 0xffffffff, ABSOLUTE, FIXED)

    **** No section assigned to this execution region ****


    Execution Region UNUSED_13 (Exec base: 0x0100a284, Load base: 0x0100a284, Size: 0x0000000c, Max: 0x0000000c, ABSOLUTE, FIXED)

    Exec Addr    Load Addr    Size         Type   Attr      Idx    E Section Name        Object

    0x0100a284        -       0x0000000c   Zero   RW           25    UNUSED_13.bss       anon$$obj.o


    Execution Region BANKSEL_SEL (Exec base: 0x0100a290, Load base: 0x0100a290, Size: 0x00000004, Max: 0xffffffff, ABSOLUTE, FIXED)

    Exec Addr    Load Addr    Size         Type   Attr      Idx    E Section Name        Object

    0x0100a290   0x0100a290   0x00000004   Data   RO          597    .option_setting_banksel_sel  bsp_rom_registers.o


    Execution Region UNUSED_14 (Exec base: 0x0100a294, Load base: 0x0100a294, Size: 0x0000002c, Max: 0x0000002c, ABSOLUTE, FIXED)

    Exec Addr    Load Addr    Size         Type   Attr      Idx    E Section Name        Object

    0x0100a294        -       0x0000002c   Zero   RW           26    UNUSED_14.bss       anon$$obj.o


    Execution Region BPS_SEL (Exec base: 0x0100a2c0, Load base: 0x0100a2c0, Size: 0x00000010, Max: 0xffffffff, ABSOLUTE, FIXED)

    Exec Addr    Load Addr    Size         Type   Attr      Idx    E Section Name        Object

    0x0100a2c0   0x0100a2c0   0x00000004   Data   RO          598    .option_setting_bps_sel0  bsp_rom_registers.o
    0x0100a2c4   0x0100a2c4   0x00000004   Data   RO          599    .option_setting_bps_sel1  bsp_rom_registers.o
    0x0100a2c8   0x0100a2c8   0x00000004   Data   RO          600    .option_setting_bps_sel2  bsp_rom_registers.o
    0x0100a2cc   0x0100a2cc   0x00000004   Data   RO          601    .option_setting_bps_sel3  bsp_rom_registers.o


    Execution Region UNUSED_15 (Exec base: 0x0100a2d0, Load base: 0x0100a2d0, Size: 0x00000030, Max: 0x00000030, ABSOLUTE, FIXED)

    Exec Addr    Load Addr    Size         Type   Attr      Idx    E Section Name        Object

    0x0100a2d0        -       0x00000030   Zero   RW           27    UNUSED_15.bss       anon$$obj.o


    Execution Region __tz_OPTION_SETTING_S_N (Exec base: 0x0100a300, Load base: 0x0100a300, Size: 0x00000000, Max: 0x00000000, ABSOLUTE)

    Exec Addr    Load Addr    Size         Type   Attr      Idx    E Section Name        Object

    0x0100a300        -       0x00000000   Zero   RW           28    __tz_OPTION_SETTING_S_N.bss  anon$$obj.o



  Load Region LOAD_REGION_DATA_FLASH (Base: 0x08000000, Size: 0x00000000, Max: 0x00002000, ABSOLUTE)

    Execution Region __tz_DATA_FLASH_S (Exec base: 0x08000000, Load base: 0x08000000, Size: 0x00000000, Max: 0x00000000, ABSOLUTE)

    Exec Addr    Load Addr    Size         Type   Attr      Idx    E Section Name        Object

    0x08000000        -       0x00000000   Zero   RW           29    __tz_DATA_FLASH_S.bss  anon$$obj.o


    Execution Region DATA_FLASH (Exec base: 0x08000000, Load base: 0x08000000, Size: 0x00000000, Max: 0xffffffff, ABSOLUTE)

    **** No section assigned to this execution region ****


    Execution Region __tz_DATA_FLASH_N (Exec base: 0x08000000, Load base: 0x08000000, Size: 0x00000000, Max: 0x00000000, ABSOLUTE)

    Exec Addr    Load Addr    Size         Type   Attr      Idx    E Section Name        Object

    0x08000000        -       0x00000000   Zero   RW           30    __tz_DATA_FLASH_N.bss  anon$$obj.o



  Load Region LOAD_REGION_QSPI_FLASH (Base: 0x60000000, Size: 0x00000000, Max: 0x04000000, ABSOLUTE)

    Execution Region __tz_QSPI_FLASH_S (Exec base: 0x60000000, Load base: 0x60000000, Size: 0x00000000, Max: 0x00000000, ABSOLUTE)

    Exec Addr    Load Addr    Size         Type   Attr      Idx    E Section Name        Object

    0x60000000        -       0x00000000   Zero   RW           31    __tz_QSPI_FLASH_S.bss  anon$$obj.o


    Execution Region QSPI_FLASH (Exec base: 0x60000000, Load base: 0x60000000, Size: 0x00000000, Max: 0xffffffff, ABSOLUTE, FIXED)

    **** No section assigned to this execution region ****


    Execution Region __tz_QSPI_FLASH_N (Exec base: 0x60000000, Load base: 0x60000000, Size: 0x00000000, Max: 0x00000000, ABSOLUTE)

    Exec Addr    Load Addr    Size         Type   Attr      Idx    E Section Name        Object

    0x60000000        -       0x00000000   Zero   RW           32    __tz_QSPI_FLASH_N.bss  anon$$obj.o



  Load Region LOAD_REGION_OSPI_DEVICE_0 (Base: 0x68000000, Size: 0x00000000, Max: 0x08000000, ABSOLUTE)

    Execution Region __tz_OSPI_DEVICE_0_S (Exec base: 0x68000000, Load base: 0x68000000, Size: 0x00000000, Max: 0x00000000, ABSOLUTE)

    Exec Addr    Load Addr    Size         Type   Attr      Idx    E Section Name        Object

    0x68000000        -       0x00000000   Zero   RW           33    __tz_OSPI_DEVICE_0_S.bss  anon$$obj.o


    Execution Region OSPI_DEVICE_0 (Exec base: 0x68000000, Load base: 0x68000000, Size: 0x00000000, Max: 0xffffffff, ABSOLUTE, FIXED)

    **** No section assigned to this execution region ****


    Execution Region __tz_OSPI_DEVICE_0_N (Exec base: 0x68000000, Load base: 0x68000000, Size: 0x00000000, Max: 0x00000000, ABSOLUTE)

    Exec Addr    Load Addr    Size         Type   Attr      Idx    E Section Name        Object

    0x68000000        -       0x00000000   Zero   RW           34    __tz_OSPI_DEVICE_0_N.bss  anon$$obj.o



  Load Region LOAD_REGION_OSPI_DEVICE_1 (Base: 0x70000000, Size: 0x00000000, Max: 0x10000000, ABSOLUTE)

    Execution Region __tz_OSPI_DEVICE_1_S (Exec base: 0x70000000, Load base: 0x70000000, Size: 0x00000000, Max: 0x00000000, ABSOLUTE)

    Exec Addr    Load Addr    Size         Type   Attr      Idx    E Section Name        Object

    0x70000000        -       0x00000000   Zero   RW           35    __tz_OSPI_DEVICE_1_S.bss  anon$$obj.o


    Execution Region OSPI_DEVICE_1 (Exec base: 0x70000000, Load base: 0x70000000, Size: 0x00000000, Max: 0xffffffff, ABSOLUTE, FIXED)

    **** No section assigned to this execution region ****


    Execution Region __tz_OSPI_DEVICE_1_N (Exec base: 0x70000000, Load base: 0x70000000, Size: 0x00000000, Max: 0x00000000, ABSOLUTE)

    Exec Addr    Load Addr    Size         Type   Attr      Idx    E Section Name        Object

    0x70000000        -       0x00000000   Zero   RW           36    __tz_OSPI_DEVICE_1_N.bss  anon$$obj.o



  Load Region LOAD_REGION_SDRAM (Base: 0x80010000, Size: 0x00000000, Max: 0x00000000, ABSOLUTE)

    Execution Region __tz_SDRAM_S (Exec base: 0x80010000, Load base: 0x80010000, Size: 0x00000000, Max: 0x00000000, ABSOLUTE)

    Exec Addr    Load Addr    Size         Type   Attr      Idx    E Section Name        Object

    0x80010000        -       0x00000000   Zero   RW           37    __tz_SDRAM_S.bss    anon$$obj.o


    Execution Region SDRAM (Exec base: 0x80010000, Load base: 0x80010000, Size: 0x00000000, Max: 0xffffffff, ABSOLUTE, FIXED)

    **** No section assigned to this execution region ****


    Execution Region __tz_SDRAM_N (Exec base: 0x80010000, Load base: 0x80010000, Size: 0x00000000, Max: 0x00000000, ABSOLUTE)

    Exec Addr    Load Addr    Size         Type   Attr      Idx    E Section Name        Object

    0x80010000        -       0x00000000   Zero   RW           38    __tz_SDRAM_N.bss    anon$$obj.o


==============================================================================

Image component sizes


      Code (inc. data)   RO Data    RW Data    ZI Data      Debug   Object Name

       394          0          0          0         28      31986   bsp_clocks.o
         8          0         78          0          0       9690   bsp_common.o
        96          0          0          0          0       1730   bsp_delay.o
        54          0          0          0         64      13480   bsp_group_irq.o
         0          0          0          0          4        552   bsp_io.o
       146          0          0          0        384      17061   bsp_irq.o
       160          0          8          0          8      20729   bsp_register_protection.o
         0          0         76          0          0       1215   bsp_rom_registers.o
         2          0         12          0          8      17538   common_data.o
       202          0         56         16          0      17033   drv_gpio.o
       196         64          0          0         85      10428   drv_uart.o
         4          0        120          4         48      29883   hal_data.o
        28          0          0          0          0      16562   hal_entry.o
       778        196        107          0      10269       4917   heap_4.o
       114         12          4          0          4       1533   led_thread.o
        52          8          0          0          0       1066   led_thread_entry.o
       120          0          0          0          0       2248   list.o
       114         12          4          0          4       1533   log_thread.o
        40         12          0          0          0        799   log_thread_entry.o
       172          0          0          0          9       1481   main.o
         0          0         48          0          0       8025   pin_data.o
       688         52        154          0          8      26273   port.o
      1928         56        630          0         80      18314   queue.o
       892         12         52          0          0      50390   r_ioport.o
      1720          0         36          0          0      67341   r_sci_uart.o
        14          0         64          0       1024        985   startup.o
       204          0          0          0          4       3921   system.o
      2656        104        424          0        260      27107   tasks.o
       872         74         97          0         60      11429   timers.o
         0          0        768          0          0       9655   vector_data.o

    ----------------------------------------------------------------------
     11700        602       2740         20      12676     424904   Object Totals
         0          0          0          0        316          0   (incl. Generated)
        46          0          2          0          9          0   (incl. Padding)

    ----------------------------------------------------------------------

      Code (inc. data)   RO Data    RW Data    ZI Data      Debug   Library Member Name

        36          0          0          0          0         68   memcpya.o
        36          0          0          0          0        108   memseta.o
       472         14          0          0          0        184   printf3.o
        36          6          0          0          0         80   puts.o
        28          0          0          0          0         76   strcmp.o
        44          0          0          0          0         80   uidiv.o

    ----------------------------------------------------------------------
       652         20          0          0          0        596   Library Totals
         0          0          0          0          0          0   (incl. Padding)

    ----------------------------------------------------------------------

      Code (inc. data)   RO Data    RW Data    ZI Data      Debug   Library Name

       652         20          0          0          0        596   mc_w.l

    ----------------------------------------------------------------------
       652         20          0          0          0        596   Library Totals

    ----------------------------------------------------------------------

==============================================================================


      Code (inc. data)   RO Data    RW Data    ZI Data      Debug   

     12352        622       2740         20      12676     424740   Grand Totals
     12352        622       2740         20      12676     424740   ELF Image Totals
     12352        622       2740         20          0          0   ROM Totals

==============================================================================

    Total RO  Size (Code + RO Data)                15092 (  14.74kB)
    Total RW  Size (RW Data + ZI Data)             12696 (  12.40kB)
    Total ROM Size (Code + RO Data + RW Data)      15112 (  14.76kB)

==============================================================================

