<html>
<body>
<pre>
<h1>µVision Build Log</h1>
<h2>Tool Versions:</h2>
IDE-Version: ¦ÌVision V5.43.1.0
Copyright (C) 2025 ARM Ltd and ARM Germany GmbH. All rights reserved.
License Information: 1 frieren, 1, LIC=X96CK-Z2U3N-Y85FK-ZD7SH-LB2K2-M0ELS
 
Tool Versions:
Toolchain:       MDK-ARM Plus  Version: 5.43.0.0
Toolchain Path:  D:\UVsion5.32\Core\ARM\ARMCLANG\Bin
C Compiler:      ArmClang.exe V6.24
Assembler:       Armasm.exe V6.24
Linker/Locator:  ArmLink.exe V6.24
Library Manager: ArmAr.exe V6.24
Hex Converter:   FromElf.exe V6.24
CPU DLL:         
Dialog DLL:      
Target DLL:      CMSIS_AGDI_V8M.DLL V1.8.8.0
Dialog DLL:      TCM.DLL V1.56.6.0
 
<h2>Project:</h2>
G:\Renesas_FSP_data\BaiWen_RA6M5BF\0501_freertos\freertos.uvprojx
Project File Date:  02/22/2026

<h2>Output:</h2>
*** Using Compiler 'V6.24', folder: 'D:\UVsion5.32\Core\ARM\ARMCLANG\Bin'
Rebuild target 'Target 1'
compiling drv_gpio.c...
compiling system.c...
compiling log_thread_entry.c...
compiling hal_entry.c...
compiling bsp_rom_registers.c...
compiling bsp_sbrk.c...
compiling list.c...
compiling bsp_guard.c...
compiling stream_buffer.c...
compiling bsp_delay.c...
compiling drv_uart.c...
compiling bsp_register_protection.c...
compiling bsp_io.c...
compiling event_groups.c...
compiling bsp_group_irq.c...
compiling startup.c...
compiling led_thread_entry.c...
compiling bsp_security.c...
compiling bsp_common.c...
compiling bsp_irq.c...
compiling bsp_clocks.c...
compiling r_ioport.c...
compiling heap_4.c...
compiling timers.c...
compiling port.c...
compiling queue.c...
compiling hal_data.c...
compiling common_data.c...
compiling r_sci_uart.c...
compiling led_thread.c...
compiling log_thread.c...
compiling tasks.c...
compiling main.c...
compiling pin_data.c...
compiling vector_data.c...
linking...
Program Size: Code=12352 RO-data=2740 RW-data=20 ZI-data=12676  
After Build - User command #1: cmd /c "start "Renesas" /w cmd /c ""D:/UVsion5.32/Pack/Renesas/RA_DFP/4.5.0/launcher\rasc_launcher.bat" "G:\Renesas_FSP_data\BaiWen_RA6M5BF\0501_freertos\rasc_version.txt" -nosplash --launcher.suppressErrors --gensmartbundle --compiler ARMv6 "G:\Renesas_FSP_data\BaiWen_RA6M5BF\0501_freertos\configuration.xml" "G:\Renesas_FSP_data\BaiWen_RA6M5BF\0501_freertos\Objects\freertos.axf" 2> "%TEMP%\rasc_stderr.out"""
^C
".\Objects\freertos.axf" - 0 Error(s), 0 Warning(s).

<h2>Software Packages used:</h2>

Package Vendor: Renesas
                
                Renesas::Project Content@1.0.0
                Project content managed by the Renesas Smart Configurator
   * Component: Build Configuration Version: 
   * Component: ra Version: 
   * Component: Generated Data Version: 
   * Component: Linker Script Version: 

Package Vendor: Renesas
                https://www2.renesas.eu/Keil_MDK_Packs/Renesas.RA_DFP.4.5.0.pack
                Renesas::RA_DFP@4.5.0
                Renesas RA series device family pack
   * Component: RA Configuration Version: 1.0.0

<h2>Collection of Component include folders:</h2>
  ./RTE/_Target_1
  ./ra/arm/CMSIS_5/CMSIS/Core/Include
  ./ra/aws/FreeRTOS/FreeRTOS/Source/include
  ./ra/fsp/inc
  ./ra/fsp/inc/api
  ./ra/fsp/inc/instances
  ./ra/fsp/src/rm_freertos_port
  ./ra_cfg/aws
  ./ra_cfg/fsp_cfg
  ./ra_cfg/fsp_cfg/bsp
  ./ra_gen
  G:/Renesas_FSP_data/BaiWen_RA6M5BF/0501_freertos

<h2>Collection of Component Files used:</h2>

   * Component: Renesas::Flex Software:Build Configuration
      Include file:  ra_cfg/fsp_cfg/bsp/bsp_cfg.h
      Include file:  ra_cfg/fsp_cfg/bsp/bsp_mcu_device_pn_cfg.h
      Include file:  ra_cfg/fsp_cfg/bsp/board_cfg.h
      Include file:  ra_cfg/fsp_cfg/bsp/bsp_mcu_family_cfg.h
      Include file:  ra_cfg/aws/FreeRTOSConfig.h
      Include file:  ra_cfg/fsp_cfg/bsp/bsp_mcu_device_cfg.h
      Include file:  ra_cfg/fsp_cfg/r_ioport_cfg.h
      Include file:  ra_cfg/fsp_cfg/r_sci_uart_cfg.h
      Include file:  ra_cfg/fsp_cfg/bsp/bsp_pin_cfg.h

   * Component: Renesas::Flex Software:Components:ra
      Include file:  ra/fsp/inc/instances/r_ioport.h
      Include file:  ra/fsp/inc/instances/r_sci_uart.h
      Include file:  ra/fsp/src/bsp/cmsis/Device/RENESAS/Include/R7FA6M5BH.h
      Include file:  ra/fsp/src/bsp/cmsis/Device/RENESAS/Include/renesas.h
      Include file:  ra/fsp/src/bsp/mcu/all/bsp_arm_exceptions.h
      Source file:   ra/fsp/src/bsp/mcu/all/bsp_common.c
      Source file:   ra/fsp/src/bsp/mcu/all/bsp_group_irq.c
      Include file:  ra/fsp/inc/api/r_uart_api.h
      Source file:   ra/fsp/src/bsp/cmsis/Device/RENESAS/Source/startup.c
      Source file:   ra/fsp/src/bsp/mcu/all/bsp_clocks.c
      Include file:  ra/fsp/inc/fsp_version.h
      Include file:  ra/fsp/src/bsp/mcu/all/bsp_common.h
      Include file:  ra/fsp/inc/api/r_transfer_api.h
      Include file:  ra/fsp/src/bsp/mcu/all/bsp_clocks.h
      Include file:  ra/fsp/src/bsp/mcu/all/bsp_compiler_support.h
      Include file:  ra/fsp/inc/fsp_features.h
      Source file:   ra/aws/FreeRTOS/FreeRTOS/Source/timers.c
      Source file:   ra/fsp/src/bsp/mcu/all/bsp_delay.c
      Source file:   ra/aws/FreeRTOS/FreeRTOS/Source/tasks.c
      Include file:  ra/fsp/src/bsp/mcu/all/bsp_delay.h
      Include file:  ra/fsp/src/bsp/mcu/all/bsp_group_irq.h
      Source file:   ra/aws/FreeRTOS/FreeRTOS/Source/list.c
      Source file:   ra/aws/FreeRTOS/FreeRTOS/Source/stream_buffer.c
      Include file:  ra/fsp/inc/api/r_ioport_api.h
      Include file:  ra/fsp/src/bsp/cmsis/Device/RENESAS/Include/system.h
      Source file:   ra/fsp/src/bsp/cmsis/Device/RENESAS/Source/system.c
      Include file:  ra/fsp/inc/api/bsp_api.h
      Include file:  ra/fsp/inc/fsp_common_api.h
      Source file:   ra/aws/FreeRTOS/FreeRTOS/Source/portable/MemMang/heap_4.c
      Source file:   ra/aws/FreeRTOS/FreeRTOS/Source/queue.c
      Source file:   ra/fsp/src/bsp/mcu/all/bsp_io.c
      Include file:  ra/fsp/src/bsp/mcu/all/bsp_irq.h
      Include file:  ra/fsp/src/bsp/mcu/all/bsp_tfu.h
      Include file:  ra/fsp/src/bsp/mcu/ra6m5/bsp_feature.h
      Source file:   ra/fsp/src/bsp/mcu/all/bsp_rom_registers.c
      Source file:   ra/fsp/src/r_sci_uart/r_sci_uart.c
      Source file:   ra/fsp/src/bsp/mcu/all/bsp_sbrk.c
      Include file:  ra/fsp/src/bsp/mcu/all/bsp_module_stop.h
      Include file:  ra/fsp/src/bsp/mcu/all/bsp_guard.h
      Include file:  ra/fsp/src/bsp/mcu/all/bsp_security.h
      Include file:  ra/fsp/src/bsp/mcu/all/bsp_register_protection.h
      Source file:   ra/fsp/src/bsp/mcu/all/bsp_register_protection.c
      Include file:  ra/fsp/src/bsp/mcu/all/bsp_io.h
      Source file:   ra/fsp/src/r_ioport/r_ioport.c
      Include file:  ra/fsp/src/bsp/mcu/ra6m5/bsp_elc.h
      Source file:   ra/fsp/src/rm_freertos_port/port.c
      Include file:  ra/fsp/src/bsp/mcu/all/bsp_mcu_api.h
      Source file:   ra/fsp/src/bsp/mcu/all/bsp_security.c
      Source file:   ra/fsp/src/bsp/mcu/all/bsp_irq.c
      Include file:  ra/fsp/src/rm_freertos_port/portmacro.h
      Source file:   ra/fsp/src/bsp/mcu/all/bsp_guard.c
      Include file:  ra/fsp/src/bsp/mcu/ra6m5/bsp_mcu_info.h
      Include file:  ra/arm/CMSIS_5/CMSIS/Core/Include/cmsis_armclang_ltm.h
      Include file:  ra/arm/CMSIS_5/CMSIS/Core/Include/cmsis_compiler.h
      Include file:  ra/arm/CMSIS_5/CMSIS/Core/Include/cmsis_gcc.h
      Include file:  ra/arm/CMSIS_5/CMSIS/Core/Include/cmsis_armclang.h
      Include file:  ra/arm/CMSIS_5/CMSIS/Core/Include/cmsis_iccarm.h
      Include file:  ra/arm/CMSIS_5/CMSIS/Core/Include/core_armv81mml.h
      Include file:  ra/arm/CMSIS_5/CMSIS/Core/Include/core_armv8mml.h
      Include file:  ra/arm/CMSIS_5/CMSIS/Core/Include/cmsis_version.h
      Include file:  ra/arm/CMSIS_5/CMSIS/Core/Include/core_armv8mbl.h
      Include file:  ra/arm/CMSIS_5/CMSIS/Core/Include/core_cm0.h
      Include file:  ra/arm/CMSIS_5/CMSIS/Core/Include/core_cm0plus.h
      Include file:  ra/arm/CMSIS_5/CMSIS/Core/Include/cmsis_armcc.h
      Include file:  ra/arm/CMSIS_5/CMSIS/Core/Include/core_cm1.h
      Include file:  ra/arm/CMSIS_5/CMSIS/Core/Include/core_cm23.h
      Include file:  ra/arm/CMSIS_5/CMSIS/Core/Include/cachel1_armv7.h
      Include file:  ra/arm/CMSIS_5/CMSIS/Core/Include/core_cm33.h
      Include file:  ra/arm/CMSIS_5/CMSIS/Core/Include/core_cm4.h
      Include file:  ra/aws/FreeRTOS/FreeRTOS/Source/include/mpu_prototypes.h
      Include file:  ra/arm/CMSIS_5/CMSIS/Core/Include/core_sc000.h
      Include file:  ra/arm/CMSIS_5/CMSIS/Core/Include/core_starmc1.h
      Include file:  ra/arm/CMSIS_5/CMSIS/Core/Include/pmu_armv8.h
      Include file:  ra/arm/CMSIS_5/CMSIS/Core/Include/core_sc300.h
      Include file:  ra/arm/CMSIS_5/CMSIS/Core/Include/pac_armv81.h
      Include file:  ra/arm/CMSIS_5/CMSIS/Core/Include/mpu_armv8.h
      Include file:  ra/arm/CMSIS_5/CMSIS/Core/Include/tz_context.h
      Include file:  ra/aws/FreeRTOS/FreeRTOS/Source/include/atomic.h
      Include file:  ra/aws/FreeRTOS/FreeRTOS/Source/include/message_buffer.h
      Include file:  ra/aws/FreeRTOS/FreeRTOS/Source/include/projdefs.h
      Source file:   ra/aws/FreeRTOS/FreeRTOS/Source/event_groups.c
      Include file:  ra/aws/FreeRTOS/FreeRTOS/Source/include/queue.h
      Include file:  ra/arm/CMSIS_5/CMSIS/Core/Include/core_cm3.h
      Include file:  ra/aws/FreeRTOS/FreeRTOS/Source/include/mpu_wrappers.h
      Include file:  ra/arm/CMSIS_5/CMSIS/Core/Include/core_cm55.h
      Include file:  ra/aws/FreeRTOS/FreeRTOS/Source/include/semphr.h
      Include file:  ra/aws/FreeRTOS/FreeRTOS/Source/include/stack_macros.h
      Include file:  ra/arm/CMSIS_5/CMSIS/Core/Include/core_cm7.h
      Include file:  ra/aws/FreeRTOS/FreeRTOS/Source/include/stream_buffer.h
      Include file:  ra/arm/CMSIS_5/CMSIS/Core/Include/core_cm85.h
      Include file:  ra/aws/FreeRTOS/FreeRTOS/Source/include/task.h
      Include file:  ra/aws/FreeRTOS/FreeRTOS/Source/include/FreeRTOS.h
      Include file:  ra/arm/CMSIS_5/CMSIS/Core/Include/core_cm35p.h
      Include file:  ra/aws/FreeRTOS/FreeRTOS/Source/include/portable.h
      Include file:  ra/aws/FreeRTOS/FreeRTOS/Source/include/deprecated_definitions.h
      Include file:  ra/arm/CMSIS_5/CMSIS/Core/Include/mpu_armv7.h
      Include file:  ra/aws/FreeRTOS/FreeRTOS/Source/include/event_groups.h
      Include file:  ra/aws/FreeRTOS/FreeRTOS/Source/include/list.h
      Include file:  ra/aws/FreeRTOS/FreeRTOS/Source/include/timers.h

   * Component: Renesas::Flex Software:Generated Data
      Include file:  ra_gen/hal_data.h
      Source file:   ra_gen/led_thread.c
      Include file:  ra_gen/bsp_clock_cfg.h
      Source file:   ra_gen/hal_data.c
      Source file:   ra_gen/pin_data.c
      Include file:  ra_gen/vector_data.h
      Source file:   ra_gen/vector_data.c
      Source file:   ra_gen/common_data.c
      Source file:   ra_gen/log_thread.c
      Include file:  ra_gen/led_thread.h
      Include file:  ra_gen/log_thread.h
      Include file:  ra_gen/common_data.h
      Source file:   ra_gen/main.c

   * Component: Renesas::Flex Software:Linker Script

   * Component: Renesas::Flex Software:RA Configuration@1.0.0
Build Time Elapsed:  00:00:26
</pre>
</body>
</html>
